[0.554s] Invoking command in '/home/w/projects/projects/gps_ws/src/vision': PYTHONPATH=/home/w/projects/projects/gps_ws/build/vision/prefix_override:/usr/lib/python3/dist-packages/colcon_core/task/python/colcon_distutils_commands:/home/w/projects/projects/gps_ws/install/vision/lib/python3.10/site-packages:${PYTHONPATH} /usr/bin/python3 -W ignore:setup.py install is deprecated -W ignore:easy_install command is deprecated setup.py egg_info --egg-base ../../build/vision build --build-base /home/w/projects/projects/gps_ws/build/vision/build install --record /home/w/projects/projects/gps_ws/build/vision/install.log --single-version-externally-managed install_data
[0.748s] running egg_info
[0.748s] writing ../../build/vision/vision.egg-info/PKG-INFO
[0.748s] writing dependency_links to ../../build/vision/vision.egg-info/dependency_links.txt
[0.748s] writing entry points to ../../build/vision/vision.egg-info/entry_points.txt
[0.748s] writing requirements to ../../build/vision/vision.egg-info/requires.txt
[0.748s] writing top-level names to ../../build/vision/vision.egg-info/top_level.txt
[0.750s] reading manifest file '../../build/vision/vision.egg-info/SOURCES.txt'
[0.750s] writing manifest file '../../build/vision/vision.egg-info/SOURCES.txt'
[0.750s] running build
[0.750s] running build_py
[0.750s] running install
[0.751s] running install_lib
[0.751s] running install_data
[0.751s] running install_egg_info
[0.753s] removing '/home/w/projects/projects/gps_ws/install/vision/lib/python3.10/site-packages/vision-0.0.0-py3.10.egg-info' (and everything under it)
[0.753s] Copying ../../build/vision/vision.egg-info to /home/w/projects/projects/gps_ws/install/vision/lib/python3.10/site-packages/vision-0.0.0-py3.10.egg-info
[0.753s] running install_scripts
[0.768s] Installing vision_node script to /home/w/projects/projects/gps_ws/install/vision/lib/vision
[0.768s] writing list of installed files to '/home/w/projects/projects/gps_ws/build/vision/install.log'
[0.787s] Invoked command in '/home/w/projects/projects/gps_ws/src/vision' returned '0': PYTHONPATH=/home/w/projects/projects/gps_ws/build/vision/prefix_override:/usr/lib/python3/dist-packages/colcon_core/task/python/colcon_distutils_commands:/home/w/projects/projects/gps_ws/install/vision/lib/python3.10/site-packages:${PYTHONPATH} /usr/bin/python3 -W ignore:setup.py install is deprecated -W ignore:easy_install command is deprecated setup.py egg_info --egg-base ../../build/vision build --build-base /home/w/projects/projects/gps_ws/build/vision/build install --record /home/w/projects/projects/gps_ws/build/vision/install.log --single-version-externally-managed install_data
