[0.075s] colcon DEBUG Command line arguments: ['/usr/bin/colcon', 'build', '--packages-select', 'gps']
[0.076s] colcon DEBUG Parsed command line arguments: Namespace(log_base=None, log_level=None, verb_name='build', build_base='build', install_base='install', merge_install=False, symlink_install=False, test_result_base=None, continue_on_error=False, executor='parallel', parallel_workers=16, event_handlers=None, ignore_user_meta=False, metas=['./colcon.meta'], base_paths=['.'], packages_ignore=None, packages_ignore_regex=None, paths=None, packages_up_to=None, packages_up_to_regex=None, packages_above=None, packages_above_and_dependencies=None, packages_above_depth=None, packages_select_by_dep=None, packages_skip_by_dep=None, packages_skip_up_to=None, packages_select_build_failed=False, packages_skip_build_finished=False, packages_select_test_failures=False, packages_skip_test_passed=False, packages_select=['gps'], packages_skip=None, packages_select_regex=None, packages_skip_regex=None, packages_start=None, packages_end=None, allow_overriding=[], cmake_args=None, cmake_target=None, cmake_target_skip_unavailable=False, cmake_clean_cache=False, cmake_clean_first=False, cmake_force_configure=False, ament_cmake_args=None, catkin_cmake_args=None, catkin_skip_building_tests=False, mixin_files=None, mixin=None, verb_parser=<colcon_mixin.mixin.mixin_argument.MixinArgumentDecorator object at 0x74c5ba64a260>, verb_extension=<colcon_core.verb.build.BuildVerb object at 0x74c5ba7478e0>, main=<bound method BuildVerb.main of <colcon_core.verb.build.BuildVerb object at 0x74c5ba7478e0>>, mixin_verb=('build',))
[0.185s] colcon.colcon_core.package_discovery Level 1 discover_packages(colcon_meta) check parameters
[0.185s] colcon.colcon_core.package_discovery Level 1 discover_packages(recursive) check parameters
[0.185s] colcon.colcon_core.package_discovery Level 1 discover_packages(ignore) check parameters
[0.185s] colcon.colcon_core.package_discovery Level 1 discover_packages(path) check parameters
[0.185s] colcon.colcon_core.package_discovery Level 1 discover_packages(colcon_meta) discover
[0.185s] colcon.colcon_core.package_discovery Level 1 discover_packages(recursive) discover
[0.185s] colcon.colcon_core.package_discovery INFO Crawling recursively for packages in '/home/w/projects/projects/gps_ws'
[0.185s] colcon.colcon_core.package_identification Level 1 _identify(.) by extensions ['ignore', 'ignore_ament_install']
[0.185s] colcon.colcon_core.package_identification Level 1 _identify(.) by extension 'ignore'
[0.185s] colcon.colcon_core.package_identification Level 1 _identify(.) by extension 'ignore_ament_install'
[0.185s] colcon.colcon_core.package_identification Level 1 _identify(.) by extensions ['colcon_pkg']
[0.185s] colcon.colcon_core.package_identification Level 1 _identify(.) by extension 'colcon_pkg'
[0.185s] colcon.colcon_core.package_identification Level 1 _identify(.) by extensions ['colcon_meta']
[0.185s] colcon.colcon_core.package_identification Level 1 _identify(.) by extension 'colcon_meta'
[0.185s] colcon.colcon_core.package_identification Level 1 _identify(.) by extensions ['ros']
[0.185s] colcon.colcon_core.package_identification Level 1 _identify(.) by extension 'ros'
[0.207s] colcon.colcon_core.package_identification Level 1 _identify(.) by extensions ['cmake', 'python']
[0.207s] colcon.colcon_core.package_identification Level 1 _identify(.) by extension 'cmake'
[0.207s] colcon.colcon_core.package_identification Level 1 _identify(.) by extension 'python'
[0.207s] colcon.colcon_core.package_identification Level 1 _identify(.) by extensions ['python_setup_py']
[0.207s] colcon.colcon_core.package_identification Level 1 _identify(.) by extension 'python_setup_py'
[0.207s] colcon.colcon_core.package_identification Level 1 _identify(assets) by extensions ['ignore', 'ignore_ament_install']
[0.207s] colcon.colcon_core.package_identification Level 1 _identify(assets) by extension 'ignore'
[0.207s] colcon.colcon_core.package_identification Level 1 _identify(assets) by extension 'ignore_ament_install'
[0.208s] colcon.colcon_core.package_identification Level 1 _identify(assets) by extensions ['colcon_pkg']
[0.208s] colcon.colcon_core.package_identification Level 1 _identify(assets) by extension 'colcon_pkg'
[0.208s] colcon.colcon_core.package_identification Level 1 _identify(assets) by extensions ['colcon_meta']
[0.208s] colcon.colcon_core.package_identification Level 1 _identify(assets) by extension 'colcon_meta'
[0.208s] colcon.colcon_core.package_identification Level 1 _identify(assets) by extensions ['ros']
[0.208s] colcon.colcon_core.package_identification Level 1 _identify(assets) by extension 'ros'
[0.208s] colcon.colcon_core.package_identification Level 1 _identify(assets) by extensions ['cmake', 'python']
[0.208s] colcon.colcon_core.package_identification Level 1 _identify(assets) by extension 'cmake'
[0.208s] colcon.colcon_core.package_identification Level 1 _identify(assets) by extension 'python'
[0.208s] colcon.colcon_core.package_identification Level 1 _identify(assets) by extensions ['python_setup_py']
[0.208s] colcon.colcon_core.package_identification Level 1 _identify(assets) by extension 'python_setup_py'
[0.208s] colcon.colcon_core.package_identification Level 1 _identify(assets/data) by extensions ['ignore', 'ignore_ament_install']
[0.208s] colcon.colcon_core.package_identification Level 1 _identify(assets/data) by extension 'ignore'
[0.208s] colcon.colcon_core.package_identification Level 1 _identify(assets/data) by extension 'ignore_ament_install'
[0.208s] colcon.colcon_core.package_identification Level 1 _identify(assets/data) by extensions ['colcon_pkg']
[0.208s] colcon.colcon_core.package_identification Level 1 _identify(assets/data) by extension 'colcon_pkg'
[0.208s] colcon.colcon_core.package_identification Level 1 _identify(assets/data) by extensions ['colcon_meta']
[0.208s] colcon.colcon_core.package_identification Level 1 _identify(assets/data) by extension 'colcon_meta'
[0.208s] colcon.colcon_core.package_identification Level 1 _identify(assets/data) by extensions ['ros']
[0.208s] colcon.colcon_core.package_identification Level 1 _identify(assets/data) by extension 'ros'
[0.208s] colcon.colcon_core.package_identification Level 1 _identify(assets/data) by extensions ['cmake', 'python']
[0.208s] colcon.colcon_core.package_identification Level 1 _identify(assets/data) by extension 'cmake'
[0.208s] colcon.colcon_core.package_identification Level 1 _identify(assets/data) by extension 'python'
[0.208s] colcon.colcon_core.package_identification Level 1 _identify(assets/data) by extensions ['python_setup_py']
[0.208s] colcon.colcon_core.package_identification Level 1 _identify(assets/data) by extension 'python_setup_py'
[0.208s] colcon.colcon_core.package_identification Level 1 _identify(assets/data/data1) by extensions ['ignore', 'ignore_ament_install']
[0.208s] colcon.colcon_core.package_identification Level 1 _identify(assets/data/data1) by extension 'ignore'
[0.208s] colcon.colcon_core.package_identification Level 1 _identify(assets/data/data1) by extension 'ignore_ament_install'
[0.208s] colcon.colcon_core.package_identification Level 1 _identify(assets/data/data1) by extensions ['colcon_pkg']
[0.208s] colcon.colcon_core.package_identification Level 1 _identify(assets/data/data1) by extension 'colcon_pkg'
[0.208s] colcon.colcon_core.package_identification Level 1 _identify(assets/data/data1) by extensions ['colcon_meta']
[0.208s] colcon.colcon_core.package_identification Level 1 _identify(assets/data/data1) by extension 'colcon_meta'
[0.208s] colcon.colcon_core.package_identification Level 1 _identify(assets/data/data1) by extensions ['ros']
[0.208s] colcon.colcon_core.package_identification Level 1 _identify(assets/data/data1) by extension 'ros'
[0.208s] colcon.colcon_core.package_identification Level 1 _identify(assets/data/data1) by extensions ['cmake', 'python']
[0.208s] colcon.colcon_core.package_identification Level 1 _identify(assets/data/data1) by extension 'cmake'
[0.208s] colcon.colcon_core.package_identification Level 1 _identify(assets/data/data1) by extension 'python'
[0.208s] colcon.colcon_core.package_identification Level 1 _identify(assets/data/data1) by extensions ['python_setup_py']
[0.209s] colcon.colcon_core.package_identification Level 1 _identify(assets/data/data1) by extension 'python_setup_py'
[0.209s] colcon.colcon_core.package_identification Level 1 _identify(assets/data/data2) by extensions ['ignore', 'ignore_ament_install']
[0.209s] colcon.colcon_core.package_identification Level 1 _identify(assets/data/data2) by extension 'ignore'
[0.209s] colcon.colcon_core.package_identification Level 1 _identify(assets/data/data2) by extension 'ignore_ament_install'
[0.209s] colcon.colcon_core.package_identification Level 1 _identify(assets/data/data2) by extensions ['colcon_pkg']
[0.209s] colcon.colcon_core.package_identification Level 1 _identify(assets/data/data2) by extension 'colcon_pkg'
[0.209s] colcon.colcon_core.package_identification Level 1 _identify(assets/data/data2) by extensions ['colcon_meta']
[0.209s] colcon.colcon_core.package_identification Level 1 _identify(assets/data/data2) by extension 'colcon_meta'
[0.209s] colcon.colcon_core.package_identification Level 1 _identify(assets/data/data2) by extensions ['ros']
[0.209s] colcon.colcon_core.package_identification Level 1 _identify(assets/data/data2) by extension 'ros'
[0.209s] colcon.colcon_core.package_identification Level 1 _identify(assets/data/data2) by extensions ['cmake', 'python']
[0.209s] colcon.colcon_core.package_identification Level 1 _identify(assets/data/data2) by extension 'cmake'
[0.209s] colcon.colcon_core.package_identification Level 1 _identify(assets/data/data2) by extension 'python'
[0.209s] colcon.colcon_core.package_identification Level 1 _identify(assets/data/data2) by extensions ['python_setup_py']
[0.209s] colcon.colcon_core.package_identification Level 1 _identify(assets/data/data2) by extension 'python_setup_py'
[0.209s] colcon.colcon_core.package_identification Level 1 _identify(assets/vision) by extensions ['ignore', 'ignore_ament_install']
[0.209s] colcon.colcon_core.package_identification Level 1 _identify(assets/vision) by extension 'ignore'
[0.209s] colcon.colcon_core.package_identification Level 1 _identify(assets/vision) by extension 'ignore_ament_install'
[0.209s] colcon.colcon_core.package_identification Level 1 _identify(assets/vision) by extensions ['colcon_pkg']
[0.209s] colcon.colcon_core.package_identification Level 1 _identify(assets/vision) by extension 'colcon_pkg'
[0.209s] colcon.colcon_core.package_identification Level 1 _identify(assets/vision) by extensions ['colcon_meta']
[0.209s] colcon.colcon_core.package_identification Level 1 _identify(assets/vision) by extension 'colcon_meta'
[0.209s] colcon.colcon_core.package_identification Level 1 _identify(assets/vision) by extensions ['ros']
[0.209s] colcon.colcon_core.package_identification Level 1 _identify(assets/vision) by extension 'ros'
[0.209s] colcon.colcon_core.package_identification Level 1 _identify(assets/vision) by extensions ['cmake', 'python']
[0.209s] colcon.colcon_core.package_identification Level 1 _identify(assets/vision) by extension 'cmake'
[0.209s] colcon.colcon_core.package_identification Level 1 _identify(assets/vision) by extension 'python'
[0.209s] colcon.colcon_core.package_identification Level 1 _identify(assets/vision) by extensions ['python_setup_py']
[0.209s] colcon.colcon_core.package_identification Level 1 _identify(assets/vision) by extension 'python_setup_py'
[0.209s] colcon.colcon_core.package_identification Level 1 _identify(build) by extensions ['ignore', 'ignore_ament_install']
[0.209s] colcon.colcon_core.package_identification Level 1 _identify(build) by extension 'ignore'
[0.209s] colcon.colcon_core.package_identification Level 1 _identify(build) ignored
[0.209s] colcon.colcon_core.package_identification Level 1 _identify(install) by extensions ['ignore', 'ignore_ament_install']
[0.209s] colcon.colcon_core.package_identification Level 1 _identify(install) by extension 'ignore'
[0.209s] colcon.colcon_core.package_identification Level 1 _identify(install) ignored
[0.210s] colcon.colcon_core.package_identification Level 1 _identify(log) by extensions ['ignore', 'ignore_ament_install']
[0.210s] colcon.colcon_core.package_identification Level 1 _identify(log) by extension 'ignore'
[0.210s] colcon.colcon_core.package_identification Level 1 _identify(log) ignored
[0.210s] colcon.colcon_core.package_identification Level 1 _identify(src) by extensions ['ignore', 'ignore_ament_install']
[0.210s] colcon.colcon_core.package_identification Level 1 _identify(src) by extension 'ignore'
[0.210s] colcon.colcon_core.package_identification Level 1 _identify(src) by extension 'ignore_ament_install'
[0.210s] colcon.colcon_core.package_identification Level 1 _identify(src) by extensions ['colcon_pkg']
[0.210s] colcon.colcon_core.package_identification Level 1 _identify(src) by extension 'colcon_pkg'
[0.210s] colcon.colcon_core.package_identification Level 1 _identify(src) by extensions ['colcon_meta']
[0.210s] colcon.colcon_core.package_identification Level 1 _identify(src) by extension 'colcon_meta'
[0.210s] colcon.colcon_core.package_identification Level 1 _identify(src) by extensions ['ros']
[0.210s] colcon.colcon_core.package_identification Level 1 _identify(src) by extension 'ros'
[0.210s] colcon.colcon_core.package_identification Level 1 _identify(src) by extensions ['cmake', 'python']
[0.210s] colcon.colcon_core.package_identification Level 1 _identify(src) by extension 'cmake'
[0.210s] colcon.colcon_core.package_identification Level 1 _identify(src) by extension 'python'
[0.210s] colcon.colcon_core.package_identification Level 1 _identify(src) by extensions ['python_setup_py']
[0.210s] colcon.colcon_core.package_identification Level 1 _identify(src) by extension 'python_setup_py'
[0.210s] colcon.colcon_core.package_identification Level 1 _identify(src/gps) by extensions ['ignore', 'ignore_ament_install']
[0.210s] colcon.colcon_core.package_identification Level 1 _identify(src/gps) by extension 'ignore'
[0.210s] colcon.colcon_core.package_identification Level 1 _identify(src/gps) by extension 'ignore_ament_install'
[0.210s] colcon.colcon_core.package_identification Level 1 _identify(src/gps) by extensions ['colcon_pkg']
[0.210s] colcon.colcon_core.package_identification Level 1 _identify(src/gps) by extension 'colcon_pkg'
[0.210s] colcon.colcon_core.package_identification Level 1 _identify(src/gps) by extensions ['colcon_meta']
[0.210s] colcon.colcon_core.package_identification Level 1 _identify(src/gps) by extension 'colcon_meta'
[0.210s] colcon.colcon_core.package_identification Level 1 _identify(src/gps) by extensions ['ros']
[0.210s] colcon.colcon_core.package_identification Level 1 _identify(src/gps) by extension 'ros'
[0.212s] colcon.colcon_core.package_identification DEBUG Package 'src/gps' with type 'ros.ament_cmake' and name 'gps'
[0.212s] colcon.colcon_core.package_identification Level 1 _identify(src/vision) by extensions ['ignore', 'ignore_ament_install']
[0.212s] colcon.colcon_core.package_identification Level 1 _identify(src/vision) by extension 'ignore'
[0.212s] colcon.colcon_core.package_identification Level 1 _identify(src/vision) by extension 'ignore_ament_install'
[0.212s] colcon.colcon_core.package_identification Level 1 _identify(src/vision) by extensions ['colcon_pkg']
[0.212s] colcon.colcon_core.package_identification Level 1 _identify(src/vision) by extension 'colcon_pkg'
[0.212s] colcon.colcon_core.package_identification Level 1 _identify(src/vision) by extensions ['colcon_meta']
[0.212s] colcon.colcon_core.package_identification Level 1 _identify(src/vision) by extension 'colcon_meta'
[0.212s] colcon.colcon_core.package_identification Level 1 _identify(src/vision) by extensions ['ros']
[0.212s] colcon.colcon_core.package_identification Level 1 _identify(src/vision) by extension 'ros'
[0.213s] colcon.colcon_core.package_identification DEBUG Package 'src/vision' with type 'ros.ament_python' and name 'vision'
[0.213s] colcon.colcon_core.package_discovery Level 1 discover_packages(recursive) using defaults
[0.213s] colcon.colcon_core.package_discovery Level 1 discover_packages(ignore) discover
[0.213s] colcon.colcon_core.package_discovery Level 1 discover_packages(ignore) using defaults
[0.213s] colcon.colcon_core.package_discovery Level 1 discover_packages(path) discover
[0.213s] colcon.colcon_core.package_discovery Level 1 discover_packages(path) using defaults
[0.224s] colcon.colcon_core.package_selection INFO Skipping not selected package 'vision' in 'src/vision'
[0.224s] colcon.colcon_core.package_discovery Level 1 discover_packages(prefix_path) check parameters
[0.224s] colcon.colcon_core.package_discovery Level 1 discover_packages(prefix_path) discover
[0.225s] colcon.colcon_installed_package_information.package_discovery DEBUG Found 1 installed packages in /home/w/slam_ws/install
[0.225s] colcon.colcon_installed_package_information.package_discovery DEBUG Found 1 installed packages in /home/w/ws_livox/install
[0.225s] colcon.colcon_installed_package_information.package_discovery DEBUG Found 1 installed packages in /home/w/fastlio/install
[0.226s] colcon.colcon_installed_package_information.package_discovery DEBUG Found 297 installed packages in /opt/ros/humble
[0.227s] colcon.colcon_core.package_discovery Level 1 discover_packages(prefix_path) using defaults
[0.249s] colcon.colcon_core.verb Level 5 set package 'gps' build argument 'cmake_args' from command line to 'None'
[0.249s] colcon.colcon_core.verb Level 5 set package 'gps' build argument 'cmake_target' from command line to 'None'
[0.249s] colcon.colcon_core.verb Level 5 set package 'gps' build argument 'cmake_target_skip_unavailable' from command line to 'False'
[0.249s] colcon.colcon_core.verb Level 5 set package 'gps' build argument 'cmake_clean_cache' from command line to 'False'
[0.249s] colcon.colcon_core.verb Level 5 set package 'gps' build argument 'cmake_clean_first' from command line to 'False'
[0.249s] colcon.colcon_core.verb Level 5 set package 'gps' build argument 'cmake_force_configure' from command line to 'False'
[0.249s] colcon.colcon_core.verb Level 5 set package 'gps' build argument 'ament_cmake_args' from command line to 'None'
[0.249s] colcon.colcon_core.verb Level 5 set package 'gps' build argument 'catkin_cmake_args' from command line to 'None'
[0.249s] colcon.colcon_core.verb Level 5 set package 'gps' build argument 'catkin_skip_building_tests' from command line to 'False'
[0.249s] colcon.colcon_core.verb DEBUG Building package 'gps' with the following arguments: {'ament_cmake_args': None, 'build_base': '/home/w/projects/projects/gps_ws/build/gps', 'catkin_cmake_args': None, 'catkin_skip_building_tests': False, 'cmake_args': None, 'cmake_clean_cache': False, 'cmake_clean_first': False, 'cmake_force_configure': False, 'cmake_target': None, 'cmake_target_skip_unavailable': False, 'install_base': '/home/w/projects/projects/gps_ws/install/gps', 'merge_install': False, 'path': '/home/w/projects/projects/gps_ws/src/gps', 'symlink_install': False, 'test_result_base': None}
[0.249s] colcon.colcon_core.executor INFO Executing jobs using 'parallel' executor
[0.250s] colcon.colcon_parallel_executor.executor.parallel DEBUG run_until_complete
[0.250s] colcon.colcon_ros.task.ament_cmake.build INFO Building ROS package in '/home/w/projects/projects/gps_ws/src/gps' with build type 'ament_cmake'
[0.250s] colcon.colcon_cmake.task.cmake.build INFO Building CMake package in '/home/w/projects/projects/gps_ws/src/gps'
[0.252s] colcon.colcon_core.plugin_system INFO Skipping extension 'colcon_core.shell.bat': Not used on non-Windows systems
[0.252s] colcon.colcon_core.shell INFO Skip shell extension 'powershell' for command environment: Not usable outside of PowerShell
[0.252s] colcon.colcon_core.shell DEBUG Skip shell extension 'dsv' for command environment
[0.259s] colcon.colcon_core.event_handler.log_command DEBUG Invoking command in '/home/w/projects/projects/gps_ws/build/gps': CMAKE_PREFIX_PATH=${CMAKE_PREFIX_PATH}:/opt/ros/humble /usr/bin/cmake --build /home/w/projects/projects/gps_ws/build/gps -- -j16 -l16
[10.231s] colcon.colcon_core.event_handler.log_command DEBUG Invoked command in '/home/w/projects/projects/gps_ws/build/gps' returned '0': CMAKE_PREFIX_PATH=${CMAKE_PREFIX_PATH}:/opt/ros/humble /usr/bin/cmake --build /home/w/projects/projects/gps_ws/build/gps -- -j16 -l16
[10.235s] colcon.colcon_core.event_handler.log_command DEBUG Invoking command in '/home/w/projects/projects/gps_ws/build/gps': CMAKE_PREFIX_PATH=${CMAKE_PREFIX_PATH}:/opt/ros/humble /usr/bin/cmake --install /home/w/projects/projects/gps_ws/build/gps
[10.243s] colcon.colcon_core.environment Level 1 create_environment_scripts_only(gps)
[10.244s] colcon.colcon_core.event_handler.log_command DEBUG Invoked command in '/home/w/projects/projects/gps_ws/build/gps' returned '0': CMAKE_PREFIX_PATH=${CMAKE_PREFIX_PATH}:/opt/ros/humble /usr/bin/cmake --install /home/w/projects/projects/gps_ws/build/gps
[10.245s] colcon.colcon_core.environment Level 1 checking '/home/w/projects/projects/gps_ws/install/gps' for CMake module files
[10.246s] colcon.colcon_core.environment Level 1 checking '/home/w/projects/projects/gps_ws/install/gps' for CMake config files
[10.246s] colcon.colcon_core.shell Level 1 create_environment_hook('gps', 'cmake_prefix_path')
[10.246s] colcon.colcon_core.shell INFO Creating environment hook '/home/w/projects/projects/gps_ws/install/gps/share/gps/hook/cmake_prefix_path.ps1'
[10.247s] colcon.colcon_core.shell INFO Creating environment descriptor '/home/w/projects/projects/gps_ws/install/gps/share/gps/hook/cmake_prefix_path.dsv'
[10.247s] colcon.colcon_core.shell INFO Creating environment hook '/home/w/projects/projects/gps_ws/install/gps/share/gps/hook/cmake_prefix_path.sh'
[10.248s] colcon.colcon_core.environment Level 1 checking '/home/w/projects/projects/gps_ws/install/gps/lib'
[10.248s] colcon.colcon_core.environment Level 1 checking '/home/w/projects/projects/gps_ws/install/gps/bin'
[10.249s] colcon.colcon_core.environment Level 1 checking '/home/w/projects/projects/gps_ws/install/gps/lib/pkgconfig/gps.pc'
[10.249s] colcon.colcon_core.environment Level 1 checking '/home/w/projects/projects/gps_ws/install/gps/lib/python3.10/site-packages'
[10.249s] colcon.colcon_core.environment Level 1 checking '/home/w/projects/projects/gps_ws/install/gps/bin'
[10.250s] colcon.colcon_core.shell INFO Creating package script '/home/w/projects/projects/gps_ws/install/gps/share/gps/package.ps1'
[10.251s] colcon.colcon_core.shell INFO Creating package descriptor '/home/w/projects/projects/gps_ws/install/gps/share/gps/package.dsv'
[10.252s] colcon.colcon_core.shell INFO Creating package script '/home/w/projects/projects/gps_ws/install/gps/share/gps/package.sh'
[10.253s] colcon.colcon_core.shell INFO Creating package script '/home/w/projects/projects/gps_ws/install/gps/share/gps/package.bash'
[10.253s] colcon.colcon_core.shell INFO Creating package script '/home/w/projects/projects/gps_ws/install/gps/share/gps/package.zsh'
[10.254s] colcon.colcon_core.environment Level 1 create_file_with_runtime_dependencies(/home/w/projects/projects/gps_ws/install/gps/share/colcon-core/packages/gps)
[10.255s] colcon.colcon_core.environment Level 1 create_environment_scripts_only(gps)
[10.255s] colcon.colcon_core.environment Level 1 checking '/home/w/projects/projects/gps_ws/install/gps' for CMake module files
[10.256s] colcon.colcon_core.environment Level 1 checking '/home/w/projects/projects/gps_ws/install/gps' for CMake config files
[10.256s] colcon.colcon_core.shell Level 1 create_environment_hook('gps', 'cmake_prefix_path')
[10.256s] colcon.colcon_core.shell INFO Creating environment hook '/home/w/projects/projects/gps_ws/install/gps/share/gps/hook/cmake_prefix_path.ps1'
[10.257s] colcon.colcon_core.shell INFO Creating environment descriptor '/home/w/projects/projects/gps_ws/install/gps/share/gps/hook/cmake_prefix_path.dsv'
[10.257s] colcon.colcon_core.shell INFO Creating environment hook '/home/w/projects/projects/gps_ws/install/gps/share/gps/hook/cmake_prefix_path.sh'
[10.258s] colcon.colcon_core.environment Level 1 checking '/home/w/projects/projects/gps_ws/install/gps/lib'
[10.258s] colcon.colcon_core.environment Level 1 checking '/home/w/projects/projects/gps_ws/install/gps/bin'
[10.258s] colcon.colcon_core.environment Level 1 checking '/home/w/projects/projects/gps_ws/install/gps/lib/pkgconfig/gps.pc'
[10.258s] colcon.colcon_core.environment Level 1 checking '/home/w/projects/projects/gps_ws/install/gps/lib/python3.10/site-packages'
[10.258s] colcon.colcon_core.environment Level 1 checking '/home/w/projects/projects/gps_ws/install/gps/bin'
[10.259s] colcon.colcon_core.shell INFO Creating package script '/home/w/projects/projects/gps_ws/install/gps/share/gps/package.ps1'
[10.259s] colcon.colcon_core.shell INFO Creating package descriptor '/home/w/projects/projects/gps_ws/install/gps/share/gps/package.dsv'
[10.260s] colcon.colcon_core.shell INFO Creating package script '/home/w/projects/projects/gps_ws/install/gps/share/gps/package.sh'
[10.260s] colcon.colcon_core.shell INFO Creating package script '/home/w/projects/projects/gps_ws/install/gps/share/gps/package.bash'
[10.261s] colcon.colcon_core.shell INFO Creating package script '/home/w/projects/projects/gps_ws/install/gps/share/gps/package.zsh'
[10.261s] colcon.colcon_core.environment Level 1 create_file_with_runtime_dependencies(/home/w/projects/projects/gps_ws/install/gps/share/colcon-core/packages/gps)
[10.262s] colcon.colcon_parallel_executor.executor.parallel DEBUG closing loop
[10.262s] colcon.colcon_parallel_executor.executor.parallel DEBUG loop closed
[10.262s] colcon.colcon_parallel_executor.executor.parallel DEBUG run_until_complete finished with '0'
[10.262s] colcon.colcon_core.event_reactor DEBUG joining thread
[10.266s] colcon.colcon_core.plugin_system INFO Skipping extension 'colcon_notification.desktop_notification.terminal_notifier': Not used on non-Darwin systems
[10.266s] colcon.colcon_core.plugin_system INFO Skipping extension 'colcon_notification.desktop_notification.win32': Not used on non-Windows systems
[10.266s] colcon.colcon_notification.desktop_notification INFO Sending desktop notification using 'notify2'
[10.275s] colcon.colcon_core.event_reactor DEBUG joined thread
[10.276s] colcon.colcon_core.shell INFO Creating prefix script '/home/w/projects/projects/gps_ws/install/local_setup.ps1'
[10.277s] colcon.colcon_core.shell INFO Creating prefix util module '/home/w/projects/projects/gps_ws/install/_local_setup_util_ps1.py'
[10.278s] colcon.colcon_core.shell INFO Creating prefix chain script '/home/w/projects/projects/gps_ws/install/setup.ps1'
[10.280s] colcon.colcon_core.shell INFO Creating prefix script '/home/w/projects/projects/gps_ws/install/local_setup.sh'
[10.280s] colcon.colcon_core.shell INFO Creating prefix util module '/home/w/projects/projects/gps_ws/install/_local_setup_util_sh.py'
[10.281s] colcon.colcon_core.shell INFO Creating prefix chain script '/home/w/projects/projects/gps_ws/install/setup.sh'
[10.282s] colcon.colcon_core.shell INFO Creating prefix script '/home/w/projects/projects/gps_ws/install/local_setup.bash'
[10.282s] colcon.colcon_core.shell INFO Creating prefix chain script '/home/w/projects/projects/gps_ws/install/setup.bash'
[10.283s] colcon.colcon_core.shell INFO Creating prefix script '/home/w/projects/projects/gps_ws/install/local_setup.zsh'
[10.283s] colcon.colcon_core.shell INFO Creating prefix chain script '/home/w/projects/projects/gps_ws/install/setup.zsh'
