[0.011s] Invoking command in '/home/w/projects/projects/gps_ws/build/gps': CMAKE_PREFIX_PATH=${CMAKE_PREFIX_PATH}:/home/w/projects/projects/gps_ws/install/vision:/opt/ros/humble /usr/bin/cmake --build /home/w/projects/projects/gps_ws/build/gps -- -j16 -l16
[0.059s] [ 20%] [32mBuilding CXX object CMakeFiles/SerialPort.dir/src/SerialPort/usart.cpp.o[0m
[0.292s] [ 40%] [1m[32mLinking CXX static library libSerialPort.a[0m
[0.312s] [ 40%] Built target SerialPort
[0.332s] [ 60%] [32mBuilding CXX object CMakeFiles/gps_node.dir/src/gps_node.cpp.o[0m
[3.426s] [01m[K/home/w/projects/projects/gps_ws/src/gps/src/gps_node.cpp:348:9:[m[K [01;31m[Kerror: [m[K‘[01m[Kstd::share_ptr[m[K’ has not been declared
[3.426s]   348 |         [01;31m[Kstd[m[K::share_ptr<AppContext> context
[3.426s]       |         [01;31m[K^~~[m[K
[3.426s] [01m[K/home/w/projects/projects/gps_ws/src/gps/src/gps_node.cpp:348:23:[m[K [01;31m[Kerror: [m[Kexpected ‘[01m[K,[m[K’ or ‘[01m[K...[m[K’ before ‘[01m[K<[m[K’ token
[3.426s]   348 |         std::share_ptr[01;31m[K<[m[KAppContext> context
[3.426s]       |                       [01;31m[K^[m[K
[3.437s] [01m[K/home/w/projects/projects/gps_ws/src/gps/src/gps_node.cpp:[m[K In constructor ‘[01m[KMoveUP::MoveUP(const string&, const BT::NodeConfig&, int)[m[K’:
[3.437s] [01m[K/home/w/projects/projects/gps_ws/src/gps/src/gps_node.cpp:349:53:[m[K [01;31m[Kerror: [m[K‘[01m[Kcontext[m[K’ was not declared in this scope; did you mean ‘[01m[Kcontext_[m[K’?
[3.437s]   349 |     ) : TimedVelocityAction(name, config, std::move([01;31m[Kcontext[m[K), kTurn90Left)
[3.437s]       |                                                     [01;31m[K^~~~~~~[m[K
[3.437s]       |                                                     [32m[Kcontext_[m[K
[3.437s] [01m[K/home/w/projects/projects/gps_ws/src/gps/src/gps_node.cpp:[m[K At global scope:
[3.437s] [01m[K/home/w/projects/projects/gps_ws/src/gps/src/gps_node.cpp:359:9:[m[K [01;31m[Kerror: [m[K‘[01m[Kstd::share_ptr[m[K’ has not been declared
[3.438s]   359 |         [01;31m[Kstd[m[K::share_ptr<AppContext> context
[3.438s]       |         [01;31m[K^~~[m[K
[3.438s] [01m[K/home/w/projects/projects/gps_ws/src/gps/src/gps_node.cpp:359:23:[m[K [01;31m[Kerror: [m[Kexpected ‘[01m[K,[m[K’ or ‘[01m[K...[m[K’ before ‘[01m[K<[m[K’ token
[3.438s]   359 |         std::share_ptr[01;31m[K<[m[KAppContext> context
[3.438s]       |                       [01;31m[K^[m[K
[3.445s] [01m[K/home/w/projects/projects/gps_ws/src/gps/src/gps_node.cpp:[m[K In constructor ‘[01m[KMoveDOWN::MoveDOWN(const string&, const BT::NodeConfig&, int)[m[K’:
[3.445s] [01m[K/home/w/projects/projects/gps_ws/src/gps/src/gps_node.cpp:360:53:[m[K [01;31m[Kerror: [m[K‘[01m[Kcontext[m[K’ was not declared in this scope; did you mean ‘[01m[Kcontext_[m[K’?
[3.445s]   360 |     ) : TimedVelocityAction(name, config, std::move([01;31m[Kcontext[m[K), kDown)
[3.445s]       |                                                     [01;31m[K^~~~~~~[m[K
[3.445s]       |                                                     [32m[Kcontext_[m[K
[3.456s] [01m[K/home/w/projects/projects/gps_ws/src/gps/src/gps_node.cpp:[m[K In member function ‘[01m[Kvirtual BT::NodeStatus MoveToLocationUP::onRunning()[m[K’:
[3.456s] [01m[K/home/w/projects/projects/gps_ws/src/gps/src/gps_node.cpp:716:42:[m[K [01;31m[Kerror: [m[K‘[01m[Kflo[m[K’ does not name a type; did you mean ‘[01m[Kflock[m[K’?
[3.456s]   716 |         current_location.y = static_cast<[01;31m[Kflo[m[K>(context_->sensor_node->currentY());
[3.456s]       |                                          [01;31m[K^~~[m[K
[3.456s]       |                                          [32m[Kflock[m[K
[3.506s] [01m[K/home/w/projects/projects/gps_ws/src/gps/src/gps_node.cpp:[m[K At global scope:
[3.506s] [01m[K/home/w/projects/projects/gps_ws/src/gps/src/gps_node.cpp:1895:45:[m[K [01;31m[Kerror: [m[Kexpected ‘[01m[K)[m[K’ before ‘[01m[K:[m[K’ token
[3.506s]  1895 |         std::shared_ptr<AppContext> context)
[3.507s]       |                                             [01;31m[K^[m[K
[3.507s]       |                                             [32m[K)[m[K
[3.507s]  1896 |         [32m[K:[m[K BT::ConditionNode(name, config), context_(std::move(context))
[3.507s]       |         [32m[K~[m[K                                    
[3.507s] [01m[K/home/w/projects/projects/gps_ws/src/gps/src/gps_node.cpp:1891:8:[m[K [01;36m[Knote: [m[Kto match this ‘[01m[K([m[K’
[3.507s]  1891 | public:[01;36m[K([m[K
[3.507s]       |        [01;36m[K^[m[K
[3.507s] [01m[K/home/w/projects/projects/gps_ws/src/gps/src/gps_node.cpp:1904:24:[m[K [01;31m[Kerror: [m[Kexpected ‘[01m[K;[m[K’ at end of member declaration
[3.507s]  1904 |         BT::NodeStatus [01;31m[Ktick[m[K) override
[3.507s]       |                        [01;31m[K^~~~[m[K
[3.507s]       |                            [32m[K;[m[K
[3.507s] [01m[K/home/w/projects/projects/gps_ws/src/gps/src/gps_node.cpp:1904:28:[m[K [01;31m[Kerror: [m[Kexpected unqualified-id before ‘[01m[K)[m[K’ token
[3.507s]  1904 |         BT::NodeStatus tick[01;31m[K)[m[K override
[3.507s]       |                            [01;31m[K^[m[K
[3.990s] In file included from [01m[K/usr/include/c++/11/memory:76[m[K,
[3.991s]                  from [01m[K/opt/ros/humble/include/behaviortree_cpp/contrib/expected.hpp:259[m[K,
[3.991s]                  from [01m[K/opt/ros/humble/include/behaviortree_cpp/basic_types.h:3[m[K,
[3.991s]                  from [01m[K/opt/ros/humble/include/behaviortree_cpp/tree_node.h:16[m[K,
[3.991s]                  from [01m[K/opt/ros/humble/include/behaviortree_cpp/leaf_node.h:17[m[K,
[3.991s]                  from [01m[K/opt/ros/humble/include/behaviortree_cpp/action_node.h:17[m[K,
[3.991s]                  from [01m[K/opt/ros/humble/include/behaviortree_cpp/behavior_tree.h:16[m[K,
[3.991s]                  from [01m[K/opt/ros/humble/include/behaviortree_cpp/bt_factory.h:17[m[K,
[3.991s]                  from [01m[K/home/w/projects/projects/gps_ws/src/gps/src/gps_node.cpp:1[m[K:
[3.991s] /usr/include/c++/11/bits/unique_ptr.h: In instantiation of ‘[01m[Ktypename std::_MakeUniq<_Tp>::__single_object std::make_unique(_Args&& ...) [with _Tp = MoveUP; _Args = {const std::__cxx11::basic_string<char, std::char_traits<char>, std::allocator<char> >&, const BT::NodeConfig&, const std::shared_ptr<AppContext>&}; typename std::_MakeUniq<_Tp>::__single_object = std::unique_ptr<MoveUP, std::default_delete<MoveUP> >][m[K’:
[3.991s] [01m[K/home/w/projects/projects/gps_ws/src/gps/src/gps_node.cpp:2316:44:[m[K   required from here
[3.991s] [01m[K/usr/include/c++/11/bits/unique_ptr.h:962:30:[m[K [01;31m[Kerror: [m[Kno matching function for call to ‘[01m[KMoveUP::MoveUP(const std::__cxx11::basic_string<char>&, const BT::NodeConfig&, const std::shared_ptr<AppContext>&)[m[K’
[3.991s]   962 |     { return unique_ptr<_Tp>([01;31m[Knew _Tp(std::forward<_Args>(__args)...)[m[K); }
[3.991s]       |                              [01;31m[K^~~~~~~~~~~~~~~~~~~~~~~~~~~~~~~~~~~~~~~[m[K
[3.991s] [01m[K/home/w/projects/projects/gps_ws/src/gps/src/gps_node.cpp:345:5:[m[K [01;36m[Knote: [m[Kcandidate: ‘[01m[KMoveUP::MoveUP(const string&, const BT::NodeConfig&, int)[m[K’
[3.991s]   345 |     [01;36m[KMoveUP[m[K(
[3.991s]       |     [01;36m[K^~~~~~[m[K
[3.991s] [01m[K/home/w/projects/projects/gps_ws/src/gps/src/gps_node.cpp:348:9:[m[K [01;36m[Knote: [m[K  no known conversion for argument 3 from ‘[01m[Kconst std::shared_ptr<AppContext>[m[K’ to ‘[01m[Kint[m[K’
[3.991s]   348 |         [01;36m[Kstd::share_ptr[m[K<AppContext> context
[3.991s]       |         [01;36m[K^~~~~~~~~~~~~~[m[K
[3.991s] In file included from [01m[K/usr/include/c++/11/memory:76[m[K,
[3.992s]                  from [01m[K/opt/ros/humble/include/behaviortree_cpp/contrib/expected.hpp:259[m[K,
[3.992s]                  from [01m[K/opt/ros/humble/include/behaviortree_cpp/basic_types.h:3[m[K,
[3.992s]                  from [01m[K/opt/ros/humble/include/behaviortree_cpp/tree_node.h:16[m[K,
[3.992s]                  from [01m[K/opt/ros/humble/include/behaviortree_cpp/leaf_node.h:17[m[K,
[3.992s]                  from [01m[K/opt/ros/humble/include/behaviortree_cpp/action_node.h:17[m[K,
[3.992s]                  from [01m[K/opt/ros/humble/include/behaviortree_cpp/behavior_tree.h:16[m[K,
[3.992s]                  from [01m[K/opt/ros/humble/include/behaviortree_cpp/bt_factory.h:17[m[K,
[3.992s]                  from [01m[K/home/w/projects/projects/gps_ws/src/gps/src/gps_node.cpp:1[m[K:
[3.992s] /usr/include/c++/11/bits/unique_ptr.h: In instantiation of ‘[01m[Ktypename std::_MakeUniq<_Tp>::__single_object std::make_unique(_Args&& ...) [with _Tp = MoveDOWN; _Args = {const std::__cxx11::basic_string<char, std::char_traits<char>, std::allocator<char> >&, const BT::NodeConfig&, const std::shared_ptr<AppContext>&}; typename std::_MakeUniq<_Tp>::__single_object = std::unique_ptr<MoveDOWN, std::default_delete<MoveDOWN> >][m[K’:
[3.992s] [01m[K/home/w/projects/projects/gps_ws/src/gps/src/gps_node.cpp:2322:46:[m[K   required from here
[3.992s] [01m[K/usr/include/c++/11/bits/unique_ptr.h:962:30:[m[K [01;31m[Kerror: [m[Kno matching function for call to ‘[01m[KMoveDOWN::MoveDOWN(const std::__cxx11::basic_string<char>&, const BT::NodeConfig&, const std::shared_ptr<AppContext>&)[m[K’
[3.992s]   962 |     { return unique_ptr<_Tp>([01;31m[Knew _Tp(std::forward<_Args>(__args)...)[m[K); }
[3.992s]       |                              [01;31m[K^~~~~~~~~~~~~~~~~~~~~~~~~~~~~~~~~~~~~~~[m[K
[3.992s] [01m[K/home/w/projects/projects/gps_ws/src/gps/src/gps_node.cpp:356:5:[m[K [01;36m[Knote: [m[Kcandidate: ‘[01m[KMoveDOWN::MoveDOWN(const string&, const BT::NodeConfig&, int)[m[K’
[3.992s]   356 |     [01;36m[KMoveDOWN[m[K(
[3.992s]       |     [01;36m[K^~~~~~~~[m[K
[3.992s] [01m[K/home/w/projects/projects/gps_ws/src/gps/src/gps_node.cpp:359:9:[m[K [01;36m[Knote: [m[K  no known conversion for argument 3 from ‘[01m[Kconst std::shared_ptr<AppContext>[m[K’ to ‘[01m[Kint[m[K’
[3.992s]   359 |         [01;36m[Kstd::share_ptr[m[K<AppContext> context
[3.992s]       |         [01;36m[K^~~~~~~~~~~~~~[m[K
[4.000s] In file included from [01m[K/usr/include/c++/11/memory:76[m[K,
[4.000s]                  from [01m[K/opt/ros/humble/include/behaviortree_cpp/contrib/expected.hpp:259[m[K,
[4.000s]                  from [01m[K/opt/ros/humble/include/behaviortree_cpp/basic_types.h:3[m[K,
[4.000s]                  from [01m[K/opt/ros/humble/include/behaviortree_cpp/tree_node.h:16[m[K,
[4.000s]                  from [01m[K/opt/ros/humble/include/behaviortree_cpp/leaf_node.h:17[m[K,
[4.000s]                  from [01m[K/opt/ros/humble/include/behaviortree_cpp/action_node.h:17[m[K,
[4.000s]                  from [01m[K/opt/ros/humble/include/behaviortree_cpp/behavior_tree.h:16[m[K,
[4.000s]                  from [01m[K/opt/ros/humble/include/behaviortree_cpp/bt_factory.h:17[m[K,
[4.000s]                  from [01m[K/home/w/projects/projects/gps_ws/src/gps/src/gps_node.cpp:1[m[K:
[4.000s] /usr/include/c++/11/bits/unique_ptr.h: In instantiation of ‘[01m[Ktypename std::_MakeUniq<_Tp>::__single_object std::make_unique(_Args&& ...) [with _Tp = IsAtLine1; _Args = {const std::__cxx11::basic_string<char, std::char_traits<char>, std::allocator<char> >&, const BT::NodeConfig&, const std::shared_ptr<AppContext>&}; typename std::_MakeUniq<_Tp>::__single_object = std::unique_ptr<IsAtLine1, std::default_delete<IsAtLine1> >][m[K’:
[4.000s] [01m[K/home/w/projects/projects/gps_ws/src/gps/src/gps_node.cpp:2370:47:[m[K   required from here
[4.001s] [01m[K/usr/include/c++/11/bits/unique_ptr.h:962:30:[m[K [01;31m[Kerror: [m[Kinvalid new-expression of abstract class type ‘[01m[KIsAtLine1[m[K’
[4.001s]   962 |     { return unique_ptr<_Tp>([01;31m[Knew _Tp(std::forward<_Args>(__args)...)[m[K); }
[4.001s]       |                              [01;31m[K^~~~~~~~~~~~~~~~~~~~~~~~~~~~~~~~~~~~~~~[m[K
[4.001s] [01m[K/home/w/projects/projects/gps_ws/src/gps/src/gps_node.cpp:1889:7:[m[K [01;36m[Knote: [m[K  because the following virtual functions are pure within ‘[01m[KIsAtLine1[m[K’:
[4.001s]  1889 | class [01;36m[KIsAtLine1[m[K final : public BT::ConditionNode
[4.001s]       |       [01;36m[K^~~~~~~~~[m[K
[4.001s] In file included from [01m[K/opt/ros/humble/include/behaviortree_cpp/leaf_node.h:17[m[K,
[4.001s]                  from [01m[K/opt/ros/humble/include/behaviortree_cpp/action_node.h:17[m[K,
[4.001s]                  from [01m[K/opt/ros/humble/include/behaviortree_cpp/behavior_tree.h:16[m[K,
[4.001s]                  from [01m[K/opt/ros/humble/include/behaviortree_cpp/bt_factory.h:17[m[K,
[4.001s]                  from [01m[K/home/w/projects/projects/gps_ws/src/gps/src/gps_node.cpp:1[m[K:
[4.001s] [01m[K/opt/ros/humble/include/behaviortree_cpp/tree_node.h:410:26:[m[K [01;36m[Knote: [m[K    ‘[01m[Kvirtual BT::NodeStatus BT::TreeNode::tick()[m[K’
[4.002s]   410 |   virtual BT::NodeStatus [01;36m[Ktick[m[K() = 0;
[4.002s]       |                          [01;36m[K^~~~[m[K
[7.407s] gmake[2]: *** [CMakeFiles/gps_node.dir/build.make:79: CMakeFiles/gps_node.dir/src/gps_node.cpp.o] Error 1
[7.407s] gmake[1]: *** [CMakeFiles/Makefile2:188: CMakeFiles/gps_node.dir/all] Error 2
[7.407s] gmake: *** [Makefile:146: all] Error 2
[7.409s] Invoked command in '/home/w/projects/projects/gps_ws/build/gps' returned '2': CMAKE_PREFIX_PATH=${CMAKE_PREFIX_PATH}:/home/w/projects/projects/gps_ws/install/vision:/opt/ros/humble /usr/bin/cmake --build /home/w/projects/projects/gps_ws/build/gps -- -j16 -l16
