[0.021s] Invoking command in '/home/w/projects/projects/gps_ws/build/gps': CMAKE_PREFIX_PATH=${CMAKE_PREFIX_PATH}:/home/w/projects/projects/gps_ws/install/vision:/opt/ros/humble /usr/bin/cmake --build /home/w/projects/projects/gps_ws/build/gps -- -j8 -l8
[0.052s] [ 50%] Built target SerialPort
[0.077s] [ 75%] Building CXX object CMakeFiles/gps_node.dir/src/gps_node.cpp.o
[16.791s] [100%] Linking CXX executable gps_node
[17.689s] [100%] Built target gps_node
[17.697s] Invoked command in '/home/w/projects/projects/gps_ws/build/gps' returned '0': CMAKE_PREFIX_PATH=${CMAKE_PREFIX_PATH}:/home/w/projects/projects/gps_ws/install/vision:/opt/ros/humble /usr/bin/cmake --build /home/w/projects/projects/gps_ws/build/gps -- -j8 -l8
[17.702s] Invoking command in '/home/w/projects/projects/gps_ws/build/gps': CMAKE_PREFIX_PATH=${CMAKE_PREFIX_PATH}:/home/w/projects/projects/gps_ws/install/vision:/opt/ros/humble /usr/bin/cmake --install /home/w/projects/projects/gps_ws/build/gps
[17.707s] -- Install configuration: ""
[17.707s] -- Installing: /home/w/projects/projects/gps_ws/install/gps/lib/gps/gps_node
[17.716s] -- Set non-toolchain portion of runtime path of "/home/w/projects/projects/gps_ws/install/gps/lib/gps/gps_node" to ""
[17.716s] -- Installing: /home/w/projects/projects/gps_ws/install/gps/share/gps/tree.xml
[17.717s] -- Up-to-date: /home/w/projects/projects/gps_ws/install/gps/share/gps/launch
[17.717s] -- Up-to-date: /home/w/projects/projects/gps_ws/install/gps/share/gps/launch/camera.launch.py
[17.717s] -- Up-to-date: /home/w/projects/projects/gps_ws/install/gps/share/ament_index/resource_index/package_run_dependencies/gps
[17.717s] -- Up-to-date: /home/w/projects/projects/gps_ws/install/gps/share/ament_index/resource_index/parent_prefix_path/gps
[17.717s] -- Up-to-date: /home/w/projects/projects/gps_ws/install/gps/share/gps/environment/ament_prefix_path.sh
[17.717s] -- Up-to-date: /home/w/projects/projects/gps_ws/install/gps/share/gps/environment/ament_prefix_path.dsv
[17.717s] -- Up-to-date: /home/w/projects/projects/gps_ws/install/gps/share/gps/environment/path.sh
[17.718s] -- Up-to-date: /home/w/projects/projects/gps_ws/install/gps/share/gps/environment/path.dsv
[17.719s] -- Up-to-date: /home/w/projects/projects/gps_ws/install/gps/share/gps/local_setup.bash
[17.719s] -- Up-to-date: /home/w/projects/projects/gps_ws/install/gps/share/gps/local_setup.sh
[17.719s] -- Up-to-date: /home/w/projects/projects/gps_ws/install/gps/share/gps/local_setup.zsh
[17.719s] -- Up-to-date: /home/w/projects/projects/gps_ws/install/gps/share/gps/local_setup.dsv
[17.720s] -- Installing: /home/w/projects/projects/gps_ws/install/gps/share/gps/package.dsv
[17.720s] -- Up-to-date: /home/w/projects/projects/gps_ws/install/gps/share/ament_index/resource_index/packages/gps
[17.720s] -- Up-to-date: /home/w/projects/projects/gps_ws/install/gps/share/gps/cmake/gpsConfig.cmake
[17.720s] -- Up-to-date: /home/w/projects/projects/gps_ws/install/gps/share/gps/cmake/gpsConfig-version.cmake
[17.720s] -- Up-to-date: /home/w/projects/projects/gps_ws/install/gps/share/gps/package.xml
[17.720s] Invoked command in '/home/w/projects/projects/gps_ws/build/gps' returned '0': CMAKE_PREFIX_PATH=${CMAKE_PREFIX_PATH}:/home/w/projects/projects/gps_ws/install/vision:/opt/ros/humble /usr/bin/cmake --install /home/w/projects/projects/gps_ws/build/gps
