In file included from [01m[K/opt/ros/humble/include/rclcpp/rclcpp/logging.hpp:24[m[K,
                 from [01m[K/opt/ros/humble/include/rclcpp/rclcpp/client.hpp:40[m[K,
                 from [01m[K/opt/ros/humble/include/rclcpp/rclcpp/callback_group.hpp:24[m[K,
                 from [01m[K/opt/ros/humble/include/rclcpp/rclcpp/any_executable.hpp:20[m[K,
                 from [01m[K/opt/ros/humble/include/rclcpp/rclcpp/memory_strategy.hpp:25[m[K,
                 from [01m[K/opt/ros/humble/include/rclcpp/rclcpp/memory_strategies.hpp:18[m[K,
                 from [01m[K/opt/ros/humble/include/rclcpp/rclcpp/executor_options.hpp:20[m[K,
                 from [01m[K/opt/ros/humble/include/rclcpp/rclcpp/executor.hpp:37[m[K,
                 from [01m[K/opt/ros/humble/include/rclcpp/rclcpp/executors/multi_threaded_executor.hpp:25[m[K,
                 from [01m[K/opt/ros/humble/include/rclcpp/rclcpp/executors.hpp:21[m[K,
                 from [01m[K/opt/ros/humble/include/rclcpp/rclcpp/rclcpp.hpp:155[m[K,
                 from [01m[K/home/w/projects/projects/gps_ws/src/gps/src/gps_node.cpp:3[m[K:
[01m[K/home/w/projects/projects/gps_ws/src/gps/src/gps_node.cpp:[m[K In member function ‘[01m[Kvirtual BT::NodeStatus MoveToLocation::onRunning()[m[K’:
[01m[K/home/w/projects/projects/gps_ws/src/gps/src/gps_node.cpp:400:79:[m[K [01;31m[Kerror: [m[Kinvalid use of non-static member function ‘[01m[Kconst string& BT::TreeNode::name() const[m[K’
  400 |         RCLCPP_INFO(context_->logger , "current_node:{%s}dis_x:%3f,dis_y:%3f",[01;31m[Kname[m[K,distance_x ,distance_y);
      |                                                                               [01;31m[K^~~~[m[K
In file included from [01m[K/opt/ros/humble/include/behaviortree_cpp/leaf_node.h:17[m[K,
                 from [01m[K/opt/ros/humble/include/behaviortree_cpp/action_node.h:17[m[K,
                 from [01m[K/opt/ros/humble/include/behaviortree_cpp/behavior_tree.h:16[m[K,
                 from [01m[K/opt/ros/humble/include/behaviortree_cpp/bt_factory.h:17[m[K,
                 from [01m[K/home/w/projects/projects/gps_ws/src/gps/src/gps_node.cpp:1[m[K:
[01m[K/opt/ros/humble/include/behaviortree_cpp/tree_node.h:188:36:[m[K [01;36m[Knote: [m[Kdeclared here
  188 |   [[nodiscard]] const std::string& [01;36m[Kname[m[K() const;
      |                                    [01;36m[K^~~~[m[K
gmake[2]: *** [CMakeFiles/gps_node.dir/build.make:79: CMakeFiles/gps_node.dir/src/gps_node.cpp.o] Error 1
gmake[1]: *** [CMakeFiles/Makefile2:188: CMakeFiles/gps_node.dir/all] Error 2
gmake: *** [Makefile:146: all] Error 2
