In file included from /opt/ros/humble/include/rclcpp/rclcpp/logging.hpp:24,
                 from /opt/ros/humble/include/rclcpp/rclcpp/client.hpp:40,
                 from /opt/ros/humble/include/rclcpp/rclcpp/callback_group.hpp:24,
                 from /opt/ros/humble/include/rclcpp/rclcpp/any_executable.hpp:20,
                 from /opt/ros/humble/include/rclcpp/rclcpp/memory_strategy.hpp:25,
                 from /opt/ros/humble/include/rclcpp/rclcpp/memory_strategies.hpp:18,
                 from /opt/ros/humble/include/rclcpp/rclcpp/executor_options.hpp:20,
                 from /opt/ros/humble/include/rclcpp/rclcpp/executor.hpp:37,
                 from /opt/ros/humble/include/rclcpp/rclcpp/executors/multi_threaded_executor.hpp:25,
                 from /opt/ros/humble/include/rclcpp/rclcpp/executors.hpp:21,
                 from /opt/ros/humble/include/rclcpp/rclcpp/rclcpp.hpp:155,
                 from /home/w/projects/projects/gps_ws/src/gps/src/gps_node.cpp:3:
/home/w/projects/projects/gps_ws/src/gps/src/gps_node.cpp: In constructor ‘SensorNode::SensorNode(const string&, const string&)’:
/home/w/projects/projects/gps_ws/src/gps/src/gps_node.cpp:96:63: error: ‘start_vision’ was not declared in this scope; did you mean ‘start_vision_’?
   96 |                 RCLCPP_INFO(get_logger(), "START_VISION: %s", start_vision ? "true" : "false");
      |                                                               ^~~~~~~~~~~~
/home/w/projects/projects/gps_ws/src/gps/src/gps_node.cpp:97:61: error: ‘kfs_status’ was not declared in this scope; did you mean ‘kfs_status_’?
   97 |                 RCLCPP_INFO(get_logger(), "KFS_Status: %s", kfs_status.c_str());
      |                                                             ^~~~~~~~~~
/home/w/projects/projects/gps_ws/src/gps/src/gps_node.cpp:98:61: error: ‘is_gripped’ was not declared in this scope; did you mean ‘is_gripped_’?
   98 |                 RCLCPP_INFO(get_logger(), "IS_GRIPPED: %s", is_gripped.c_str());
      |                                                             ^~~~~~~~~~
/home/w/projects/projects/gps_ws/src/gps/src/gps_node.cpp: In member function ‘virtual BT::NodeStatus MoveToLocationHorizontal::onRunning()’:
/home/w/projects/projects/gps_ws/src/gps/src/gps_node.cpp:758:16: warning: unused variable ‘yaw’ [-Wunused-variable]
  758 |         double yaw = quatToYaw(Pose.ori_x, Pose.ori_y, Pose.ori_z, Pose.ori_w);
      |                ^~~
gmake[2]: *** [CMakeFiles/gps_node.dir/build.make:79: CMakeFiles/gps_node.dir/src/gps_node.cpp.o] Error 1
gmake[1]: *** [CMakeFiles/Makefile2:188: CMakeFiles/gps_node.dir/all] Error 2
gmake: *** [Makefile:146: all] Error 2
