[0.010s] Invoking command in '/home/w/projects/projects/gps_ws/build/gps': CMAKE_PREFIX_PATH=${CMAKE_PREFIX_PATH}:/opt/ros/humble /usr/bin/cmake /home/w/projects/projects/gps_ws/src/gps -DCMAKE_INSTALL_PREFIX=/home/w/projects/projects/gps_ws/install/gps
[0.016s] -- Found ament_cmake: 1.3.14 (/opt/ros/humble/share/ament_cmake/cmake)
[0.201s] -- Found rclcpp: 16.0.19 (/opt/ros/humble/share/rclcpp/cmake)
[0.223s] -- Found rosidl_generator_c: 3.1.8 (/opt/ros/humble/share/rosidl_generator_c/cmake)
[0.225s] -- Found rosidl_adapter: 3.1.8 (/opt/ros/humble/share/rosidl_adapter/cmake)
[0.229s] -- Found rosidl_generator_cpp: 3.1.8 (/opt/ros/humble/share/rosidl_generator_cpp/cmake)
[0.236s] -- Using all available rosidl_typesupport_c: rosidl_typesupport_fastrtps_c;rosidl_typesupport_introspection_c
[0.245s] -- Using all available rosidl_typesupport_cpp: rosidl_typesupport_fastrtps_cpp;rosidl_typesupport_introspection_cpp
[0.270s] -- Found rmw_implementation_cmake: 6.1.2 (/opt/ros/humble/share/rmw_implementation_cmake/cmake)
[0.271s] -- Found rmw_fastrtps_cpp: 6.2.10 (/opt/ros/humble/share/rmw_fastrtps_cpp/cmake)
[0.356s] -- Using RMW implementation 'rmw_fastrtps_cpp' as default
[0.400s] -- Found nav_msgs: 4.9.1 (/opt/ros/humble/share/nav_msgs/cmake)
[0.428s] -- Found sensor_msgs: 4.9.1 (/opt/ros/humble/share/sensor_msgs/cmake)
[0.443s] -- Found behaviortree_cpp: 4.9.0 (/opt/ros/humble/share/behaviortree_cpp/cmake)
[0.446s] -- Found ament_lint_auto: 0.12.15 (/opt/ros/humble/share/ament_lint_auto/cmake)
[0.505s] -- Added test 'cppcheck' to perform static code analysis on C / C++ code
[0.505s] -- Configured cppcheck include dirs: /home/w/projects/projects/gps_ws/src/gps/src/SerialPort
[0.505s] -- Configured cppcheck exclude dirs and/or files: 
[0.505s] -- Added test 'flake8' to check Python code syntax and style conventions
[0.506s] -- Added test 'lint_cmake' to check CMake code style
[0.506s] -- Added test 'pep257' to check Python code against some of the docstring style conventions in PEP 257
[0.506s] -- Added test 'uncrustify' to check C / C++ code style
[0.507s] -- Configured uncrustify additional arguments: 
[0.507s] -- Added test 'xmllint' to check XML markup files
[0.507s] -- Configuring done (0.5s)
[0.516s] -- Generating done (0.0s)
[0.530s] -- Build files have been written to: /home/w/projects/projects/gps_ws/build/gps
[0.536s] Invoked command in '/home/w/projects/projects/gps_ws/build/gps' returned '0': CMAKE_PREFIX_PATH=${CMAKE_PREFIX_PATH}:/opt/ros/humble /usr/bin/cmake /home/w/projects/projects/gps_ws/src/gps -DCMAKE_INSTALL_PREFIX=/home/w/projects/projects/gps_ws/install/gps
[0.537s] Invoking command in '/home/w/projects/projects/gps_ws/build/gps': CMAKE_PREFIX_PATH=${CMAKE_PREFIX_PATH}:/opt/ros/humble /usr/bin/cmake --build /home/w/projects/projects/gps_ws/build/gps -- -j16 -l16
[0.564s] [ 50%] Built target SerialPort
[0.580s] [ 75%] Building CXX object CMakeFiles/gps_node.dir/src/gps_node.cpp.o
[2.845s] In file included from /opt/ros/humble/include/rclcpp/rclcpp/logging.hpp:24,
[2.846s]                  from /opt/ros/humble/include/rclcpp/rclcpp/client.hpp:40,
[2.846s]                  from /opt/ros/humble/include/rclcpp/rclcpp/callback_group.hpp:24,
[2.846s]                  from /opt/ros/humble/include/rclcpp/rclcpp/any_executable.hpp:20,
[2.846s]                  from /opt/ros/humble/include/rclcpp/rclcpp/memory_strategy.hpp:25,
[2.846s]                  from /opt/ros/humble/include/rclcpp/rclcpp/memory_strategies.hpp:18,
[2.846s]                  from /opt/ros/humble/include/rclcpp/rclcpp/executor_options.hpp:20,
[2.846s]                  from /opt/ros/humble/include/rclcpp/rclcpp/executor.hpp:37,
[2.846s]                  from /opt/ros/humble/include/rclcpp/rclcpp/executors/multi_threaded_executor.hpp:25,
[2.846s]                  from /opt/ros/humble/include/rclcpp/rclcpp/executors.hpp:21,
[2.846s]                  from /opt/ros/humble/include/rclcpp/rclcpp/rclcpp.hpp:155,
[2.846s]                  from /home/w/projects/projects/gps_ws/src/gps/src/gps_node.cpp:3:
[2.846s] /home/w/projects/projects/gps_ws/src/gps/src/gps_node.cpp: In constructor ‘SensorNode::SensorNode(const string&, const string&)’:
[2.846s] /home/w/projects/projects/gps_ws/src/gps/src/gps_node.cpp:96:63: error: ‘start_vision’ was not declared in this scope; did you mean ‘start_vision_’?
[2.846s]    96 |                 RCLCPP_INFO(get_logger(), "START_VISION: %s", start_vision ? "true" : "false");
[2.846s]       |                                                               ^~~~~~~~~~~~
[2.849s] /home/w/projects/projects/gps_ws/src/gps/src/gps_node.cpp:97:61: error: ‘kfs_status’ was not declared in this scope; did you mean ‘kfs_status_’?
[2.849s]    97 |                 RCLCPP_INFO(get_logger(), "KFS_Status: %s", kfs_status.c_str());
[2.849s]       |                                                             ^~~~~~~~~~
[2.852s] /home/w/projects/projects/gps_ws/src/gps/src/gps_node.cpp:98:61: error: ‘is_gripped’ was not declared in this scope; did you mean ‘is_gripped_’?
[2.852s]    98 |                 RCLCPP_INFO(get_logger(), "IS_GRIPPED: %s", is_gripped.c_str());
[2.852s]       |                                                             ^~~~~~~~~~
[2.872s] /home/w/projects/projects/gps_ws/src/gps/src/gps_node.cpp: In member function ‘virtual BT::NodeStatus MoveToLocationHorizontal::onRunning()’:
[2.872s] /home/w/projects/projects/gps_ws/src/gps/src/gps_node.cpp:758:16: warning: unused variable ‘yaw’ [-Wunused-variable]
[2.872s]   758 |         double yaw = quatToYaw(Pose.ori_x, Pose.ori_y, Pose.ori_z, Pose.ori_w);
[2.872s]       |                ^~~
[5.792s] gmake[2]: *** [CMakeFiles/gps_node.dir/build.make:79: CMakeFiles/gps_node.dir/src/gps_node.cpp.o] Error 1
[5.792s] gmake[1]: *** [CMakeFiles/Makefile2:188: CMakeFiles/gps_node.dir/all] Error 2
[5.792s] gmake: *** [Makefile:146: all] Error 2
[5.793s] Invoked command in '/home/w/projects/projects/gps_ws/build/gps' returned '2': CMAKE_PREFIX_PATH=${CMAKE_PREFIX_PATH}:/opt/ros/humble /usr/bin/cmake --build /home/w/projects/projects/gps_ws/build/gps -- -j16 -l16
