[0.143s] colcon DEBUG Command line arguments: ['/usr/bin/colcon', 'build', '--packages-select', 'gps']
[0.143s] colcon DEBUG Parsed command line arguments: Namespace(log_base=None, log_level=None, verb_name='build', build_base='build', install_base='install', merge_install=False, symlink_install=False, test_result_base=None, continue_on_error=False, executor='parallel', parallel_workers=8, event_handlers=None, ignore_user_meta=False, metas=['./colcon.meta'], base_paths=['.'], packages_ignore=None, packages_ignore_regex=None, paths=None, packages_up_to=None, packages_up_to_regex=None, packages_above=None, packages_above_and_dependencies=None, packages_above_depth=None, packages_select_by_dep=None, packages_skip_by_dep=None, packages_skip_up_to=None, packages_select_build_failed=False, packages_skip_build_finished=False, packages_select_test_failures=False, packages_skip_test_passed=False, packages_select=['gps'], packages_skip=None, packages_select_regex=None, packages_skip_regex=None, packages_start=None, packages_end=None, allow_overriding=[], cmake_args=None, cmake_target=None, cmake_target_skip_unavailable=False, cmake_clean_cache=False, cmake_clean_first=False, cmake_force_configure=False, ament_cmake_args=None, catkin_cmake_args=None, catkin_skip_building_tests=False, mixin_files=None, mixin=None, verb_parser=<colcon_mixin.mixin.mixin_argument.MixinArgumentDecorator object at 0x79df0ca46560>, verb_extension=<colcon_core.verb.build.BuildVerb object at 0x79df0cb3fbe0>, main=<bound method BuildVerb.main of <colcon_core.verb.build.BuildVerb object at 0x79df0cb3fbe0>>, mixin_verb=('build',))
[0.372s] colcon.colcon_core.package_discovery Level 1 discover_packages(colcon_meta) check parameters
[0.373s] colcon.colcon_core.package_discovery Level 1 discover_packages(recursive) check parameters
[0.373s] colcon.colcon_core.package_discovery Level 1 discover_packages(ignore) check parameters
[0.373s] colcon.colcon_core.package_discovery Level 1 discover_packages(path) check parameters
[0.373s] colcon.colcon_core.package_discovery Level 1 discover_packages(colcon_meta) discover
[0.373s] colcon.colcon_core.package_discovery Level 1 discover_packages(recursive) discover
[0.373s] colcon.colcon_core.package_discovery INFO Crawling recursively for packages in '/home/w/projects/projects/gps_ws'
[0.373s] colcon.colcon_core.package_identification Level 1 _identify(.) by extensions ['ignore', 'ignore_ament_install']
[0.373s] colcon.colcon_core.package_identification Level 1 _identify(.) by extension 'ignore'
[0.373s] colcon.colcon_core.package_identification Level 1 _identify(.) by extension 'ignore_ament_install'
[0.373s] colcon.colcon_core.package_identification Level 1 _identify(.) by extensions ['colcon_pkg']
[0.373s] colcon.colcon_core.package_identification Level 1 _identify(.) by extension 'colcon_pkg'
[0.373s] colcon.colcon_core.package_identification Level 1 _identify(.) by extensions ['colcon_meta']
[0.373s] colcon.colcon_core.package_identification Level 1 _identify(.) by extension 'colcon_meta'
[0.374s] colcon.colcon_core.package_identification Level 1 _identify(.) by extensions ['ros']
[0.374s] colcon.colcon_core.package_identification Level 1 _identify(.) by extension 'ros'
[0.414s] colcon.colcon_core.package_identification Level 1 _identify(.) by extensions ['cmake', 'python']
[0.415s] colcon.colcon_core.package_identification Level 1 _identify(.) by extension 'cmake'
[0.415s] colcon.colcon_core.package_identification Level 1 _identify(.) by extension 'python'
[0.415s] colcon.colcon_core.package_identification Level 1 _identify(.) by extensions ['python_setup_py']
[0.415s] colcon.colcon_core.package_identification Level 1 _identify(.) by extension 'python_setup_py'
[0.415s] colcon.colcon_core.package_identification Level 1 _identify(assets) by extensions ['ignore', 'ignore_ament_install']
[0.415s] colcon.colcon_core.package_identification Level 1 _identify(assets) by extension 'ignore'
[0.415s] colcon.colcon_core.package_identification Level 1 _identify(assets) by extension 'ignore_ament_install'
[0.416s] colcon.colcon_core.package_identification Level 1 _identify(assets) by extensions ['colcon_pkg']
[0.416s] colcon.colcon_core.package_identification Level 1 _identify(assets) by extension 'colcon_pkg'
[0.416s] colcon.colcon_core.package_identification Level 1 _identify(assets) by extensions ['colcon_meta']
[0.416s] colcon.colcon_core.package_identification Level 1 _identify(assets) by extension 'colcon_meta'
[0.416s] colcon.colcon_core.package_identification Level 1 _identify(assets) by extensions ['ros']
[0.416s] colcon.colcon_core.package_identification Level 1 _identify(assets) by extension 'ros'
[0.416s] colcon.colcon_core.package_identification Level 1 _identify(assets) by extensions ['cmake', 'python']
[0.416s] colcon.colcon_core.package_identification Level 1 _identify(assets) by extension 'cmake'
[0.416s] colcon.colcon_core.package_identification Level 1 _identify(assets) by extension 'python'
[0.416s] colcon.colcon_core.package_identification Level 1 _identify(assets) by extensions ['python_setup_py']
[0.416s] colcon.colcon_core.package_identification Level 1 _identify(assets) by extension 'python_setup_py'
[0.417s] colcon.colcon_core.package_identification Level 1 _identify(assets/data) by extensions ['ignore', 'ignore_ament_install']
[0.417s] colcon.colcon_core.package_identification Level 1 _identify(assets/data) by extension 'ignore'
[0.417s] colcon.colcon_core.package_identification Level 1 _identify(assets/data) by extension 'ignore_ament_install'
[0.417s] colcon.colcon_core.package_identification Level 1 _identify(assets/data) by extensions ['colcon_pkg']
[0.417s] colcon.colcon_core.package_identification Level 1 _identify(assets/data) by extension 'colcon_pkg'
[0.417s] colcon.colcon_core.package_identification Level 1 _identify(assets/data) by extensions ['colcon_meta']
[0.417s] colcon.colcon_core.package_identification Level 1 _identify(assets/data) by extension 'colcon_meta'
[0.417s] colcon.colcon_core.package_identification Level 1 _identify(assets/data) by extensions ['ros']
[0.417s] colcon.colcon_core.package_identification Level 1 _identify(assets/data) by extension 'ros'
[0.418s] colcon.colcon_core.package_identification Level 1 _identify(assets/data) by extensions ['cmake', 'python']
[0.418s] colcon.colcon_core.package_identification Level 1 _identify(assets/data) by extension 'cmake'
[0.418s] colcon.colcon_core.package_identification Level 1 _identify(assets/data) by extension 'python'
[0.418s] colcon.colcon_core.package_identification Level 1 _identify(assets/data) by extensions ['python_setup_py']
[0.418s] colcon.colcon_core.package_identification Level 1 _identify(assets/data) by extension 'python_setup_py'
[0.418s] colcon.colcon_core.package_identification Level 1 _identify(assets/data/data1) by extensions ['ignore', 'ignore_ament_install']
[0.418s] colcon.colcon_core.package_identification Level 1 _identify(assets/data/data1) by extension 'ignore'
[0.418s] colcon.colcon_core.package_identification Level 1 _identify(assets/data/data1) by extension 'ignore_ament_install'
[0.419s] colcon.colcon_core.package_identification Level 1 _identify(assets/data/data1) by extensions ['colcon_pkg']
[0.419s] colcon.colcon_core.package_identification Level 1 _identify(assets/data/data1) by extension 'colcon_pkg'
[0.419s] colcon.colcon_core.package_identification Level 1 _identify(assets/data/data1) by extensions ['colcon_meta']
[0.419s] colcon.colcon_core.package_identification Level 1 _identify(assets/data/data1) by extension 'colcon_meta'
[0.419s] colcon.colcon_core.package_identification Level 1 _identify(assets/data/data1) by extensions ['ros']
[0.419s] colcon.colcon_core.package_identification Level 1 _identify(assets/data/data1) by extension 'ros'
[0.419s] colcon.colcon_core.package_identification Level 1 _identify(assets/data/data1) by extensions ['cmake', 'python']
[0.419s] colcon.colcon_core.package_identification Level 1 _identify(assets/data/data1) by extension 'cmake'
[0.419s] colcon.colcon_core.package_identification Level 1 _identify(assets/data/data1) by extension 'python'
[0.419s] colcon.colcon_core.package_identification Level 1 _identify(assets/data/data1) by extensions ['python_setup_py']
[0.419s] colcon.colcon_core.package_identification Level 1 _identify(assets/data/data1) by extension 'python_setup_py'
[0.420s] colcon.colcon_core.package_identification Level 1 _identify(assets/data/data2) by extensions ['ignore', 'ignore_ament_install']
[0.420s] colcon.colcon_core.package_identification Level 1 _identify(assets/data/data2) by extension 'ignore'
[0.420s] colcon.colcon_core.package_identification Level 1 _identify(assets/data/data2) by extension 'ignore_ament_install'
[0.420s] colcon.colcon_core.package_identification Level 1 _identify(assets/data/data2) by extensions ['colcon_pkg']
[0.420s] colcon.colcon_core.package_identification Level 1 _identify(assets/data/data2) by extension 'colcon_pkg'
[0.420s] colcon.colcon_core.package_identification Level 1 _identify(assets/data/data2) by extensions ['colcon_meta']
[0.420s] colcon.colcon_core.package_identification Level 1 _identify(assets/data/data2) by extension 'colcon_meta'
[0.420s] colcon.colcon_core.package_identification Level 1 _identify(assets/data/data2) by extensions ['ros']
[0.420s] colcon.colcon_core.package_identification Level 1 _identify(assets/data/data2) by extension 'ros'
[0.420s] colcon.colcon_core.package_identification Level 1 _identify(assets/data/data2) by extensions ['cmake', 'python']
[0.420s] colcon.colcon_core.package_identification Level 1 _identify(assets/data/data2) by extension 'cmake'
[0.421s] colcon.colcon_core.package_identification Level 1 _identify(assets/data/data2) by extension 'python'
[0.421s] colcon.colcon_core.package_identification Level 1 _identify(assets/data/data2) by extensions ['python_setup_py']
[0.421s] colcon.colcon_core.package_identification Level 1 _identify(assets/data/data2) by extension 'python_setup_py'
[0.421s] colcon.colcon_core.package_identification Level 1 _identify(assets/vision) by extensions ['ignore', 'ignore_ament_install']
[0.421s] colcon.colcon_core.package_identification Level 1 _identify(assets/vision) by extension 'ignore'
[0.421s] colcon.colcon_core.package_identification Level 1 _identify(assets/vision) by extension 'ignore_ament_install'
[0.421s] colcon.colcon_core.package_identification Level 1 _identify(assets/vision) by extensions ['colcon_pkg']
[0.421s] colcon.colcon_core.package_identification Level 1 _identify(assets/vision) by extension 'colcon_pkg'
[0.421s] colcon.colcon_core.package_identification Level 1 _identify(assets/vision) by extensions ['colcon_meta']
[0.421s] colcon.colcon_core.package_identification Level 1 _identify(assets/vision) by extension 'colcon_meta'
[0.421s] colcon.colcon_core.package_identification Level 1 _identify(assets/vision) by extensions ['ros']
[0.421s] colcon.colcon_core.package_identification Level 1 _identify(assets/vision) by extension 'ros'
[0.422s] colcon.colcon_core.package_identification Level 1 _identify(assets/vision) by extensions ['cmake', 'python']
[0.422s] colcon.colcon_core.package_identification Level 1 _identify(assets/vision) by extension 'cmake'
[0.422s] colcon.colcon_core.package_identification Level 1 _identify(assets/vision) by extension 'python'
[0.422s] colcon.colcon_core.package_identification Level 1 _identify(assets/vision) by extensions ['python_setup_py']
[0.422s] colcon.colcon_core.package_identification Level 1 _identify(assets/vision) by extension 'python_setup_py'
[0.422s] colcon.colcon_core.package_identification Level 1 _identify(build) by extensions ['ignore', 'ignore_ament_install']
[0.422s] colcon.colcon_core.package_identification Level 1 _identify(build) by extension 'ignore'
[0.422s] colcon.colcon_core.package_identification Level 1 _identify(build) ignored
[0.423s] colcon.colcon_core.package_identification Level 1 _identify(install) by extensions ['ignore', 'ignore_ament_install']
[0.423s] colcon.colcon_core.package_identification Level 1 _identify(install) by extension 'ignore'
[0.423s] colcon.colcon_core.package_identification Level 1 _identify(install) ignored
[0.423s] colcon.colcon_core.package_identification Level 1 _identify(log) by extensions ['ignore', 'ignore_ament_install']
[0.423s] colcon.colcon_core.package_identification Level 1 _identify(log) by extension 'ignore'
[0.424s] colcon.colcon_core.package_identification Level 1 _identify(log) ignored
[0.424s] colcon.colcon_core.package_identification Level 1 _identify(src) by extensions ['ignore', 'ignore_ament_install']
[0.424s] colcon.colcon_core.package_identification Level 1 _identify(src) by extension 'ignore'
[0.424s] colcon.colcon_core.package_identification Level 1 _identify(src) by extension 'ignore_ament_install'
[0.424s] colcon.colcon_core.package_identification Level 1 _identify(src) by extensions ['colcon_pkg']
[0.424s] colcon.colcon_core.package_identification Level 1 _identify(src) by extension 'colcon_pkg'
[0.424s] colcon.colcon_core.package_identification Level 1 _identify(src) by extensions ['colcon_meta']
[0.424s] colcon.colcon_core.package_identification Level 1 _identify(src) by extension 'colcon_meta'
[0.424s] colcon.colcon_core.package_identification Level 1 _identify(src) by extensions ['ros']
[0.424s] colcon.colcon_core.package_identification Level 1 _identify(src) by extension 'ros'
[0.425s] colcon.colcon_core.package_identification Level 1 _identify(src) by extensions ['cmake', 'python']
[0.425s] colcon.colcon_core.package_identification Level 1 _identify(src) by extension 'cmake'
[0.425s] colcon.colcon_core.package_identification Level 1 _identify(src) by extension 'python'
[0.425s] colcon.colcon_core.package_identification Level 1 _identify(src) by extensions ['python_setup_py']
[0.425s] colcon.colcon_core.package_identification Level 1 _identify(src) by extension 'python_setup_py'
[0.425s] colcon.colcon_core.package_identification Level 1 _identify(src/gps) by extensions ['ignore', 'ignore_ament_install']
[0.425s] colcon.colcon_core.package_identification Level 1 _identify(src/gps) by extension 'ignore'
[0.425s] colcon.colcon_core.package_identification Level 1 _identify(src/gps) by extension 'ignore_ament_install'
[0.425s] colcon.colcon_core.package_identification Level 1 _identify(src/gps) by extensions ['colcon_pkg']
[0.425s] colcon.colcon_core.package_identification Level 1 _identify(src/gps) by extension 'colcon_pkg'
[0.425s] colcon.colcon_core.package_identification Level 1 _identify(src/gps) by extensions ['colcon_meta']
[0.426s] colcon.colcon_core.package_identification Level 1 _identify(src/gps) by extension 'colcon_meta'
[0.426s] colcon.colcon_core.package_identification Level 1 _identify(src/gps) by extensions ['ros']
[0.426s] colcon.colcon_core.package_identification Level 1 _identify(src/gps) by extension 'ros'
[0.429s] colcon.colcon_core.package_identification DEBUG Package 'src/gps' with type 'ros.ament_cmake' and name 'gps'
[0.429s] colcon.colcon_core.package_identification Level 1 _identify(src/vision) by extensions ['ignore', 'ignore_ament_install']
[0.430s] colcon.colcon_core.package_identification Level 1 _identify(src/vision) by extension 'ignore'
[0.430s] colcon.colcon_core.package_identification Level 1 _identify(src/vision) by extension 'ignore_ament_install'
[0.430s] colcon.colcon_core.package_identification Level 1 _identify(src/vision) by extensions ['colcon_pkg']
[0.430s] colcon.colcon_core.package_identification Level 1 _identify(src/vision) by extension 'colcon_pkg'
[0.430s] colcon.colcon_core.package_identification Level 1 _identify(src/vision) by extensions ['colcon_meta']
[0.430s] colcon.colcon_core.package_identification Level 1 _identify(src/vision) by extension 'colcon_meta'
[0.430s] colcon.colcon_core.package_identification Level 1 _identify(src/vision) by extensions ['ros']
[0.430s] colcon.colcon_core.package_identification Level 1 _identify(src/vision) by extension 'ros'
[0.431s] colcon.colcon_core.package_identification DEBUG Package 'src/vision' with type 'ros.ament_python' and name 'vision'
[0.432s] colcon.colcon_core.package_discovery Level 1 discover_packages(recursive) using defaults
[0.432s] colcon.colcon_core.package_discovery Level 1 discover_packages(ignore) discover
[0.432s] colcon.colcon_core.package_discovery Level 1 discover_packages(ignore) using defaults
[0.432s] colcon.colcon_core.package_discovery Level 1 discover_packages(path) discover
[0.432s] colcon.colcon_core.package_discovery Level 1 discover_packages(path) using defaults
[0.450s] colcon.colcon_core.package_selection INFO Skipping not selected package 'vision' in 'src/vision'
[0.451s] colcon.colcon_core.package_discovery Level 1 discover_packages(prefix_path) check parameters
[0.451s] colcon.colcon_core.package_discovery Level 1 discover_packages(prefix_path) discover
[0.453s] colcon.colcon_installed_package_information.package_discovery DEBUG Found 1 installed packages in /home/w/slam_ws/install
[0.454s] colcon.colcon_installed_package_information.package_discovery DEBUG Found 2 installed packages in /home/w/projects/projects/gps_ws/install
[0.455s] colcon.colcon_installed_package_information.package_discovery DEBUG Found 1 installed packages in /home/w/ws_livox/install
[0.456s] colcon.colcon_installed_package_information.package_discovery DEBUG Found 1 installed packages in /home/w/fastlio/install
[0.459s] colcon.colcon_installed_package_information.package_discovery DEBUG Found 297 installed packages in /opt/ros/humble
[0.463s] colcon.colcon_core.package_discovery Level 1 discover_packages(prefix_path) using defaults
[0.509s] colcon.colcon_core.verb Level 5 set package 'gps' build argument 'cmake_args' from command line to 'None'
[0.509s] colcon.colcon_core.verb Level 5 set package 'gps' build argument 'cmake_target' from command line to 'None'
[0.509s] colcon.colcon_core.verb Level 5 set package 'gps' build argument 'cmake_target_skip_unavailable' from command line to 'False'
[0.509s] colcon.colcon_core.verb Level 5 set package 'gps' build argument 'cmake_clean_cache' from command line to 'False'
[0.509s] colcon.colcon_core.verb Level 5 set package 'gps' build argument 'cmake_clean_first' from command line to 'False'
[0.509s] colcon.colcon_core.verb Level 5 set package 'gps' build argument 'cmake_force_configure' from command line to 'False'
[0.509s] colcon.colcon_core.verb Level 5 set package 'gps' build argument 'ament_cmake_args' from command line to 'None'
[0.509s] colcon.colcon_core.verb Level 5 set package 'gps' build argument 'catkin_cmake_args' from command line to 'None'
[0.509s] colcon.colcon_core.verb Level 5 set package 'gps' build argument 'catkin_skip_building_tests' from command line to 'False'
[0.510s] colcon.colcon_core.verb DEBUG Building package 'gps' with the following arguments: {'ament_cmake_args': None, 'build_base': '/home/w/projects/projects/gps_ws/build/gps', 'catkin_cmake_args': None, 'catkin_skip_building_tests': False, 'cmake_args': None, 'cmake_clean_cache': False, 'cmake_clean_first': False, 'cmake_force_configure': False, 'cmake_target': None, 'cmake_target_skip_unavailable': False, 'install_base': '/home/w/projects/projects/gps_ws/install/gps', 'merge_install': False, 'path': '/home/w/projects/projects/gps_ws/src/gps', 'symlink_install': False, 'test_result_base': None}
[0.510s] colcon.colcon_core.executor INFO Executing jobs using 'parallel' executor
[0.511s] colcon.colcon_parallel_executor.executor.parallel DEBUG run_until_complete
[0.511s] colcon.colcon_ros.task.ament_cmake.build INFO Building ROS package in '/home/w/projects/projects/gps_ws/src/gps' with build type 'ament_cmake'
[0.511s] colcon.colcon_cmake.task.cmake.build INFO Building CMake package in '/home/w/projects/projects/gps_ws/src/gps'
[0.513s] colcon.colcon_core.plugin_system INFO Skipping extension 'colcon_core.shell.bat': Not used on non-Windows systems
[0.513s] colcon.colcon_core.shell INFO Skip shell extension 'powershell' for command environment: Not usable outside of PowerShell
[0.513s] colcon.colcon_core.shell DEBUG Skip shell extension 'dsv' for command environment
[0.524s] colcon.colcon_core.event_handler.log_command DEBUG Invoking command in '/home/w/projects/projects/gps_ws/build/gps': CMAKE_PREFIX_PATH=${CMAKE_PREFIX_PATH}:/home/w/projects/projects/gps_ws/install/vision:/opt/ros/humble /usr/bin/cmake --build /home/w/projects/projects/gps_ws/build/gps -- -j8 -l8
[20.071s] colcon.colcon_core.event_handler.log_command DEBUG Invoked command in '/home/w/projects/projects/gps_ws/build/gps' returned '0': CMAKE_PREFIX_PATH=${CMAKE_PREFIX_PATH}:/home/w/projects/projects/gps_ws/install/vision:/opt/ros/humble /usr/bin/cmake --build /home/w/projects/projects/gps_ws/build/gps -- -j8 -l8
[20.080s] colcon.colcon_core.event_handler.log_command DEBUG Invoking command in '/home/w/projects/projects/gps_ws/build/gps': CMAKE_PREFIX_PATH=${CMAKE_PREFIX_PATH}:/home/w/projects/projects/gps_ws/install/vision:/opt/ros/humble /usr/bin/cmake --install /home/w/projects/projects/gps_ws/build/gps
[20.111s] colcon.colcon_core.environment Level 1 create_environment_scripts_only(gps)
[20.114s] colcon.colcon_core.event_handler.log_command DEBUG Invoked command in '/home/w/projects/projects/gps_ws/build/gps' returned '0': CMAKE_PREFIX_PATH=${CMAKE_PREFIX_PATH}:/home/w/projects/projects/gps_ws/install/vision:/opt/ros/humble /usr/bin/cmake --install /home/w/projects/projects/gps_ws/build/gps
[20.115s] colcon.colcon_core.environment Level 1 checking '/home/w/projects/projects/gps_ws/install/gps' for CMake module files
[20.116s] colcon.colcon_core.environment Level 1 checking '/home/w/projects/projects/gps_ws/install/gps' for CMake config files
[20.117s] colcon.colcon_core.shell Level 1 create_environment_hook('gps', 'cmake_prefix_path')
[20.117s] colcon.colcon_core.shell INFO Creating environment hook '/home/w/projects/projects/gps_ws/install/gps/share/gps/hook/cmake_prefix_path.ps1'
[20.118s] colcon.colcon_core.shell INFO Creating environment descriptor '/home/w/projects/projects/gps_ws/install/gps/share/gps/hook/cmake_prefix_path.dsv'
[20.119s] colcon.colcon_core.shell INFO Creating environment hook '/home/w/projects/projects/gps_ws/install/gps/share/gps/hook/cmake_prefix_path.sh'
[20.121s] colcon.colcon_core.environment Level 1 checking '/home/w/projects/projects/gps_ws/install/gps/lib'
[20.121s] colcon.colcon_core.environment Level 1 checking '/home/w/projects/projects/gps_ws/install/gps/bin'
[20.122s] colcon.colcon_core.environment Level 1 checking '/home/w/projects/projects/gps_ws/install/gps/lib/pkgconfig/gps.pc'
[20.122s] colcon.colcon_core.environment Level 1 checking '/home/w/projects/projects/gps_ws/install/gps/lib/python3.10/site-packages'
[20.123s] colcon.colcon_core.environment Level 1 checking '/home/w/projects/projects/gps_ws/install/gps/bin'
[20.123s] colcon.colcon_core.shell INFO Creating package script '/home/w/projects/projects/gps_ws/install/gps/share/gps/package.ps1'
[20.125s] colcon.colcon_core.shell INFO Creating package descriptor '/home/w/projects/projects/gps_ws/install/gps/share/gps/package.dsv'
[20.126s] colcon.colcon_core.shell INFO Creating package script '/home/w/projects/projects/gps_ws/install/gps/share/gps/package.sh'
[20.127s] colcon.colcon_core.shell INFO Creating package script '/home/w/projects/projects/gps_ws/install/gps/share/gps/package.bash'
[20.128s] colcon.colcon_core.shell INFO Creating package script '/home/w/projects/projects/gps_ws/install/gps/share/gps/package.zsh'
[20.128s] colcon.colcon_core.environment Level 1 create_file_with_runtime_dependencies(/home/w/projects/projects/gps_ws/install/gps/share/colcon-core/packages/gps)
[20.130s] colcon.colcon_core.environment Level 1 create_environment_scripts_only(gps)
[20.130s] colcon.colcon_core.environment Level 1 checking '/home/w/projects/projects/gps_ws/install/gps' for CMake module files
[20.131s] colcon.colcon_core.environment Level 1 checking '/home/w/projects/projects/gps_ws/install/gps' for CMake config files
[20.131s] colcon.colcon_core.shell Level 1 create_environment_hook('gps', 'cmake_prefix_path')
[20.131s] colcon.colcon_core.shell INFO Creating environment hook '/home/w/projects/projects/gps_ws/install/gps/share/gps/hook/cmake_prefix_path.ps1'
[20.132s] colcon.colcon_core.shell INFO Creating environment descriptor '/home/w/projects/projects/gps_ws/install/gps/share/gps/hook/cmake_prefix_path.dsv'
[20.132s] colcon.colcon_core.shell INFO Creating environment hook '/home/w/projects/projects/gps_ws/install/gps/share/gps/hook/cmake_prefix_path.sh'
[20.133s] colcon.colcon_core.environment Level 1 checking '/home/w/projects/projects/gps_ws/install/gps/lib'
[20.134s] colcon.colcon_core.environment Level 1 checking '/home/w/projects/projects/gps_ws/install/gps/bin'
[20.134s] colcon.colcon_core.environment Level 1 checking '/home/w/projects/projects/gps_ws/install/gps/lib/pkgconfig/gps.pc'
[20.135s] colcon.colcon_core.environment Level 1 checking '/home/w/projects/projects/gps_ws/install/gps/lib/python3.10/site-packages'
[20.137s] colcon.colcon_core.environment Level 1 checking '/home/w/projects/projects/gps_ws/install/gps/bin'
[20.138s] colcon.colcon_core.shell INFO Creating package script '/home/w/projects/projects/gps_ws/install/gps/share/gps/package.ps1'
[20.139s] colcon.colcon_core.shell INFO Creating package descriptor '/home/w/projects/projects/gps_ws/install/gps/share/gps/package.dsv'
[20.139s] colcon.colcon_core.shell INFO Creating package script '/home/w/projects/projects/gps_ws/install/gps/share/gps/package.sh'
[20.140s] colcon.colcon_core.shell INFO Creating package script '/home/w/projects/projects/gps_ws/install/gps/share/gps/package.bash'
[20.141s] colcon.colcon_core.shell INFO Creating package script '/home/w/projects/projects/gps_ws/install/gps/share/gps/package.zsh'
[20.141s] colcon.colcon_core.environment Level 1 create_file_with_runtime_dependencies(/home/w/projects/projects/gps_ws/install/gps/share/colcon-core/packages/gps)
[20.142s] colcon.colcon_parallel_executor.executor.parallel DEBUG closing loop
[20.142s] colcon.colcon_parallel_executor.executor.parallel DEBUG loop closed
[20.143s] colcon.colcon_parallel_executor.executor.parallel DEBUG run_until_complete finished with '0'
[20.143s] colcon.colcon_core.event_reactor DEBUG joining thread
[20.151s] colcon.colcon_core.plugin_system INFO Skipping extension 'colcon_notification.desktop_notification.terminal_notifier': Not used on non-Darwin systems
[20.151s] colcon.colcon_core.plugin_system INFO Skipping extension 'colcon_notification.desktop_notification.win32': Not used on non-Windows systems
[20.151s] colcon.colcon_notification.desktop_notification INFO Sending desktop notification using 'notify2'
[20.173s] colcon.colcon_core.event_reactor DEBUG joined thread
[20.173s] colcon.colcon_core.shell INFO Creating prefix script '/home/w/projects/projects/gps_ws/install/local_setup.ps1'
[20.175s] colcon.colcon_core.shell INFO Creating prefix util module '/home/w/projects/projects/gps_ws/install/_local_setup_util_ps1.py'
[20.183s] colcon.colcon_core.shell INFO Creating prefix chain script '/home/w/projects/projects/gps_ws/install/setup.ps1'
[20.191s] colcon.colcon_core.shell INFO Creating prefix script '/home/w/projects/projects/gps_ws/install/local_setup.sh'
[20.192s] colcon.colcon_core.shell INFO Creating prefix util module '/home/w/projects/projects/gps_ws/install/_local_setup_util_sh.py'
[20.193s] colcon.colcon_core.shell INFO Creating prefix chain script '/home/w/projects/projects/gps_ws/install/setup.sh'
[20.198s] colcon.colcon_core.shell INFO Creating prefix script '/home/w/projects/projects/gps_ws/install/local_setup.bash'
[20.199s] colcon.colcon_core.shell INFO Creating prefix chain script '/home/w/projects/projects/gps_ws/install/setup.bash'
[20.203s] colcon.colcon_core.shell INFO Creating prefix script '/home/w/projects/projects/gps_ws/install/local_setup.zsh'
[20.204s] colcon.colcon_core.shell INFO Creating prefix chain script '/home/w/projects/projects/gps_ws/install/setup.zsh'
