[0.508s] [34mcolcon[0m [1;30mDEBUG[0m [32mCommand line arguments: ['/usr/bin/colcon', 'build'][0m
[0.508s] [34mcolcon[0m [1;30mDEBUG[0m [32mParsed command line arguments: Namespace(log_base=None, log_level=None, verb_name='build', build_base='build', install_base='install', merge_install=False, symlink_install=False, test_result_base=None, continue_on_error=False, executor='parallel', parallel_workers=8, event_handlers=None, ignore_user_meta=False, metas=['./colcon.meta'], base_paths=['.'], packages_ignore=None, packages_ignore_regex=None, paths=None, packages_up_to=None, packages_up_to_regex=None, packages_above=None, packages_above_and_dependencies=None, packages_above_depth=None, packages_select_by_dep=None, packages_skip_by_dep=None, packages_skip_up_to=None, packages_select_build_failed=False, packages_skip_build_finished=False, packages_select_test_failures=False, packages_skip_test_passed=False, packages_select=None, packages_skip=None, packages_select_regex=None, packages_skip_regex=None, packages_start=None, packages_end=None, allow_overriding=[], cmake_args=None, cmake_target=None, cmake_target_skip_unavailable=False, cmake_clean_cache=False, cmake_clean_first=False, cmake_force_configure=False, ament_cmake_args=None, catkin_cmake_args=None, catkin_skip_building_tests=False, mixin_files=None, mixin=None, verb_parser=<colcon_mixin.mixin.mixin_argument.MixinArgumentDecorator object at 0x7514fdd32620>, verb_extension=<colcon_core.verb.build.BuildVerb object at 0x7514fde27c70>, main=<bound method BuildVerb.main of <colcon_core.verb.build.BuildVerb object at 0x7514fde27c70>>, mixin_verb=('build',))[0m
[1.137s] [34mcolcon.colcon_core.package_discovery[0m [1;30mLevel 1[0m discover_packages(colcon_meta) check parameters
[1.138s] [34mcolcon.colcon_core.package_discovery[0m [1;30mLevel 1[0m discover_packages(recursive) check parameters
[1.138s] [34mcolcon.colcon_core.package_discovery[0m [1;30mLevel 1[0m discover_packages(ignore) check parameters
[1.138s] [34mcolcon.colcon_core.package_discovery[0m [1;30mLevel 1[0m discover_packages(path) check parameters
[1.139s] [34mcolcon.colcon_core.package_discovery[0m [1;30mLevel 1[0m discover_packages(colcon_meta) discover
[1.139s] [34mcolcon.colcon_core.package_discovery[0m [1;30mLevel 1[0m discover_packages(recursive) discover
[1.139s] [34mcolcon.colcon_core.package_discovery[0m [1;30mINFO[0m Crawling recursively for packages in '/home/w/projects/projects/gps_ws'
[1.139s] [34mcolcon.colcon_core.package_identification[0m [1;30mLevel 1[0m _identify(.) by extensions ['ignore', 'ignore_ament_install']
[1.139s] [34mcolcon.colcon_core.package_identification[0m [1;30mLevel 1[0m _identify(.) by extension 'ignore'
[1.139s] [34mcolcon.colcon_core.package_identification[0m [1;30mLevel 1[0m _identify(.) by extension 'ignore_ament_install'
[1.140s] [34mcolcon.colcon_core.package_identification[0m [1;30mLevel 1[0m _identify(.) by extensions ['colcon_pkg']
[1.140s] [34mcolcon.colcon_core.package_identification[0m [1;30mLevel 1[0m _identify(.) by extension 'colcon_pkg'
[1.140s] [34mcolcon.colcon_core.package_identification[0m [1;30mLevel 1[0m _identify(.) by extensions ['colcon_meta']
[1.140s] [34mcolcon.colcon_core.package_identification[0m [1;30mLevel 1[0m _identify(.) by extension 'colcon_meta'
[1.140s] [34mcolcon.colcon_core.package_identification[0m [1;30mLevel 1[0m _identify(.) by extensions ['ros']
[1.141s] [34mcolcon.colcon_core.package_identification[0m [1;30mLevel 1[0m _identify(.) by extension 'ros'
[1.291s] [34mcolcon.colcon_core.package_identification[0m [1;30mLevel 1[0m _identify(.) by extensions ['cmake', 'python']
[1.291s] [34mcolcon.colcon_core.package_identification[0m [1;30mLevel 1[0m _identify(.) by extension 'cmake'
[1.292s] [34mcolcon.colcon_core.package_identification[0m [1;30mLevel 1[0m _identify(.) by extension 'python'
[1.292s] [34mcolcon.colcon_core.package_identification[0m [1;30mLevel 1[0m _identify(.) by extensions ['python_setup_py']
[1.292s] [34mcolcon.colcon_core.package_identification[0m [1;30mLevel 1[0m _identify(.) by extension 'python_setup_py'
[1.293s] [34mcolcon.colcon_core.package_identification[0m [1;30mLevel 1[0m _identify(assets) by extensions ['ignore', 'ignore_ament_install']
[1.294s] [34mcolcon.colcon_core.package_identification[0m [1;30mLevel 1[0m _identify(assets) by extension 'ignore'
[1.294s] [34mcolcon.colcon_core.package_identification[0m [1;30mLevel 1[0m _identify(assets) by extension 'ignore_ament_install'
[1.295s] [34mcolcon.colcon_core.package_identification[0m [1;30mLevel 1[0m _identify(assets) by extensions ['colcon_pkg']
[1.295s] [34mcolcon.colcon_core.package_identification[0m [1;30mLevel 1[0m _identify(assets) by extension 'colcon_pkg'
[1.295s] [34mcolcon.colcon_core.package_identification[0m [1;30mLevel 1[0m _identify(assets) by extensions ['colcon_meta']
[1.296s] [34mcolcon.colcon_core.package_identification[0m [1;30mLevel 1[0m _identify(assets) by extension 'colcon_meta'
[1.296s] [34mcolcon.colcon_core.package_identification[0m [1;30mLevel 1[0m _identify(assets) by extensions ['ros']
[1.296s] [34mcolcon.colcon_core.package_identification[0m [1;30mLevel 1[0m _identify(assets) by extension 'ros'
[1.297s] [34mcolcon.colcon_core.package_identification[0m [1;30mLevel 1[0m _identify(assets) by extensions ['cmake', 'python']
[1.297s] [34mcolcon.colcon_core.package_identification[0m [1;30mLevel 1[0m _identify(assets) by extension 'cmake'
[1.298s] [34mcolcon.colcon_core.package_identification[0m [1;30mLevel 1[0m _identify(assets) by extension 'python'
[1.298s] [34mcolcon.colcon_core.package_identification[0m [1;30mLevel 1[0m _identify(assets) by extensions ['python_setup_py']
[1.298s] [34mcolcon.colcon_core.package_identification[0m [1;30mLevel 1[0m _identify(assets) by extension 'python_setup_py'
[1.299s] [34mcolcon.colcon_core.package_identification[0m [1;30mLevel 1[0m _identify(assets/data) by extensions ['ignore', 'ignore_ament_install']
[1.300s] [34mcolcon.colcon_core.package_identification[0m [1;30mLevel 1[0m _identify(assets/data) by extension 'ignore'
[1.300s] [34mcolcon.colcon_core.package_identification[0m [1;30mLevel 1[0m _identify(assets/data) by extension 'ignore_ament_install'
[1.300s] [34mcolcon.colcon_core.package_identification[0m [1;30mLevel 1[0m _identify(assets/data) by extensions ['colcon_pkg']
[1.301s] [34mcolcon.colcon_core.package_identification[0m [1;30mLevel 1[0m _identify(assets/data) by extension 'colcon_pkg'
[1.301s] [34mcolcon.colcon_core.package_identification[0m [1;30mLevel 1[0m _identify(assets/data) by extensions ['colcon_meta']
[1.301s] [34mcolcon.colcon_core.package_identification[0m [1;30mLevel 1[0m _identify(assets/data) by extension 'colcon_meta'
[1.302s] [34mcolcon.colcon_core.package_identification[0m [1;30mLevel 1[0m _identify(assets/data) by extensions ['ros']
[1.302s] [34mcolcon.colcon_core.package_identification[0m [1;30mLevel 1[0m _identify(assets/data) by extension 'ros'
[1.303s] [34mcolcon.colcon_core.package_identification[0m [1;30mLevel 1[0m _identify(assets/data) by extensions ['cmake', 'python']
[1.303s] [34mcolcon.colcon_core.package_identification[0m [1;30mLevel 1[0m _identify(assets/data) by extension 'cmake'
[1.303s] [34mcolcon.colcon_core.package_identification[0m [1;30mLevel 1[0m _identify(assets/data) by extension 'python'
[1.304s] [34mcolcon.colcon_core.package_identification[0m [1;30mLevel 1[0m _identify(assets/data) by extensions ['python_setup_py']
[1.304s] [34mcolcon.colcon_core.package_identification[0m [1;30mLevel 1[0m _identify(assets/data) by extension 'python_setup_py'
[1.304s] [34mcolcon.colcon_core.package_identification[0m [1;30mLevel 1[0m _identify(assets/data/data1) by extensions ['ignore', 'ignore_ament_install']
[1.305s] [34mcolcon.colcon_core.package_identification[0m [1;30mLevel 1[0m _identify(assets/data/data1) by extension 'ignore'
[1.306s] [34mcolcon.colcon_core.package_identification[0m [1;30mLevel 1[0m _identify(assets/data/data1) by extension 'ignore_ament_install'
[1.306s] [34mcolcon.colcon_core.package_identification[0m [1;30mLevel 1[0m _identify(assets/data/data1) by extensions ['colcon_pkg']
[1.306s] [34mcolcon.colcon_core.package_identification[0m [1;30mLevel 1[0m _identify(assets/data/data1) by extension 'colcon_pkg'
[1.306s] [34mcolcon.colcon_core.package_identification[0m [1;30mLevel 1[0m _identify(assets/data/data1) by extensions ['colcon_meta']
[1.307s] [34mcolcon.colcon_core.package_identification[0m [1;30mLevel 1[0m _identify(assets/data/data1) by extension 'colcon_meta'
[1.307s] [34mcolcon.colcon_core.package_identification[0m [1;30mLevel 1[0m _identify(assets/data/data1) by extensions ['ros']
[1.307s] [34mcolcon.colcon_core.package_identification[0m [1;30mLevel 1[0m _identify(assets/data/data1) by extension 'ros'
[1.307s] [34mcolcon.colcon_core.package_identification[0m [1;30mLevel 1[0m _identify(assets/data/data1) by extensions ['cmake', 'python']
[1.307s] [34mcolcon.colcon_core.package_identification[0m [1;30mLevel 1[0m _identify(assets/data/data1) by extension 'cmake'
[1.307s] [34mcolcon.colcon_core.package_identification[0m [1;30mLevel 1[0m _identify(assets/data/data1) by extension 'python'
[1.307s] [34mcolcon.colcon_core.package_identification[0m [1;30mLevel 1[0m _identify(assets/data/data1) by extensions ['python_setup_py']
[1.307s] [34mcolcon.colcon_core.package_identification[0m [1;30mLevel 1[0m _identify(assets/data/data1) by extension 'python_setup_py'
[1.308s] [34mcolcon.colcon_core.package_identification[0m [1;30mLevel 1[0m _identify(assets/data/data2) by extensions ['ignore', 'ignore_ament_install']
[1.308s] [34mcolcon.colcon_core.package_identification[0m [1;30mLevel 1[0m _identify(assets/data/data2) by extension 'ignore'
[1.308s] [34mcolcon.colcon_core.package_identification[0m [1;30mLevel 1[0m _identify(assets/data/data2) by extension 'ignore_ament_install'
[1.308s] [34mcolcon.colcon_core.package_identification[0m [1;30mLevel 1[0m _identify(assets/data/data2) by extensions ['colcon_pkg']
[1.308s] [34mcolcon.colcon_core.package_identification[0m [1;30mLevel 1[0m _identify(assets/data/data2) by extension 'colcon_pkg'
[1.308s] [34mcolcon.colcon_core.package_identification[0m [1;30mLevel 1[0m _identify(assets/data/data2) by extensions ['colcon_meta']
[1.308s] [34mcolcon.colcon_core.package_identification[0m [1;30mLevel 1[0m _identify(assets/data/data2) by extension 'colcon_meta'
[1.308s] [34mcolcon.colcon_core.package_identification[0m [1;30mLevel 1[0m _identify(assets/data/data2) by extensions ['ros']
[1.309s] [34mcolcon.colcon_core.package_identification[0m [1;30mLevel 1[0m _identify(assets/data/data2) by extension 'ros'
[1.309s] [34mcolcon.colcon_core.package_identification[0m [1;30mLevel 1[0m _identify(assets/data/data2) by extensions ['cmake', 'python']
[1.309s] [34mcolcon.colcon_core.package_identification[0m [1;30mLevel 1[0m _identify(assets/data/data2) by extension 'cmake'
[1.309s] [34mcolcon.colcon_core.package_identification[0m [1;30mLevel 1[0m _identify(assets/data/data2) by extension 'python'
[1.309s] [34mcolcon.colcon_core.package_identification[0m [1;30mLevel 1[0m _identify(assets/data/data2) by extensions ['python_setup_py']
[1.309s] [34mcolcon.colcon_core.package_identification[0m [1;30mLevel 1[0m _identify(assets/data/data2) by extension 'python_setup_py'
[1.309s] [34mcolcon.colcon_core.package_identification[0m [1;30mLevel 1[0m _identify(assets/vision) by extensions ['ignore', 'ignore_ament_install']
[1.310s] [34mcolcon.colcon_core.package_identification[0m [1;30mLevel 1[0m _identify(assets/vision) by extension 'ignore'
[1.310s] [34mcolcon.colcon_core.package_identification[0m [1;30mLevel 1[0m _identify(assets/vision) by extension 'ignore_ament_install'
[1.310s] [34mcolcon.colcon_core.package_identification[0m [1;30mLevel 1[0m _identify(assets/vision) by extensions ['colcon_pkg']
[1.310s] [34mcolcon.colcon_core.package_identification[0m [1;30mLevel 1[0m _identify(assets/vision) by extension 'colcon_pkg'
[1.310s] [34mcolcon.colcon_core.package_identification[0m [1;30mLevel 1[0m _identify(assets/vision) by extensions ['colcon_meta']
[1.311s] [34mcolcon.colcon_core.package_identification[0m [1;30mLevel 1[0m _identify(assets/vision) by extension 'colcon_meta'
[1.311s] [34mcolcon.colcon_core.package_identification[0m [1;30mLevel 1[0m _identify(assets/vision) by extensions ['ros']
[1.311s] [34mcolcon.colcon_core.package_identification[0m [1;30mLevel 1[0m _identify(assets/vision) by extension 'ros'
[1.311s] [34mcolcon.colcon_core.package_identification[0m [1;30mLevel 1[0m _identify(assets/vision) by extensions ['cmake', 'python']
[1.312s] [34mcolcon.colcon_core.package_identification[0m [1;30mLevel 1[0m _identify(assets/vision) by extension 'cmake'
[1.312s] [34mcolcon.colcon_core.package_identification[0m [1;30mLevel 1[0m _identify(assets/vision) by extension 'python'
[1.312s] [34mcolcon.colcon_core.package_identification[0m [1;30mLevel 1[0m _identify(assets/vision) by extensions ['python_setup_py']
[1.312s] [34mcolcon.colcon_core.package_identification[0m [1;30mLevel 1[0m _identify(assets/vision) by extension 'python_setup_py'
[1.313s] [34mcolcon.colcon_core.package_identification[0m [1;30mLevel 1[0m _identify(build) by extensions ['ignore', 'ignore_ament_install']
[1.313s] [34mcolcon.colcon_core.package_identification[0m [1;30mLevel 1[0m _identify(build) by extension 'ignore'
[1.313s] [34mcolcon.colcon_core.package_identification[0m [1;30mLevel 1[0m _identify(build) ignored
[1.313s] [34mcolcon.colcon_core.package_identification[0m [1;30mLevel 1[0m _identify(install) by extensions ['ignore', 'ignore_ament_install']
[1.314s] [34mcolcon.colcon_core.package_identification[0m [1;30mLevel 1[0m _identify(install) by extension 'ignore'
[1.314s] [34mcolcon.colcon_core.package_identification[0m [1;30mLevel 1[0m _identify(install) ignored
[1.314s] [34mcolcon.colcon_core.package_identification[0m [1;30mLevel 1[0m _identify(log) by extensions ['ignore', 'ignore_ament_install']
[1.315s] [34mcolcon.colcon_core.package_identification[0m [1;30mLevel 1[0m _identify(log) by extension 'ignore'
[1.315s] [34mcolcon.colcon_core.package_identification[0m [1;30mLevel 1[0m _identify(log) ignored
[1.316s] [34mcolcon.colcon_core.package_identification[0m [1;30mLevel 1[0m _identify(src) by extensions ['ignore', 'ignore_ament_install']
[1.316s] [34mcolcon.colcon_core.package_identification[0m [1;30mLevel 1[0m _identify(src) by extension 'ignore'
[1.316s] [34mcolcon.colcon_core.package_identification[0m [1;30mLevel 1[0m _identify(src) by extension 'ignore_ament_install'
[1.316s] [34mcolcon.colcon_core.package_identification[0m [1;30mLevel 1[0m _identify(src) by extensions ['colcon_pkg']
[1.316s] [34mcolcon.colcon_core.package_identification[0m [1;30mLevel 1[0m _identify(src) by extension 'colcon_pkg'
[1.316s] [34mcolcon.colcon_core.package_identification[0m [1;30mLevel 1[0m _identify(src) by extensions ['colcon_meta']
[1.317s] [34mcolcon.colcon_core.package_identification[0m [1;30mLevel 1[0m _identify(src) by extension 'colcon_meta'
[1.317s] [34mcolcon.colcon_core.package_identification[0m [1;30mLevel 1[0m _identify(src) by extensions ['ros']
[1.317s] [34mcolcon.colcon_core.package_identification[0m [1;30mLevel 1[0m _identify(src) by extension 'ros'
[1.317s] [34mcolcon.colcon_core.package_identification[0m [1;30mLevel 1[0m _identify(src) by extensions ['cmake', 'python']
[1.317s] [34mcolcon.colcon_core.package_identification[0m [1;30mLevel 1[0m _identify(src) by extension 'cmake'
[1.318s] [34mcolcon.colcon_core.package_identification[0m [1;30mLevel 1[0m _identify(src) by extension 'python'
[1.318s] [34mcolcon.colcon_core.package_identification[0m [1;30mLevel 1[0m _identify(src) by extensions ['python_setup_py']
[1.318s] [34mcolcon.colcon_core.package_identification[0m [1;30mLevel 1[0m _identify(src) by extension 'python_setup_py'
[1.319s] [34mcolcon.colcon_core.package_identification[0m [1;30mLevel 1[0m _identify(src/gps) by extensions ['ignore', 'ignore_ament_install']
[1.320s] [34mcolcon.colcon_core.package_identification[0m [1;30mLevel 1[0m _identify(src/gps) by extension 'ignore'
[1.320s] [34mcolcon.colcon_core.package_identification[0m [1;30mLevel 1[0m _identify(src/gps) by extension 'ignore_ament_install'
[1.320s] [34mcolcon.colcon_core.package_identification[0m [1;30mLevel 1[0m _identify(src/gps) by extensions ['colcon_pkg']
[1.320s] [34mcolcon.colcon_core.package_identification[0m [1;30mLevel 1[0m _identify(src/gps) by extension 'colcon_pkg'
[1.321s] [34mcolcon.colcon_core.package_identification[0m [1;30mLevel 1[0m _identify(src/gps) by extensions ['colcon_meta']
[1.321s] [34mcolcon.colcon_core.package_identification[0m [1;30mLevel 1[0m _identify(src/gps) by extension 'colcon_meta'
[1.321s] [34mcolcon.colcon_core.package_identification[0m [1;30mLevel 1[0m _identify(src/gps) by extensions ['ros']
[1.321s] [34mcolcon.colcon_core.package_identification[0m [1;30mLevel 1[0m _identify(src/gps) by extension 'ros'
[1.331s] [34mcolcon.colcon_core.package_identification[0m [1;30mDEBUG[0m [32mPackage 'src/gps' with type 'ros.ament_cmake' and name 'gps'[0m
[1.332s] [34mcolcon.colcon_core.package_identification[0m [1;30mLevel 1[0m _identify(src/vision) by extensions ['ignore', 'ignore_ament_install']
[1.332s] [34mcolcon.colcon_core.package_identification[0m [1;30mLevel 1[0m _identify(src/vision) by extension 'ignore'
[1.332s] [34mcolcon.colcon_core.package_identification[0m [1;30mLevel 1[0m _identify(src/vision) by extension 'ignore_ament_install'
[1.333s] [34mcolcon.colcon_core.package_identification[0m [1;30mLevel 1[0m _identify(src/vision) by extensions ['colcon_pkg']
[1.333s] [34mcolcon.colcon_core.package_identification[0m [1;30mLevel 1[0m _identify(src/vision) by extension 'colcon_pkg'
[1.333s] [34mcolcon.colcon_core.package_identification[0m [1;30mLevel 1[0m _identify(src/vision) by extensions ['colcon_meta']
[1.333s] [34mcolcon.colcon_core.package_identification[0m [1;30mLevel 1[0m _identify(src/vision) by extension 'colcon_meta'
[1.333s] [34mcolcon.colcon_core.package_identification[0m [1;30mLevel 1[0m _identify(src/vision) by extensions ['ros']
[1.333s] [34mcolcon.colcon_core.package_identification[0m [1;30mLevel 1[0m _identify(src/vision) by extension 'ros'
[1.337s] [34mcolcon.colcon_core.package_identification[0m [1;30mDEBUG[0m [32mPackage 'src/vision' with type 'ros.ament_python' and name 'vision'[0m
[1.337s] [34mcolcon.colcon_core.package_discovery[0m [1;30mLevel 1[0m discover_packages(recursive) using defaults
[1.338s] [34mcolcon.colcon_core.package_discovery[0m [1;30mLevel 1[0m discover_packages(ignore) discover
[1.338s] [34mcolcon.colcon_core.package_discovery[0m [1;30mLevel 1[0m discover_packages(ignore) using defaults
[1.338s] [34mcolcon.colcon_core.package_discovery[0m [1;30mLevel 1[0m discover_packages(path) discover
[1.338s] [34mcolcon.colcon_core.package_discovery[0m [1;30mLevel 1[0m discover_packages(path) using defaults
[1.414s] [34mcolcon.colcon_core.package_discovery[0m [1;30mLevel 1[0m discover_packages(prefix_path) check parameters
[1.415s] [34mcolcon.colcon_core.package_discovery[0m [1;30mLevel 1[0m discover_packages(prefix_path) discover
[1.423s] [34mcolcon.colcon_installed_package_information.package_discovery[0m [1;30mDEBUG[0m [32mFound 1 installed packages in /home/w/slam_ws/install[0m
[1.424s] [34mcolcon.colcon_installed_package_information.package_discovery[0m [1;30mDEBUG[0m [32mFound 2 installed packages in /home/w/projects/projects/gps_ws/install[0m
[1.425s] [34mcolcon.colcon_installed_package_information.package_discovery[0m [1;30mDEBUG[0m [32mFound 1 installed packages in /home/w/ws_livox/install[0m
[1.426s] [34mcolcon.colcon_installed_package_information.package_discovery[0m [1;30mDEBUG[0m [32mFound 1 installed packages in /home/w/fastlio/install[0m
[1.429s] [34mcolcon.colcon_installed_package_information.package_discovery[0m [1;30mDEBUG[0m [32mFound 297 installed packages in /opt/ros/humble[0m
[1.434s] [34mcolcon.colcon_core.package_discovery[0m [1;30mLevel 1[0m discover_packages(prefix_path) using defaults
[1.568s] [34mcolcon.colcon_core.verb[0m [1;30mLevel 5[0m set package 'gps' build argument 'cmake_args' from command line to 'None'
[1.568s] [34mcolcon.colcon_core.verb[0m [1;30mLevel 5[0m set package 'gps' build argument 'cmake_target' from command line to 'None'
[1.569s] [34mcolcon.colcon_core.verb[0m [1;30mLevel 5[0m set package 'gps' build argument 'cmake_target_skip_unavailable' from command line to 'False'
[1.569s] [34mcolcon.colcon_core.verb[0m [1;30mLevel 5[0m set package 'gps' build argument 'cmake_clean_cache' from command line to 'False'
[1.569s] [34mcolcon.colcon_core.verb[0m [1;30mLevel 5[0m set package 'gps' build argument 'cmake_clean_first' from command line to 'False'
[1.569s] [34mcolcon.colcon_core.verb[0m [1;30mLevel 5[0m set package 'gps' build argument 'cmake_force_configure' from command line to 'False'
[1.569s] [34mcolcon.colcon_core.verb[0m [1;30mLevel 5[0m set package 'gps' build argument 'ament_cmake_args' from command line to 'None'
[1.569s] [34mcolcon.colcon_core.verb[0m [1;30mLevel 5[0m set package 'gps' build argument 'catkin_cmake_args' from command line to 'None'
[1.569s] [34mcolcon.colcon_core.verb[0m [1;30mLevel 5[0m set package 'gps' build argument 'catkin_skip_building_tests' from command line to 'False'
[1.569s] [34mcolcon.colcon_core.verb[0m [1;30mDEBUG[0m [32mBuilding package 'gps' with the following arguments: {'ament_cmake_args': None, 'build_base': '/home/w/projects/projects/gps_ws/build/gps', 'catkin_cmake_args': None, 'catkin_skip_building_tests': False, 'cmake_args': None, 'cmake_clean_cache': False, 'cmake_clean_first': False, 'cmake_force_configure': False, 'cmake_target': None, 'cmake_target_skip_unavailable': False, 'install_base': '/home/w/projects/projects/gps_ws/install/gps', 'merge_install': False, 'path': '/home/w/projects/projects/gps_ws/src/gps', 'symlink_install': False, 'test_result_base': None}[0m
[1.571s] [34mcolcon.colcon_core.verb[0m [1;30mLevel 5[0m set package 'vision' build argument 'cmake_args' from command line to 'None'
[1.571s] [34mcolcon.colcon_core.verb[0m [1;30mLevel 5[0m set package 'vision' build argument 'cmake_target' from command line to 'None'
[1.571s] [34mcolcon.colcon_core.verb[0m [1;30mLevel 5[0m set package 'vision' build argument 'cmake_target_skip_unavailable' from command line to 'False'
[1.571s] [34mcolcon.colcon_core.verb[0m [1;30mLevel 5[0m set package 'vision' build argument 'cmake_clean_cache' from command line to 'False'
[1.571s] [34mcolcon.colcon_core.verb[0m [1;30mLevel 5[0m set package 'vision' build argument 'cmake_clean_first' from command line to 'False'
[1.571s] [34mcolcon.colcon_core.verb[0m [1;30mLevel 5[0m set package 'vision' build argument 'cmake_force_configure' from command line to 'False'
[1.571s] [34mcolcon.colcon_core.verb[0m [1;30mLevel 5[0m set package 'vision' build argument 'ament_cmake_args' from command line to 'None'
[1.571s] [34mcolcon.colcon_core.verb[0m [1;30mLevel 5[0m set package 'vision' build argument 'catkin_cmake_args' from command line to 'None'
[1.572s] [34mcolcon.colcon_core.verb[0m [1;30mLevel 5[0m set package 'vision' build argument 'catkin_skip_building_tests' from command line to 'False'
[1.572s] [34mcolcon.colcon_core.verb[0m [1;30mDEBUG[0m [32mBuilding package 'vision' with the following arguments: {'ament_cmake_args': None, 'build_base': '/home/w/projects/projects/gps_ws/build/vision', 'catkin_cmake_args': None, 'catkin_skip_building_tests': False, 'cmake_args': None, 'cmake_clean_cache': False, 'cmake_clean_first': False, 'cmake_force_configure': False, 'cmake_target': None, 'cmake_target_skip_unavailable': False, 'install_base': '/home/w/projects/projects/gps_ws/install/vision', 'merge_install': False, 'path': '/home/w/projects/projects/gps_ws/src/vision', 'symlink_install': False, 'test_result_base': None}[0m
[1.572s] [34mcolcon.colcon_core.executor[0m [1;30mINFO[0m Executing jobs using 'parallel' executor
[1.579s] [34mcolcon.colcon_parallel_executor.executor.parallel[0m [1;30mDEBUG[0m [32mrun_until_complete[0m
[1.580s] [34mcolcon.colcon_ros.task.ament_cmake.build[0m [1;30mINFO[0m Building ROS package in '/home/w/projects/projects/gps_ws/src/gps' with build type 'ament_cmake'
[1.581s] [34mcolcon.colcon_cmake.task.cmake.build[0m [1;30mINFO[0m Building CMake package in '/home/w/projects/projects/gps_ws/src/gps'
[1.593s] [34mcolcon.colcon_core.plugin_system[0m [1;30mINFO[0m Skipping extension 'colcon_core.shell.bat': Not used on non-Windows systems
[1.593s] [34mcolcon.colcon_core.shell[0m [1;30mINFO[0m Skip shell extension 'powershell' for command environment: Not usable outside of PowerShell
[1.594s] [34mcolcon.colcon_core.shell[0m [1;30mDEBUG[0m [32mSkip shell extension 'dsv' for command environment[0m
[1.609s] [34mcolcon.colcon_ros.task.ament_python.build[0m [1;30mINFO[0m Building ROS package in '/home/w/projects/projects/gps_ws/src/vision' with build type 'ament_python'
[1.612s] [34mcolcon.colcon_core.shell[0m [1;30mLevel 1[0m create_environment_hook('vision', 'ament_prefix_path')
[1.613s] [34mcolcon.colcon_core.shell[0m [1;30mINFO[0m Creating environment hook '/home/w/projects/projects/gps_ws/install/vision/share/vision/hook/ament_prefix_path.ps1'
[1.618s] [34mcolcon.colcon_core.shell[0m [1;30mINFO[0m Creating environment descriptor '/home/w/projects/projects/gps_ws/install/vision/share/vision/hook/ament_prefix_path.dsv'
[1.621s] [34mcolcon.colcon_core.shell[0m [1;30mINFO[0m Creating environment hook '/home/w/projects/projects/gps_ws/install/vision/share/vision/hook/ament_prefix_path.sh'
[1.625s] [34mcolcon.colcon_core.shell[0m [1;30mINFO[0m Skip shell extension 'powershell' for command environment: Not usable outside of PowerShell
[1.625s] [34mcolcon.colcon_core.shell[0m [1;30mDEBUG[0m [32mSkip shell extension 'dsv' for command environment[0m
[1.660s] [34mcolcon.colcon_core.event_handler.log_command[0m [1;30mDEBUG[0m [32mInvoking command in '/home/w/projects/projects/gps_ws/build/gps': CMAKE_PREFIX_PATH=${CMAKE_PREFIX_PATH}:/home/w/projects/projects/gps_ws/install/vision:/opt/ros/humble /usr/bin/cmake --build /home/w/projects/projects/gps_ws/build/gps -- -j8 -l8[0m
[2.587s] [34mcolcon.colcon_core.task.python.build[0m [1;30mINFO[0m Building Python package in '/home/w/projects/projects/gps_ws/src/vision'
[2.588s] [34mcolcon.colcon_core.shell[0m [1;30mINFO[0m Skip shell extension 'powershell' for command environment: Not usable outside of PowerShell
[2.588s] [34mcolcon.colcon_core.shell[0m [1;30mDEBUG[0m [32mSkip shell extension 'dsv' for command environment[0m
[3.879s] [34mcolcon.colcon_core.event_handler.log_command[0m [1;30mDEBUG[0m [32mInvoking command in '/home/w/projects/projects/gps_ws/src/vision': PYTHONPATH=/home/w/projects/projects/gps_ws/build/vision/prefix_override:/usr/lib/python3/dist-packages/colcon_core/task/python/colcon_distutils_commands:/home/w/projects/projects/gps_ws/install/vision/lib/python3.10/site-packages:${PYTHONPATH} /usr/bin/python3 -W ignore:setup.py install is deprecated -W ignore:easy_install command is deprecated setup.py egg_info --egg-base ../../build/vision build --build-base /home/w/projects/projects/gps_ws/build/vision/build install --record /home/w/projects/projects/gps_ws/build/vision/install.log --single-version-externally-managed install_data[0m
[4.718s] [34mcolcon.colcon_core.event_handler.log_command[0m [1;30mDEBUG[0m [32mInvoked command in '/home/w/projects/projects/gps_ws/src/vision' returned '0': PYTHONPATH=/home/w/projects/projects/gps_ws/build/vision/prefix_override:/usr/lib/python3/dist-packages/colcon_core/task/python/colcon_distutils_commands:/home/w/projects/projects/gps_ws/install/vision/lib/python3.10/site-packages:${PYTHONPATH} /usr/bin/python3 -W ignore:setup.py install is deprecated -W ignore:easy_install command is deprecated setup.py egg_info --egg-base ../../build/vision build --build-base /home/w/projects/projects/gps_ws/build/vision/build install --record /home/w/projects/projects/gps_ws/build/vision/install.log --single-version-externally-managed install_data[0m
[4.725s] [34mcolcon.colcon_core.environment[0m [1;30mLevel 1[0m checking '/home/w/projects/projects/gps_ws/install/vision' for CMake module files
[4.726s] [34mcolcon.colcon_core.environment[0m [1;30mLevel 1[0m checking '/home/w/projects/projects/gps_ws/install/vision' for CMake config files
[4.727s] [34mcolcon.colcon_core.environment[0m [1;30mLevel 1[0m checking '/home/w/projects/projects/gps_ws/install/vision/lib'
[4.728s] [34mcolcon.colcon_core.environment[0m [1;30mLevel 1[0m checking '/home/w/projects/projects/gps_ws/install/vision/bin'
[4.728s] [34mcolcon.colcon_core.environment[0m [1;30mLevel 1[0m checking '/home/w/projects/projects/gps_ws/install/vision/lib/pkgconfig/vision.pc'
[4.728s] [34mcolcon.colcon_core.environment[0m [1;30mLevel 1[0m checking '/home/w/projects/projects/gps_ws/install/vision/lib/python3.10/site-packages'
[4.729s] [34mcolcon.colcon_core.shell[0m [1;30mLevel 1[0m create_environment_hook('vision', 'pythonpath')
[4.729s] [34mcolcon.colcon_core.shell[0m [1;30mINFO[0m Creating environment hook '/home/w/projects/projects/gps_ws/install/vision/share/vision/hook/pythonpath.ps1'
[4.730s] [34mcolcon.colcon_core.shell[0m [1;30mINFO[0m Creating environment descriptor '/home/w/projects/projects/gps_ws/install/vision/share/vision/hook/pythonpath.dsv'
[4.731s] [34mcolcon.colcon_core.shell[0m [1;30mINFO[0m Creating environment hook '/home/w/projects/projects/gps_ws/install/vision/share/vision/hook/pythonpath.sh'
[4.732s] [34mcolcon.colcon_core.environment[0m [1;30mLevel 1[0m checking '/home/w/projects/projects/gps_ws/install/vision/bin'
[4.733s] [34mcolcon.colcon_core.environment[0m [1;30mLevel 1[0m create_environment_scripts_only(vision)
[4.734s] [34mcolcon.colcon_core.shell[0m [1;30mINFO[0m Creating package script '/home/w/projects/projects/gps_ws/install/vision/share/vision/package.ps1'
[4.737s] [34mcolcon.colcon_core.shell[0m [1;30mINFO[0m Creating package descriptor '/home/w/projects/projects/gps_ws/install/vision/share/vision/package.dsv'
[4.739s] [34mcolcon.colcon_core.shell[0m [1;30mINFO[0m Creating package script '/home/w/projects/projects/gps_ws/install/vision/share/vision/package.sh'
[4.743s] [34mcolcon.colcon_core.shell[0m [1;30mINFO[0m Creating package script '/home/w/projects/projects/gps_ws/install/vision/share/vision/package.bash'
[4.745s] [34mcolcon.colcon_core.shell[0m [1;30mINFO[0m Creating package script '/home/w/projects/projects/gps_ws/install/vision/share/vision/package.zsh'
[4.747s] [34mcolcon.colcon_core.environment[0m [1;30mLevel 1[0m create_file_with_runtime_dependencies(/home/w/projects/projects/gps_ws/install/vision/share/colcon-core/packages/vision)
[61.730s] [34mcolcon.colcon_core.event_handler.log_command[0m [1;30mDEBUG[0m [32mInvoked command in '/home/w/projects/projects/gps_ws/build/gps' returned '0': CMAKE_PREFIX_PATH=${CMAKE_PREFIX_PATH}:/home/w/projects/projects/gps_ws/install/vision:/opt/ros/humble /usr/bin/cmake --build /home/w/projects/projects/gps_ws/build/gps -- -j8 -l8[0m
[61.751s] [34mcolcon.colcon_core.event_handler.log_command[0m [1;30mDEBUG[0m [32mInvoking command in '/home/w/projects/projects/gps_ws/build/gps': CMAKE_PREFIX_PATH=${CMAKE_PREFIX_PATH}:/home/w/projects/projects/gps_ws/install/vision:/opt/ros/humble /usr/bin/cmake --install /home/w/projects/projects/gps_ws/build/gps[0m
[61.796s] [34mcolcon.colcon_core.environment[0m [1;30mLevel 1[0m create_environment_scripts_only(gps)
[61.797s] [34mcolcon.colcon_core.environment[0m [1;30mLevel 1[0m checking '/home/w/projects/projects/gps_ws/install/gps' for CMake module files
[61.801s] [34mcolcon.colcon_core.environment[0m [1;30mLevel 1[0m checking '/home/w/projects/projects/gps_ws/install/gps' for CMake config files
[61.801s] [34mcolcon.colcon_core.event_handler.log_command[0m [1;30mDEBUG[0m [32mInvoked command in '/home/w/projects/projects/gps_ws/build/gps' returned '0': CMAKE_PREFIX_PATH=${CMAKE_PREFIX_PATH}:/home/w/projects/projects/gps_ws/install/vision:/opt/ros/humble /usr/bin/cmake --install /home/w/projects/projects/gps_ws/build/gps[0m
[61.801s] [34mcolcon.colcon_core.shell[0m [1;30mLevel 1[0m create_environment_hook('gps', 'cmake_prefix_path')
[61.802s] [34mcolcon.colcon_core.shell[0m [1;30mINFO[0m Creating environment hook '/home/w/projects/projects/gps_ws/install/gps/share/gps/hook/cmake_prefix_path.ps1'
[61.803s] [34mcolcon.colcon_core.shell[0m [1;30mINFO[0m Creating environment descriptor '/home/w/projects/projects/gps_ws/install/gps/share/gps/hook/cmake_prefix_path.dsv'
[61.804s] [34mcolcon.colcon_core.shell[0m [1;30mINFO[0m Creating environment hook '/home/w/projects/projects/gps_ws/install/gps/share/gps/hook/cmake_prefix_path.sh'
[61.805s] [34mcolcon.colcon_core.environment[0m [1;30mLevel 1[0m checking '/home/w/projects/projects/gps_ws/install/gps/lib'
[61.806s] [34mcolcon.colcon_core.environment[0m [1;30mLevel 1[0m checking '/home/w/projects/projects/gps_ws/install/gps/bin'
[61.806s] [34mcolcon.colcon_core.environment[0m [1;30mLevel 1[0m checking '/home/w/projects/projects/gps_ws/install/gps/lib/pkgconfig/gps.pc'
[61.806s] [34mcolcon.colcon_core.environment[0m [1;30mLevel 1[0m checking '/home/w/projects/projects/gps_ws/install/gps/lib/python3.10/site-packages'
[61.807s] [34mcolcon.colcon_core.environment[0m [1;30mLevel 1[0m checking '/home/w/projects/projects/gps_ws/install/gps/bin'
[61.807s] [34mcolcon.colcon_core.shell[0m [1;30mINFO[0m Creating package script '/home/w/projects/projects/gps_ws/install/gps/share/gps/package.ps1'
[61.809s] [34mcolcon.colcon_core.shell[0m [1;30mINFO[0m Creating package descriptor '/home/w/projects/projects/gps_ws/install/gps/share/gps/package.dsv'
[61.810s] [34mcolcon.colcon_core.shell[0m [1;30mINFO[0m Creating package script '/home/w/projects/projects/gps_ws/install/gps/share/gps/package.sh'
[61.811s] [34mcolcon.colcon_core.shell[0m [1;30mINFO[0m Creating package script '/home/w/projects/projects/gps_ws/install/gps/share/gps/package.bash'
[61.812s] [34mcolcon.colcon_core.shell[0m [1;30mINFO[0m Creating package script '/home/w/projects/projects/gps_ws/install/gps/share/gps/package.zsh'
[61.813s] [34mcolcon.colcon_core.environment[0m [1;30mLevel 1[0m create_file_with_runtime_dependencies(/home/w/projects/projects/gps_ws/install/gps/share/colcon-core/packages/gps)
[61.817s] [34mcolcon.colcon_core.environment[0m [1;30mLevel 1[0m create_environment_scripts_only(gps)
[61.817s] [34mcolcon.colcon_core.environment[0m [1;30mLevel 1[0m checking '/home/w/projects/projects/gps_ws/install/gps' for CMake module files
[61.819s] [34mcolcon.colcon_core.environment[0m [1;30mLevel 1[0m checking '/home/w/projects/projects/gps_ws/install/gps' for CMake config files
[61.820s] [34mcolcon.colcon_core.shell[0m [1;30mLevel 1[0m create_environment_hook('gps', 'cmake_prefix_path')
[61.821s] [34mcolcon.colcon_core.shell[0m [1;30mINFO[0m Creating environment hook '/home/w/projects/projects/gps_ws/install/gps/share/gps/hook/cmake_prefix_path.ps1'
[61.822s] [34mcolcon.colcon_core.shell[0m [1;30mINFO[0m Creating environment descriptor '/home/w/projects/projects/gps_ws/install/gps/share/gps/hook/cmake_prefix_path.dsv'
[61.823s] [34mcolcon.colcon_core.shell[0m [1;30mINFO[0m Creating environment hook '/home/w/projects/projects/gps_ws/install/gps/share/gps/hook/cmake_prefix_path.sh'
[61.824s] [34mcolcon.colcon_core.environment[0m [1;30mLevel 1[0m checking '/home/w/projects/projects/gps_ws/install/gps/lib'
[61.824s] [34mcolcon.colcon_core.environment[0m [1;30mLevel 1[0m checking '/home/w/projects/projects/gps_ws/install/gps/bin'
[61.824s] [34mcolcon.colcon_core.environment[0m [1;30mLevel 1[0m checking '/home/w/projects/projects/gps_ws/install/gps/lib/pkgconfig/gps.pc'
[61.824s] [34mcolcon.colcon_core.environment[0m [1;30mLevel 1[0m checking '/home/w/projects/projects/gps_ws/install/gps/lib/python3.10/site-packages'
[61.825s] [34mcolcon.colcon_core.environment[0m [1;30mLevel 1[0m checking '/home/w/projects/projects/gps_ws/install/gps/bin'
[61.826s] [34mcolcon.colcon_core.shell[0m [1;30mINFO[0m Creating package script '/home/w/projects/projects/gps_ws/install/gps/share/gps/package.ps1'
[61.828s] [34mcolcon.colcon_core.shell[0m [1;30mINFO[0m Creating package descriptor '/home/w/projects/projects/gps_ws/install/gps/share/gps/package.dsv'
[61.829s] [34mcolcon.colcon_core.shell[0m [1;30mINFO[0m Creating package script '/home/w/projects/projects/gps_ws/install/gps/share/gps/package.sh'
[61.830s] [34mcolcon.colcon_core.shell[0m [1;30mINFO[0m Creating package script '/home/w/projects/projects/gps_ws/install/gps/share/gps/package.bash'
[61.831s] [34mcolcon.colcon_core.shell[0m [1;30mINFO[0m Creating package script '/home/w/projects/projects/gps_ws/install/gps/share/gps/package.zsh'
[61.833s] [34mcolcon.colcon_core.environment[0m [1;30mLevel 1[0m create_file_with_runtime_dependencies(/home/w/projects/projects/gps_ws/install/gps/share/colcon-core/packages/gps)
[61.834s] [34mcolcon.colcon_parallel_executor.executor.parallel[0m [1;30mDEBUG[0m [32mclosing loop[0m
[61.834s] [34mcolcon.colcon_parallel_executor.executor.parallel[0m [1;30mDEBUG[0m [32mloop closed[0m
[61.835s] [34mcolcon.colcon_parallel_executor.executor.parallel[0m [1;30mDEBUG[0m [32mrun_until_complete finished with '0'[0m
[61.835s] [34mcolcon.colcon_core.event_reactor[0m [1;30mDEBUG[0m [32mjoining thread[0m
[61.867s] [34mcolcon.colcon_core.plugin_system[0m [1;30mINFO[0m Skipping extension 'colcon_notification.desktop_notification.terminal_notifier': Not used on non-Darwin systems
[61.867s] [34mcolcon.colcon_core.plugin_system[0m [1;30mINFO[0m Skipping extension 'colcon_notification.desktop_notification.win32': Not used on non-Windows systems
[61.868s] [34mcolcon.colcon_notification.desktop_notification[0m [1;30mINFO[0m Sending desktop notification using 'notify2'
[61.942s] [34mcolcon.colcon_core.event_reactor[0m [1;30mDEBUG[0m [32mjoined thread[0m
[61.946s] [34mcolcon.colcon_core.shell[0m [1;30mINFO[0m Creating prefix script '/home/w/projects/projects/gps_ws/install/local_setup.ps1'
[61.949s] [34mcolcon.colcon_core.shell[0m [1;30mINFO[0m Creating prefix util module '/home/w/projects/projects/gps_ws/install/_local_setup_util_ps1.py'
[61.957s] [34mcolcon.colcon_core.shell[0m [1;30mINFO[0m Creating prefix chain script '/home/w/projects/projects/gps_ws/install/setup.ps1'
[61.962s] [34mcolcon.colcon_core.shell[0m [1;30mINFO[0m Creating prefix script '/home/w/projects/projects/gps_ws/install/local_setup.sh'
[61.965s] [34mcolcon.colcon_core.shell[0m [1;30mINFO[0m Creating prefix util module '/home/w/projects/projects/gps_ws/install/_local_setup_util_sh.py'
[61.966s] [34mcolcon.colcon_core.shell[0m [1;30mINFO[0m Creating prefix chain script '/home/w/projects/projects/gps_ws/install/setup.sh'
[61.969s] [34mcolcon.colcon_core.shell[0m [1;30mINFO[0m Creating prefix script '/home/w/projects/projects/gps_ws/install/local_setup.bash'
[61.971s] [34mcolcon.colcon_core.shell[0m [1;30mINFO[0m Creating prefix chain script '/home/w/projects/projects/gps_ws/install/setup.bash'
[61.975s] [34mcolcon.colcon_core.shell[0m [1;30mINFO[0m Creating prefix script '/home/w/projects/projects/gps_ws/install/local_setup.zsh'
[61.977s] [34mcolcon.colcon_core.shell[0m [1;30mINFO[0m Creating prefix chain script '/home/w/projects/projects/gps_ws/install/setup.zsh'
