[ 40%] Built target SerialPort
[ 60%] [32mBuilding CXX object CMakeFiles/gps_node.dir/src/gps_node.cpp.o[0m
[01m[K/home/w/projects/projects/gps_ws/src/gps/src/gps_node.cpp:2215:30:[m[K [01;31m[Kerror: [m[Kexpected ‘[01m[K;[m[K’ at end of member declaration
 2215 |     BT::NodeStatus onStart() [01;31m[Koverride[m[K
      |                              [01;31m[K^~~~~~~~[m[K
      |                                      [32m[K;[m[K
[01m[K/home/w/projects/projects/gps_ws/src/gps/src/gps_node.cpp:2217:9:[m[K [01;31m[Kerror: [m[Kexpected unqualified-id before ‘[01m[Kif[m[K’
 2217 |         [01;31m[Kif[m[K (!context_ || !context_->link_monitor)
      |         [01;31m[K^~[m[K
[01m[K/home/w/projects/projects/gps_ws/src/gps/src/gps_node.cpp:2221:23:[m[K [01;31m[Kerror: [m[Kexpected identifier before string constant
 2221 |         getInput<int>([01;31m[K"timeout_ms"[m[K, timeout_ms);
      |                       [01;31m[K^~~~~~~~~~~~[m[K
[01m[K/home/w/projects/projects/gps_ws/src/gps/src/gps_node.cpp:2221:23:[m[K [01;31m[Kerror: [m[Kexpected ‘[01m[K,[m[K’ or ‘[01m[K...[m[K’ before string constant
[01m[K/home/w/projects/projects/gps_ws/src/gps/src/gps_node.cpp:2221:9:[m[K [01;31m[Kerror: [m[KISO C++ forbids declaration of ‘[01m[KgetInput[m[K’ with no type [[01;31m[K]8;;https://gcc.gnu.org/onlinedocs/gcc/Warning-Options.html#index-fpermissive-fpermissive]8;;[m[K]
 2221 |         [01;31m[KgetInput<int>[m[K("timeout_ms", timeout_ms);
      |         [01;31m[K^~~~~~~~~~~~~[m[K
[01m[K/home/w/projects/projects/gps_ws/src/gps/src/gps_node.cpp:2221:9:[m[K [01;31m[Kerror: [m[Ktemplate-id ‘[01m[KgetInput<int>[m[K’ in declaration of primary template
[01m[K/home/w/projects/projects/gps_ws/src/gps/src/gps_node.cpp:2222:9:[m[K [01;31m[Kerror: [m[K‘[01m[Kdeadline_[m[K’ does not name a type
 2222 |         [01;31m[Kdeadline_[m[K = chr::steady_clock::now() + chr::milliseconds(timeout_ms);
      |         [01;31m[K^~~~~~~~~[m[K
In file included from [01m[K/opt/ros/humble/include/rclcpp/rclcpp/client.hpp:40[m[K,
                 from [01m[K/opt/ros/humble/include/rclcpp/rclcpp/callback_group.hpp:24[m[K,
                 from [01m[K/opt/ros/humble/include/rclcpp/rclcpp/any_executable.hpp:20[m[K,
                 from [01m[K/opt/ros/humble/include/rclcpp/rclcpp/memory_strategy.hpp:25[m[K,
                 from [01m[K/opt/ros/humble/include/rclcpp/rclcpp/memory_strategies.hpp:18[m[K,
                 from [01m[K/opt/ros/humble/include/rclcpp/rclcpp/executor_options.hpp:20[m[K,
                 from [01m[K/opt/ros/humble/include/rclcpp/rclcpp/executor.hpp:37[m[K,
                 from [01m[K/opt/ros/humble/include/rclcpp/rclcpp/executors/multi_threaded_executor.hpp:25[m[K,
                 from [01m[K/opt/ros/humble/include/rclcpp/rclcpp/executors.hpp:21[m[K,
                 from [01m[K/opt/ros/humble/include/rclcpp/rclcpp/rclcpp.hpp:155[m[K,
                 from [01m[K/home/w/projects/projects/gps_ws/src/gps/src/gps_node.cpp:3[m[K:
[01m[K/home/w/projects/projects/gps_ws/src/gps/src/gps_node.cpp:2224:9:[m[K [01;31m[Kerror: [m[Kexpected unqualified-id before ‘[01m[Kdo[m[K’
 2224 |         [01;31m[KRCLCPP_INFO[m[K(context_->logger,
      |         [01;31m[K^~~~~~~~~~~[m[K
[01m[K/home/w/projects/projects/gps_ws/src/gps/src/gps_node.cpp:2224:9:[m[K [01;31m[Kerror: [m[Kexpected unqualified-id before ‘[01m[Kwhile[m[K’
 2224 |         [01;31m[KRCLCPP_INFO[m[K(context_->logger,
      |         [01;31m[K^~~~~~~~~~~[m[K
[01m[K/home/w/projects/projects/gps_ws/src/gps/src/gps_node.cpp:2226:9:[m[K [01;31m[Kerror: [m[Kexpected unqualified-id before ‘[01m[Kreturn[m[K’
 2226 |         [01;31m[Kreturn[m[K BT::NodeStatus::RUNNING;
      |         [01;31m[K^~~~~~[m[K
[01m[K/home/w/projects/projects/gps_ws/src/gps/src/gps_node.cpp:[m[K In constructor ‘[01m[KWaitTillLinked::WaitTillLinked(const string&, const BT::NodeConfig&, std::shared_ptr<AppContext>)[m[K’:
[01m[K/home/w/projects/projects/gps_ws/src/gps/src/gps_node.cpp:2205:49:[m[K [01;31m[Kerror: [m[Kclass ‘[01m[KWaitTillLinked[m[K’ does not have any field named ‘[01m[Kcontext_[m[K’
 2205 |         : BT::StatefulActionNode(name, config), [01;31m[Kcontext_[m[K(std::move(context))
      |                                                 [01;31m[K^~~~~~~~[m[K
[01m[K/home/w/projects/projects/gps_ws/src/gps/src/gps_node.cpp:[m[K At global scope:
[01m[K/home/w/projects/projects/gps_ws/src/gps/src/gps_node.cpp:2229:20:[m[K [01;31m[Kerror: [m[Kexpected initializer before ‘[01m[KonRunning[m[K’
 2229 |     BT::NodeStatus [01;31m[KonRunning[m[K() override
      |                    [01;31m[K^~~~~~~~~[m[K
[01m[K/home/w/projects/projects/gps_ws/src/gps/src/gps_node.cpp:2249:21:[m[K [01;31m[Kerror: [m[Kvirt-specifiers in ‘[01m[KonHalted[m[K’ not allowed outside a class definition
 2249 |     void onHalted() [01;31m[Koverride[m[K
      |                     [01;31m[K^~~~~~~~[m[K
In file included from [01m[K/opt/ros/humble/include/rclcpp/rclcpp/client.hpp:40[m[K,
                 from [01m[K/opt/ros/humble/include/rclcpp/rclcpp/callback_group.hpp:24[m[K,
                 from [01m[K/opt/ros/humble/include/rclcpp/rclcpp/any_executable.hpp:20[m[K,
                 from [01m[K/opt/ros/humble/include/rclcpp/rclcpp/memory_strategy.hpp:25[m[K,
                 from [01m[K/opt/ros/humble/include/rclcpp/rclcpp/memory_strategies.hpp:18[m[K,
                 from [01m[K/opt/ros/humble/include/rclcpp/rclcpp/executor_options.hpp:20[m[K,
                 from [01m[K/opt/ros/humble/include/rclcpp/rclcpp/executor.hpp:37[m[K,
                 from [01m[K/opt/ros/humble/include/rclcpp/rclcpp/executors/multi_threaded_executor.hpp:25[m[K,
                 from [01m[K/opt/ros/humble/include/rclcpp/rclcpp/executors.hpp:21[m[K,
                 from [01m[K/opt/ros/humble/include/rclcpp/rclcpp/rclcpp.hpp:155[m[K,
                 from [01m[K/home/w/projects/projects/gps_ws/src/gps/src/gps_node.cpp:3[m[K:
[01m[K/home/w/projects/projects/gps_ws/src/gps/src/gps_node.cpp:[m[K In function ‘[01m[Kvoid onHalted()[m[K’:
[01m[K/home/w/projects/projects/gps_ws/src/gps/src/gps_node.cpp:2251:21:[m[K [01;31m[Kerror: [m[K‘[01m[Kcontext_[m[K’ was not declared in this scope; did you mean ‘[01m[Kucontext_t[m[K’?
 2251 |         RCLCPP_WARN([01;31m[Kcontext_[m[K->logger, "[WaitTillLinked] 被中断");
      |                     [01;31m[K^~~~~~~~[m[K
[01m[K/home/w/projects/projects/gps_ws/src/gps/src/gps_node.cpp:2251:9:[m[K [01;31m[Kerror: [m[Ktemplate argument 1 is invalid
 2251 |         [01;31m[KRCLCPP_WARN[m[K(context_->logger, "[WaitTillLinked] 被中断");
      |         [01;31m[K^~~~~~~~~~~[m[K
[01m[K/home/w/projects/projects/gps_ws/src/gps/src/gps_node.cpp:[m[K At global scope:
[01m[K/home/w/projects/projects/gps_ws/src/gps/src/gps_node.cpp:2254:1:[m[K [01;31m[Kerror: [m[Kexpected unqualified-id before ‘[01m[Kprivate[m[K’
 2254 | [01;31m[Kprivate[m[K:
      | [01;31m[K^~~~~~~[m[K
[01m[K/home/w/projects/projects/gps_ws/src/gps/src/gps_node.cpp:2257:1:[m[K [01;31m[Kerror: [m[Kexpected declaration before ‘[01m[K}[m[K’ token
 2257 | [01;31m[K}[m[K;
      | [01;31m[K^[m[K
In file included from [01m[K/usr/include/c++/11/memory:76[m[K,
                 from [01m[K/opt/ros/humble/include/behaviortree_cpp/contrib/expected.hpp:259[m[K,
                 from [01m[K/opt/ros/humble/include/behaviortree_cpp/basic_types.h:3[m[K,
                 from [01m[K/opt/ros/humble/include/behaviortree_cpp/tree_node.h:16[m[K,
                 from [01m[K/opt/ros/humble/include/behaviortree_cpp/leaf_node.h:17[m[K,
                 from [01m[K/opt/ros/humble/include/behaviortree_cpp/action_node.h:17[m[K,
                 from [01m[K/opt/ros/humble/include/behaviortree_cpp/behavior_tree.h:16[m[K,
                 from [01m[K/opt/ros/humble/include/behaviortree_cpp/bt_factory.h:17[m[K,
                 from [01m[K/home/w/projects/projects/gps_ws/src/gps/src/gps_node.cpp:1[m[K:
/usr/include/c++/11/bits/unique_ptr.h: In instantiation of ‘[01m[Ktypename std::_MakeUniq<_Tp>::__single_object std::make_unique(_Args&& ...) [with _Tp = WaitTillLinked; _Args = {const std::__cxx11::basic_string<char, std::char_traits<char>, std::allocator<char> >&, const BT::NodeConfig&, const std::shared_ptr<AppContext>&}; typename std::_MakeUniq<_Tp>::__single_object = std::unique_ptr<WaitTillLinked, std::default_delete<WaitTillLinked> >][m[K’:
[01m[K/home/w/projects/projects/gps_ws/src/gps/src/gps_node.cpp:2454:52:[m[K   required from here
[01m[K/usr/include/c++/11/bits/unique_ptr.h:962:30:[m[K [01;31m[Kerror: [m[Kinvalid new-expression of abstract class type ‘[01m[KWaitTillLinked[m[K’
  962 |     { return unique_ptr<_Tp>([01;31m[Knew _Tp(std::forward<_Args>(__args)...)[m[K); }
      |                              [01;31m[K^~~~~~~~~~~~~~~~~~~~~~~~~~~~~~~~~~~~~~~[m[K
[01m[K/home/w/projects/projects/gps_ws/src/gps/src/gps_node.cpp:2198:7:[m[K [01;36m[Knote: [m[K  because the following virtual functions are pure within ‘[01m[KWaitTillLinked[m[K’:
 2198 | class [01;36m[KWaitTillLinked[m[K final : public BT::StatefulActionNode
      |       [01;36m[K^~~~~~~~~~~~~~[m[K
In file included from [01m[K/opt/ros/humble/include/behaviortree_cpp/behavior_tree.h:16[m[K,
                 from [01m[K/opt/ros/humble/include/behaviortree_cpp/bt_factory.h:17[m[K,
                 from [01m[K/home/w/projects/projects/gps_ws/src/gps/src/gps_node.cpp:1[m[K:
[01m[K/opt/ros/humble/include/behaviortree_cpp/action_node.h:185:22:[m[K [01;36m[Knote: [m[K    ‘[01m[Kvirtual BT::NodeStatus BT::StatefulActionNode::onRunning()[m[K’
  185 |   virtual NodeStatus [01;36m[KonRunning[m[K() = 0;
      |                      [01;36m[K^~~~~~~~~[m[K
[01m[K/opt/ros/humble/include/behaviortree_cpp/action_node.h:189:16:[m[K [01;36m[Knote: [m[K    ‘[01m[Kvirtual void BT::StatefulActionNode::onHalted()[m[K’
  189 |   virtual void [01;36m[KonHalted[m[K() = 0;
      |                [01;36m[K^~~~~~~~[m[K
gmake[2]: *** [CMakeFiles/gps_node.dir/build.make:79: CMakeFiles/gps_node.dir/src/gps_node.cpp.o] Error 1
gmake[1]: *** [CMakeFiles/Makefile2:188: CMakeFiles/gps_node.dir/all] Error 2
gmake: *** [Makefile:146: all] Error 2
