[1.066s] Invoking command in '/home/w/projects/projects/gps_ws/src/vision': PYTHONPATH=/home/w/projects/projects/gps_ws/build/vision/prefix_override:/usr/lib/python3/dist-packages/colcon_core/task/python/colcon_distutils_commands:/home/w/projects/projects/gps_ws/install/vision/lib/python3.10/site-packages:${PYTHONPATH} /usr/bin/python3 -W ignore:setup.py install is deprecated -W ignore:easy_install command is deprecated setup.py egg_info --egg-base ../../build/vision build --build-base /home/w/projects/projects/gps_ws/build/vision/build install --record /home/w/projects/projects/gps_ws/build/vision/install.log --single-version-externally-managed install_data
[1.426s] running egg_info
[1.426s] writing ../../build/vision/vision.egg-info/PKG-INFO
[1.427s] writing dependency_links to ../../build/vision/vision.egg-info/dependency_links.txt
[1.427s] writing entry points to ../../build/vision/vision.egg-info/entry_points.txt
[1.427s] writing requirements to ../../build/vision/vision.egg-info/requires.txt
[1.427s] writing top-level names to ../../build/vision/vision.egg-info/top_level.txt
[1.429s] reading manifest file '../../build/vision/vision.egg-info/SOURCES.txt'
[1.431s] writing manifest file '../../build/vision/vision.egg-info/SOURCES.txt'
[1.431s] running build
[1.431s] running build_py
[1.431s] copying vision/grey_blob_detect.py -> /home/w/projects/projects/gps_ws/build/vision/build/lib/vision
[1.431s] copying vision/vision_node.py -> /home/w/projects/projects/gps_ws/build/vision/build/lib/vision
[1.432s] running install
[1.432s] running install_lib
[1.433s] copying /home/w/projects/projects/gps_ws/build/vision/build/lib/vision/grey_blob_detect.py -> /home/w/projects/projects/gps_ws/install/vision/lib/python3.10/site-packages/vision
[1.433s] copying /home/w/projects/projects/gps_ws/build/vision/build/lib/vision/vision_node.py -> /home/w/projects/projects/gps_ws/install/vision/lib/python3.10/site-packages/vision
[1.434s] byte-compiling /home/w/projects/projects/gps_ws/install/vision/lib/python3.10/site-packages/vision/grey_blob_detect.py to grey_blob_detect.cpython-310.pyc
[1.436s] byte-compiling /home/w/projects/projects/gps_ws/install/vision/lib/python3.10/site-packages/vision/vision_node.py to vision_node.cpython-310.pyc
[1.439s] running install_data
[1.439s] running install_egg_info
[1.441s] removing '/home/w/projects/projects/gps_ws/install/vision/lib/python3.10/site-packages/vision-0.0.0-py3.10.egg-info' (and everything under it)
[1.441s] Copying ../../build/vision/vision.egg-info to /home/w/projects/projects/gps_ws/install/vision/lib/python3.10/site-packages/vision-0.0.0-py3.10.egg-info
[1.442s] running install_scripts
[1.466s] Installing vision_node script to /home/w/projects/projects/gps_ws/install/vision/lib/vision
[1.467s] writing list of installed files to '/home/w/projects/projects/gps_ws/build/vision/install.log'
[1.490s] Invoked command in '/home/w/projects/projects/gps_ws/src/vision' returned '0': PYTHONPATH=/home/w/projects/projects/gps_ws/build/vision/prefix_override:/usr/lib/python3/dist-packages/colcon_core/task/python/colcon_distutils_commands:/home/w/projects/projects/gps_ws/install/vision/lib/python3.10/site-packages:${PYTHONPATH} /usr/bin/python3 -W ignore:setup.py install is deprecated -W ignore:easy_install command is deprecated setup.py egg_info --egg-base ../../build/vision build --build-base /home/w/projects/projects/gps_ws/build/vision/build install --record /home/w/projects/projects/gps_ws/build/vision/install.log --single-version-externally-managed install_data
