[0.009s] Invoking command in '/home/w/projects/projects/gps_ws/build/gps': CMAKE_PREFIX_PATH=${CMAKE_PREFIX_PATH}:/opt/ros/humble /usr/bin/cmake /home/w/projects/projects/gps_ws/src/gps -DCMAKE_EXPORT_COMPILE_COMMANDS=ON -DCMAKE_INSTALL_PREFIX=/home/w/projects/projects/gps_ws/install/gps
[0.109s] -- The C compiler identification is GNU 11.4.0
[0.194s] -- The CXX compiler identification is GNU 11.4.0
[0.203s] -- Detecting C compiler ABI info
[0.263s] -- Detecting C compiler ABI info - done
[0.274s] -- Check for working C compiler: /usr/bin/cc - skipped
[0.274s] -- Detecting C compile features
[0.274s] -- Detecting C compile features - done
[0.288s] -- Detecting CXX compiler ABI info
[0.363s] -- Detecting CXX compiler ABI info - done
[0.388s] -- Check for working CXX compiler: /usr/bin/c++ - skipped
[0.388s] -- Detecting CXX compile features
[0.388s] -- Detecting CXX compile features - done
[0.404s] -- Found ament_cmake: 1.3.14 (/opt/ros/humble/share/ament_cmake/cmake)
[0.602s] -- Found Python3: /usr/bin/python3 (found version "3.10.12") found components: Interpreter
[0.690s] -- Found rclcpp: 16.0.19 (/opt/ros/humble/share/rclcpp/cmake)
[0.736s] -- Found rosidl_generator_c: 3.1.8 (/opt/ros/humble/share/rosidl_generator_c/cmake)
[0.740s] -- Found rosidl_adapter: 3.1.8 (/opt/ros/humble/share/rosidl_adapter/cmake)
[0.748s] -- Found rosidl_generator_cpp: 3.1.8 (/opt/ros/humble/share/rosidl_generator_cpp/cmake)
[0.760s] -- Using all available rosidl_typesupport_c: rosidl_typesupport_fastrtps_c;rosidl_typesupport_introspection_c
[0.777s] -- Using all available rosidl_typesupport_cpp: rosidl_typesupport_fastrtps_cpp;rosidl_typesupport_introspection_cpp
[0.821s] -- Found rmw_implementation_cmake: 6.1.2 (/opt/ros/humble/share/rmw_implementation_cmake/cmake)
[0.824s] -- Found rmw_fastrtps_cpp: 6.2.10 (/opt/ros/humble/share/rmw_fastrtps_cpp/cmake)
[0.900s] -- Found OpenSSL: /usr/lib/x86_64-linux-gnu/libcrypto.so (found version "3.0.2")
[0.931s] -- Found FastRTPS: /opt/ros/humble/include
[0.969s] -- Using RMW implementation 'rmw_fastrtps_cpp' as default
[0.981s] -- Performing Test CMAKE_HAVE_LIBC_PTHREAD
[1.040s] -- Performing Test CMAKE_HAVE_LIBC_PTHREAD - Success
[1.041s] -- Found Threads: TRUE
[1.094s] -- Found nav_msgs: 4.9.1 (/opt/ros/humble/share/nav_msgs/cmake)
[1.125s] -- Found sensor_msgs: 4.9.1 (/opt/ros/humble/share/sensor_msgs/cmake)
[1.144s] -- Found behaviortree_cpp: 4.9.0 (/opt/ros/humble/share/behaviortree_cpp/cmake)
[1.149s] -- Found ament_lint_auto: 0.12.15 (/opt/ros/humble/share/ament_lint_auto/cmake)
[1.249s] -- Added test 'cppcheck' to perform static code analysis on C / C++ code
[1.250s] -- Configured cppcheck include dirs: /home/w/projects/projects/gps_ws/src/gps/src/SerialPort
[1.250s] -- Configured cppcheck exclude dirs and/or files: 
[1.250s] -- Added test 'flake8' to check Python code syntax and style conventions
[1.251s] -- Added test 'lint_cmake' to check CMake code style
[1.251s] -- Added test 'pep257' to check Python code against some of the docstring style conventions in PEP 257
[1.252s] -- Added test 'uncrustify' to check C / C++ code style
[1.252s] -- Configured uncrustify additional arguments: 
[1.252s] -- Added test 'xmllint' to check XML markup files
[1.254s] -- Configuring done (1.2s)
[1.263s] -- Generating done (0.0s)
[1.277s] -- Build files have been written to: /home/w/projects/projects/gps_ws/build/gps
[1.284s] Invoked command in '/home/w/projects/projects/gps_ws/build/gps' returned '0': CMAKE_PREFIX_PATH=${CMAKE_PREFIX_PATH}:/opt/ros/humble /usr/bin/cmake /home/w/projects/projects/gps_ws/src/gps -DCMAKE_EXPORT_COMPILE_COMMANDS=ON -DCMAKE_INSTALL_PREFIX=/home/w/projects/projects/gps_ws/install/gps
[1.286s] Invoking command in '/home/w/projects/projects/gps_ws/build/gps': CMAKE_PREFIX_PATH=${CMAKE_PREFIX_PATH}:/opt/ros/humble /usr/bin/cmake --build /home/w/projects/projects/gps_ws/build/gps -- -j16 -l16
[1.318s] [ 25%] Building CXX object CMakeFiles/SerialPort.dir/src/SerialPort/usart.cpp.o
[1.522s] [ 50%] Linking CXX static library libSerialPort.a
[1.540s] [ 50%] Built target SerialPort
[1.556s] [ 75%] Building CXX object CMakeFiles/gps_node.dir/src/gps_node.cpp.o
[3.796s] In file included from /opt/ros/humble/include/rclcpp/rclcpp/logging.hpp:24,
[3.797s]                  from /opt/ros/humble/include/rclcpp/rclcpp/client.hpp:40,
[3.797s]                  from /opt/ros/humble/include/rclcpp/rclcpp/callback_group.hpp:24,
[3.797s]                  from /opt/ros/humble/include/rclcpp/rclcpp/any_executable.hpp:20,
[3.797s]                  from /opt/ros/humble/include/rclcpp/rclcpp/memory_strategy.hpp:25,
[3.797s]                  from /opt/ros/humble/include/rclcpp/rclcpp/memory_strategies.hpp:18,
[3.797s]                  from /opt/ros/humble/include/rclcpp/rclcpp/executor_options.hpp:20,
[3.797s]                  from /opt/ros/humble/include/rclcpp/rclcpp/executor.hpp:37,
[3.797s]                  from /opt/ros/humble/include/rclcpp/rclcpp/executors/multi_threaded_executor.hpp:25,
[3.797s]                  from /opt/ros/humble/include/rclcpp/rclcpp/executors.hpp:21,
[3.797s]                  from /opt/ros/humble/include/rclcpp/rclcpp/rclcpp.hpp:155,
[3.797s]                  from /home/w/projects/projects/gps_ws/src/gps/src/gps_node.cpp:3:
[3.797s] /home/w/projects/projects/gps_ws/src/gps/src/gps_node.cpp: In constructor ‘SensorNode::SensorNode(const string&, const string&)’:
[3.797s] /home/w/projects/projects/gps_ws/src/gps/src/gps_node.cpp:96:63: error: ‘start_vision’ was not declared in this scope; did you mean ‘start_vision_’?
[3.797s]    96 |                 RCLCPP_INFO(get_logger(), "START_VISION: %s", start_vision ? "true" : "false");
[3.797s]       |                                                               ^~~~~~~~~~~~
[3.801s] /home/w/projects/projects/gps_ws/src/gps/src/gps_node.cpp:97:61: error: ‘kfs_status’ was not declared in this scope; did you mean ‘kfs_status_’?
[3.801s]    97 |                 RCLCPP_INFO(get_logger(), "KFS_Status: %s", kfs_status.c_str());
[3.801s]       |                                                             ^~~~~~~~~~
[3.804s] /home/w/projects/projects/gps_ws/src/gps/src/gps_node.cpp:98:61: error: ‘is_gripped’ was not declared in this scope; did you mean ‘is_gripped_’?
[3.804s]    98 |                 RCLCPP_INFO(get_logger(), "IS_GRIPPED: %s", is_gripped.c_str());
[3.804s]       |                                                             ^~~~~~~~~~
[3.818s] /home/w/projects/projects/gps_ws/src/gps/src/gps_node.cpp: At global scope:
[3.818s] /home/w/projects/projects/gps_ws/src/gps/src/gps_node.cpp:374:2: error: expected ‘;’ after class definition
[3.818s]   374 | }
[3.818s]       |  ^
[3.818s]       |  ;
[6.851s] gmake[2]: *** [CMakeFiles/gps_node.dir/build.make:79: CMakeFiles/gps_node.dir/src/gps_node.cpp.o] Error 1
[6.851s] gmake[1]: *** [CMakeFiles/Makefile2:188: CMakeFiles/gps_node.dir/all] Error 2
[6.851s] gmake: *** [Makefile:146: all] Error 2
[6.853s] Invoked command in '/home/w/projects/projects/gps_ws/build/gps' returned '2': CMAKE_PREFIX_PATH=${CMAKE_PREFIX_PATH}:/opt/ros/humble /usr/bin/cmake --build /home/w/projects/projects/gps_ws/build/gps -- -j16 -l16
