[0.011s] Invoking command in '/home/w/projects/projects/gps_ws/build/gps': CMAKE_PREFIX_PATH=${CMAKE_PREFIX_PATH}:/opt/ros/humble /usr/bin/cmake --build /home/w/projects/projects/gps_ws/build/gps -- -j16 -l16
[0.044s] [ 50%] Built target SerialPort
[0.070s] [ 75%] [32mBuilding CXX object CMakeFiles/gps_node.dir/src/gps_node.cpp.o[0m
[2.485s] In file included from [01m[K/opt/ros/humble/include/rclcpp/rclcpp/logging.hpp:24[m[K,
[2.485s]                  from [01m[K/opt/ros/humble/include/rclcpp/rclcpp/client.hpp:40[m[K,
[2.485s]                  from [01m[K/opt/ros/humble/include/rclcpp/rclcpp/callback_group.hpp:24[m[K,
[2.485s]                  from [01m[K/opt/ros/humble/include/rclcpp/rclcpp/any_executable.hpp:20[m[K,
[2.485s]                  from [01m[K/opt/ros/humble/include/rclcpp/rclcpp/memory_strategy.hpp:25[m[K,
[2.485s]                  from [01m[K/opt/ros/humble/include/rclcpp/rclcpp/memory_strategies.hpp:18[m[K,
[2.485s]                  from [01m[K/opt/ros/humble/include/rclcpp/rclcpp/executor_options.hpp:20[m[K,
[2.485s]                  from [01m[K/opt/ros/humble/include/rclcpp/rclcpp/executor.hpp:37[m[K,
[2.485s]                  from [01m[K/opt/ros/humble/include/rclcpp/rclcpp/executors/multi_threaded_executor.hpp:25[m[K,
[2.485s]                  from [01m[K/opt/ros/humble/include/rclcpp/rclcpp/executors.hpp:21[m[K,
[2.485s]                  from [01m[K/opt/ros/humble/include/rclcpp/rclcpp/rclcpp.hpp:155[m[K,
[2.485s]                  from [01m[K/home/w/projects/projects/gps_ws/src/gps/src/gps_node.cpp:3[m[K:
[2.485s] [01m[K/home/w/projects/projects/gps_ws/src/gps/src/gps_node.cpp:[m[K In member function ‘[01m[Kvirtual BT::NodeStatus MoveToLocation::onRunning()[m[K’:
[2.485s] [01m[K/home/w/projects/projects/gps_ws/src/gps/src/gps_node.cpp:400:93:[m[K [01;31m[Kerror: [m[Kno matching function for call to ‘[01m[Kto_string(const string&)[m[K’
[2.485s]   400 |         RCLCPP_INFO(context_->logger , "current_node:{%s}dis_x:%3f,dis_y:%3f",[01;31m[Kstd::to_string(name())[m[K,distance_x ,distance_y);
[2.485s]       |                                                                               [01;31m[K~~~~~~~~~~~~~~^~~~~~~~[m[K
[2.485s] In file included from [01m[K/opt/ros/humble/include/rclcpp/rclcpp/node_interfaces/node_parameters_interface.hpp:29[m[K,
[2.485s]                  from [01m[K/opt/ros/humble/include/rclcpp/rclcpp/node.hpp:54[m[K,
[2.485s]                  from [01m[K/opt/ros/humble/include/rclcpp/rclcpp/executors/single_threaded_executor.hpp:28[m[K,
[2.485s]                  from [01m[K/opt/ros/humble/include/rclcpp/rclcpp/executors.hpp:22[m[K,
[2.485s]                  from [01m[K/opt/ros/humble/include/rclcpp/rclcpp/rclcpp.hpp:155[m[K,
[2.485s]                  from [01m[K/home/w/projects/projects/gps_ws/src/gps/src/gps_node.cpp:3[m[K:
[2.485s] [01m[K/opt/ros/humble/include/rclcpp/rclcpp/parameter.hpp:289:1:[m[K [01;36m[Knote: [m[Kcandidate: ‘[01m[Kstd::string std::to_string(const rclcpp::Parameter&)[m[K’
[2.485s]   289 | [01;36m[Kto_string[m[K(const rclcpp::Parameter & param);
[2.485s]       | [01;36m[K^~~~~~~~~[m[K
[2.485s] [01m[K/opt/ros/humble/include/rclcpp/rclcpp/parameter.hpp:289:37:[m[K [01;36m[Knote: [m[K  no known conversion for argument 1 from ‘[01m[Kconst string[m[K’ {aka ‘[01m[Kconst std::__cxx11::basic_string<char>[m[K’} to ‘[01m[Kconst rclcpp::Parameter&[m[K’
[2.485s]   289 | to_string([01;36m[Kconst rclcpp::Parameter & param[m[K);
[2.485s]       |           [01;36m[K~~~~~~~~~~~~~~~~~~~~~~~~~~^~~~~[m[K
[2.485s] [01m[K/opt/ros/humble/include/rclcpp/rclcpp/parameter.hpp:294:1:[m[K [01;36m[Knote: [m[Kcandidate: ‘[01m[Kstd::string std::to_string(const std::vector<rclcpp::Parameter>&)[m[K’
[2.485s]   294 | [01;36m[Kto_string[m[K(const std::vector<rclcpp::Parameter> & parameters);
[2.486s]       | [01;36m[K^~~~~~~~~[m[K
[2.486s] [01m[K/opt/ros/humble/include/rclcpp/rclcpp/parameter.hpp:294:50:[m[K [01;36m[Knote: [m[K  no known conversion for argument 1 from ‘[01m[Kconst string[m[K’ {aka ‘[01m[Kconst std::__cxx11::basic_string<char>[m[K’} to ‘[01m[Kconst std::vector<rclcpp::Parameter>&[m[K’
[2.486s]   294 | to_string([01;36m[Kconst std::vector<rclcpp::Parameter> & parameters[m[K);
[2.486s]       |           [01;36m[K~~~~~~~~~~~~~~~~~~~~~~~~~~~~~~~~~~~~~~~^~~~~~~~~~[m[K
[2.486s] In file included from [01m[K/usr/include/c++/11/string:55[m[K,
[2.486s]                  from [01m[K/usr/include/c++/11/stdexcept:39[m[K,
[2.486s]                  from [01m[K/usr/include/c++/11/system_error:41[m[K,
[2.486s]                  from [01m[K/opt/ros/humble/include/behaviortree_cpp/contrib/expected.hpp:261[m[K,
[2.486s]                  from [01m[K/opt/ros/humble/include/behaviortree_cpp/basic_types.h:3[m[K,
[2.486s]                  from [01m[K/opt/ros/humble/include/behaviortree_cpp/tree_node.h:16[m[K,
[2.486s]                  from [01m[K/opt/ros/humble/include/behaviortree_cpp/leaf_node.h:17[m[K,
[2.486s]                  from [01m[K/opt/ros/humble/include/behaviortree_cpp/action_node.h:17[m[K,
[2.486s]                  from [01m[K/opt/ros/humble/include/behaviortree_cpp/behavior_tree.h:16[m[K,
[2.486s]                  from [01m[K/opt/ros/humble/include/behaviortree_cpp/bt_factory.h:17[m[K,
[2.486s]                  from [01m[K/home/w/projects/projects/gps_ws/src/gps/src/gps_node.cpp:1[m[K:
[2.486s] [01m[K/usr/include/c++/11/bits/basic_string.h:6660:3:[m[K [01;36m[Knote: [m[Kcandidate: ‘[01m[Kstd::string std::__cxx11::to_string(int)[m[K’
[2.486s]  6660 |   [01;36m[Kto_string[m[K(int __val)
[2.486s]       |   [01;36m[K^~~~~~~~~[m[K
[2.486s] [01m[K/usr/include/c++/11/bits/basic_string.h:6660:17:[m[K [01;36m[Knote: [m[K  no known conversion for argument 1 from ‘[01m[Kconst string[m[K’ {aka ‘[01m[Kconst std::__cxx11::basic_string<char>[m[K’} to ‘[01m[Kint[m[K’
[2.486s]  6660 |   to_string([01;36m[Kint __val[m[K)
[2.486s]       |             [01;36m[K~~~~^~~~~[m[K
[2.486s] [01m[K/usr/include/c++/11/bits/basic_string.h:6671:3:[m[K [01;36m[Knote: [m[Kcandidate: ‘[01m[Kstd::string std::__cxx11::to_string(unsigned int)[m[K’
[2.486s]  6671 |   [01;36m[Kto_string[m[K(unsigned __val)
[2.486s]       |   [01;36m[K^~~~~~~~~[m[K
[2.486s] [01m[K/usr/include/c++/11/bits/basic_string.h:6671:22:[m[K [01;36m[Knote: [m[K  no known conversion for argument 1 from ‘[01m[Kconst string[m[K’ {aka ‘[01m[Kconst std::__cxx11::basic_string<char>[m[K’} to ‘[01m[Kunsigned int[m[K’
[2.486s]  6671 |   to_string([01;36m[Kunsigned __val[m[K)
[2.486s]       |             [01;36m[K~~~~~~~~~^~~~~[m[K
[2.486s] [01m[K/usr/include/c++/11/bits/basic_string.h:6679:3:[m[K [01;36m[Knote: [m[Kcandidate: ‘[01m[Kstd::string std::__cxx11::to_string(long int)[m[K’
[2.486s]  6679 |   [01;36m[Kto_string[m[K(long __val)
[2.486s]       |   [01;36m[K^~~~~~~~~[m[K
[2.486s] [01m[K/usr/include/c++/11/bits/basic_string.h:6679:18:[m[K [01;36m[Knote: [m[K  no known conversion for argument 1 from ‘[01m[Kconst string[m[K’ {aka ‘[01m[Kconst std::__cxx11::basic_string<char>[m[K’} to ‘[01m[Klong int[m[K’
[2.486s]  6679 |   to_string([01;36m[Klong __val[m[K)
[2.486s]       |             [01;36m[K~~~~~^~~~~[m[K
[2.486s] [01m[K/usr/include/c++/11/bits/basic_string.h:6690:3:[m[K [01;36m[Knote: [m[Kcandidate: ‘[01m[Kstd::string std::__cxx11::to_string(long unsigned int)[m[K’
[2.486s]  6690 |   [01;36m[Kto_string[m[K(unsigned long __val)
[2.486s]       |   [01;36m[K^~~~~~~~~[m[K
[2.486s] [01m[K/usr/include/c++/11/bits/basic_string.h:6690:27:[m[K [01;36m[Knote: [m[K  no known conversion for argument 1 from ‘[01m[Kconst string[m[K’ {aka ‘[01m[Kconst std::__cxx11::basic_string<char>[m[K’} to ‘[01m[Klong unsigned int[m[K’
[2.486s]  6690 |   to_string([01;36m[Kunsigned long __val[m[K)
[2.486s]       |             [01;36m[K~~~~~~~~~~~~~~^~~~~[m[K
[2.486s] [01m[K/usr/include/c++/11/bits/basic_string.h:6698:3:[m[K [01;36m[Knote: [m[Kcandidate: ‘[01m[Kstd::string std::__cxx11::to_string(long long int)[m[K’
[2.486s]  6698 |   [01;36m[Kto_string[m[K(long long __val)
[2.486s]       |   [01;36m[K^~~~~~~~~[m[K
[2.486s] [01m[K/usr/include/c++/11/bits/basic_string.h:6698:23:[m[K [01;36m[Knote: [m[K  no known conversion for argument 1 from ‘[01m[Kconst string[m[K’ {aka ‘[01m[Kconst std::__cxx11::basic_string<char>[m[K’} to ‘[01m[Klong long int[m[K’
[2.487s]  6698 |   to_string([01;36m[Klong long __val[m[K)
[2.487s]       |             [01;36m[K~~~~~~~~~~^~~~~[m[K
[2.487s] [01m[K/usr/include/c++/11/bits/basic_string.h:6710:3:[m[K [01;36m[Knote: [m[Kcandidate: ‘[01m[Kstd::string std::__cxx11::to_string(long long unsigned int)[m[K’
[2.487s]  6710 |   [01;36m[Kto_string[m[K(unsigned long long __val)
[2.487s]       |   [01;36m[K^~~~~~~~~[m[K
[2.487s] [01m[K/usr/include/c++/11/bits/basic_string.h:6710:32:[m[K [01;36m[Knote: [m[K  no known conversion for argument 1 from ‘[01m[Kconst string[m[K’ {aka ‘[01m[Kconst std::__cxx11::basic_string<char>[m[K’} to ‘[01m[Klong long unsigned int[m[K’
[2.487s]  6710 |   to_string([01;36m[Kunsigned long long __val[m[K)
[2.487s]       |             [01;36m[K~~~~~~~~~~~~~~~~~~~^~~~~[m[K
[2.487s] [01m[K/usr/include/c++/11/bits/basic_string.h:6721:3:[m[K [01;36m[Knote: [m[Kcandidate: ‘[01m[Kstd::string std::__cxx11::to_string(float)[m[K’
[2.487s]  6721 |   [01;36m[Kto_string[m[K(float __val)
[2.487s]       |   [01;36m[K^~~~~~~~~[m[K
[2.487s] [01m[K/usr/include/c++/11/bits/basic_string.h:6721:19:[m[K [01;36m[Knote: [m[K  no known conversion for argument 1 from ‘[01m[Kconst string[m[K’ {aka ‘[01m[Kconst std::__cxx11::basic_string<char>[m[K’} to ‘[01m[Kfloat[m[K’
[2.487s]  6721 |   to_string([01;36m[Kfloat __val[m[K)
[2.487s]       |             [01;36m[K~~~~~~^~~~~[m[K
[2.487s] [01m[K/usr/include/c++/11/bits/basic_string.h:6730:3:[m[K [01;36m[Knote: [m[Kcandidate: ‘[01m[Kstd::string std::__cxx11::to_string(double)[m[K’
[2.487s]  6730 |   [01;36m[Kto_string[m[K(double __val)
[2.487s]       |   [01;36m[K^~~~~~~~~[m[K
[2.487s] [01m[K/usr/include/c++/11/bits/basic_string.h:6730:20:[m[K [01;36m[Knote: [m[K  no known conversion for argument 1 from ‘[01m[Kconst string[m[K’ {aka ‘[01m[Kconst std::__cxx11::basic_string<char>[m[K’} to ‘[01m[Kdouble[m[K’
[2.487s]  6730 |   to_string([01;36m[Kdouble __val[m[K)
[2.487s]       |             [01;36m[K~~~~~~~^~~~~[m[K
[2.487s] [01m[K/usr/include/c++/11/bits/basic_string.h:6739:3:[m[K [01;36m[Knote: [m[Kcandidate: ‘[01m[Kstd::string std::__cxx11::to_string(long double)[m[K’
[2.487s]  6739 |   [01;36m[Kto_string[m[K(long double __val)
[2.487s]       |   [01;36m[K^~~~~~~~~[m[K
[2.487s] [01m[K/usr/include/c++/11/bits/basic_string.h:6739:25:[m[K [01;36m[Knote: [m[K  no known conversion for argument 1 from ‘[01m[Kconst string[m[K’ {aka ‘[01m[Kconst std::__cxx11::basic_string<char>[m[K’} to ‘[01m[Klong double[m[K’
[2.487s]  6739 |   to_string([01;36m[Klong double __val[m[K)
[2.487s]       |             [01;36m[K~~~~~~~~~~~~^~~~~[m[K
[5.284s] gmake[2]: *** [CMakeFiles/gps_node.dir/build.make:79: CMakeFiles/gps_node.dir/src/gps_node.cpp.o] Error 1
[5.284s] gmake[1]: *** [CMakeFiles/Makefile2:188: CMakeFiles/gps_node.dir/all] Error 2
[5.284s] gmake: *** [Makefile:146: all] Error 2
[5.286s] Invoked command in '/home/w/projects/projects/gps_ws/build/gps' returned '2': CMAKE_PREFIX_PATH=${CMAKE_PREFIX_PATH}:/opt/ros/humble /usr/bin/cmake --build /home/w/projects/projects/gps_ws/build/gps -- -j16 -l16
