/home/w/projects/projects/gps_ws/src/gps/src/gps_node.cpp:805:1: error: multiple types in one declaration
  805 | class Observe
      | ^~~~~
/home/w/projects/projects/gps_ws/src/gps/src/gps_node.cpp:933:7: error: redefinition of ‘class CloseVision’
  933 | class CloseVision final : public BT::SyncActionNode
      |       ^~~~~~~~~~~
/home/w/projects/projects/gps_ws/src/gps/src/gps_node.cpp:364:7: note: previous definition of ‘class CloseVision’
  364 | class CloseVision : public TimedVelocityAction
      |       ^~~~~~~~~~~
In file included from /usr/include/c++/11/memory:76,
                 from /opt/ros/humble/include/behaviortree_cpp/contrib/expected.hpp:259,
                 from /opt/ros/humble/include/behaviortree_cpp/basic_types.h:3,
                 from /opt/ros/humble/include/behaviortree_cpp/tree_node.h:16,
                 from /opt/ros/humble/include/behaviortree_cpp/leaf_node.h:17,
                 from /opt/ros/humble/include/behaviortree_cpp/action_node.h:17,
                 from /opt/ros/humble/include/behaviortree_cpp/behavior_tree.h:16,
                 from /opt/ros/humble/include/behaviortree_cpp/bt_factory.h:17,
                 from /home/w/projects/projects/gps_ws/src/gps/src/gps_node.cpp:1:
/usr/include/c++/11/bits/unique_ptr.h: In instantiation of ‘typename std::_MakeUniq<_Tp>::__single_object std::make_unique(_Args&& ...) [with _Tp = CloseVision; _Args = {const std::__cxx11::basic_string<char, std::char_traits<char>, std::allocator<char> >&, const BT::NodeConfig&, const std::shared_ptr<AppContext>&}; typename std::_MakeUniq<_Tp>::__single_object = std::unique_ptr<CloseVision, std::default_delete<CloseVision> >]’:
/home/w/projects/projects/gps_ws/src/gps/src/gps_node.cpp:1268:49:   required from here
/usr/include/c++/11/bits/unique_ptr.h:962:30: error: ‘CloseVision::CloseVision(const string&, const BT::NodeConfig&, std::shared_ptr<AppContext>)’ is private within this context
  962 |     { return unique_ptr<_Tp>(new _Tp(std::forward<_Args>(__args)...)); }
      |                              ^~~~~~~~~~~~~~~~~~~~~~~~~~~~~~~~~~~~~~~
/home/w/projects/projects/gps_ws/src/gps/src/gps_node.cpp:366:5: note: declared private here
  366 |     CloseVision(
      |     ^~~~~~~~~~~
gmake[2]: *** [CMakeFiles/gps_node.dir/build.make:79: CMakeFiles/gps_node.dir/src/gps_node.cpp.o] Error 1
gmake[1]: *** [CMakeFiles/Makefile2:188: CMakeFiles/gps_node.dir/all] Error 2
gmake: *** [Makefile:146: all] Error 2
