[0.012s] Invoking command in '/home/w/projects/projects/gps_ws/build/gps': CMAKE_PREFIX_PATH=${CMAKE_PREFIX_PATH}:/opt/ros/humble /usr/bin/cmake --build /home/w/projects/projects/gps_ws/build/gps -- -j16 -l16
[0.052s] [ 50%] Built target SerialPort
[0.076s] [ 75%] [32mBuilding CXX object CMakeFiles/gps_node.dir/src/gps_node.cpp.o[0m
[3.519s] In file included from [01m[K/opt/ros/humble/include/rclcpp/rclcpp/logging.hpp:24[m[K,
[3.519s]                  from [01m[K/opt/ros/humble/include/rclcpp/rclcpp/client.hpp:40[m[K,
[3.519s]                  from [01m[K/opt/ros/humble/include/rclcpp/rclcpp/callback_group.hpp:24[m[K,
[3.519s]                  from [01m[K/opt/ros/humble/include/rclcpp/rclcpp/any_executable.hpp:20[m[K,
[3.519s]                  from [01m[K/opt/ros/humble/include/rclcpp/rclcpp/memory_strategy.hpp:25[m[K,
[3.519s]                  from [01m[K/opt/ros/humble/include/rclcpp/rclcpp/memory_strategies.hpp:18[m[K,
[3.519s]                  from [01m[K/opt/ros/humble/include/rclcpp/rclcpp/executor_options.hpp:20[m[K,
[3.519s]                  from [01m[K/opt/ros/humble/include/rclcpp/rclcpp/executor.hpp:37[m[K,
[3.520s]                  from [01m[K/opt/ros/humble/include/rclcpp/rclcpp/executors/multi_threaded_executor.hpp:25[m[K,
[3.520s]                  from [01m[K/opt/ros/humble/include/rclcpp/rclcpp/executors.hpp:21[m[K,
[3.520s]                  from [01m[K/opt/ros/humble/include/rclcpp/rclcpp/rclcpp.hpp:155[m[K,
[3.520s]                  from [01m[K/home/w/projects/projects/gps_ws/src/gps/src/gps_node.cpp:3[m[K:
[3.520s] [01m[K/home/w/projects/projects/gps_ws/src/gps/src/gps_node.cpp:[m[K In member function ‘[01m[Kvirtual BT::NodeStatus MoveToLocation::onRunning()[m[K’:
[3.520s] [01m[K/home/w/projects/projects/gps_ws/src/gps/src/gps_node.cpp:400:40:[m[K [01;35m[Kwarning: [m[Kformat ‘[01m[K%s[m[K’ expects argument of type ‘[01m[Kchar*[m[K’, but argument 5 has type ‘[01m[Kconst string[m[K’ {aka ‘[01m[Kconst std::__cxx11::basic_string<char>[m[K’} [[01;35m[K]8;;https://gcc.gnu.org/onlinedocs/gcc/Warning-Options.html#index-Wformat=-Wformat=]8;;[m[K]
[3.520s]   400 |         RCLCPP_INFO(context_->logger , [01;35m[K"current_node:{%s}dis_x:%3f,dis_y:%3f"[m[K,name(),distance_x ,distance_y);
[3.520s]       |                                        [01;35m[K^~~~~~~~~~~~~~~~~~~~~~~~~~~~~~~~~~~~~~[m[K
[3.520s] [01m[K/home/w/projects/projects/gps_ws/src/gps/src/gps_node.cpp:400:56:[m[K [01;36m[Knote: [m[Kformat string is defined here
[3.520s]   400 |         RCLCPP_INFO(context_->logger , "current_node:{[01;36m[K%s[m[K}dis_x:%3f,dis_y:%3f",name(),distance_x ,distance_y);
[3.520s]       |                                                       [01;36m[K~^[m[K
[3.520s]       |                                                        [01;36m[K|[m[K
[3.520s]       |                                                        [01;36m[Kchar*[m[K
[12.127s] [100%] [1m[32mLinking CXX executable gps_node[0m
[12.899s] [100%] Built target gps_node
[12.909s] Invoked command in '/home/w/projects/projects/gps_ws/build/gps' returned '0': CMAKE_PREFIX_PATH=${CMAKE_PREFIX_PATH}:/opt/ros/humble /usr/bin/cmake --build /home/w/projects/projects/gps_ws/build/gps -- -j16 -l16
[12.915s] Invoking command in '/home/w/projects/projects/gps_ws/build/gps': CMAKE_PREFIX_PATH=${CMAKE_PREFIX_PATH}:/opt/ros/humble /usr/bin/cmake --install /home/w/projects/projects/gps_ws/build/gps
[12.919s] -- Install configuration: ""
[12.919s] -- Installing: /home/w/projects/projects/gps_ws/install/gps/lib/gps/gps_node
[12.925s] -- Set non-toolchain portion of runtime path of "/home/w/projects/projects/gps_ws/install/gps/lib/gps/gps_node" to ""
[12.925s] -- Installing: /home/w/projects/projects/gps_ws/install/gps/share/gps/tree.xml
[12.925s] -- Installing: /home/w/projects/projects/gps_ws/install/gps/share/ament_index/resource_index/package_run_dependencies/gps
[12.928s] -- Installing: /home/w/projects/projects/gps_ws/install/gps/share/ament_index/resource_index/parent_prefix_path/gps
[12.928s] -- Installing: /home/w/projects/projects/gps_ws/install/gps/share/gps/environment/ament_prefix_path.sh
[12.928s] -- Installing: /home/w/projects/projects/gps_ws/install/gps/share/gps/environment/ament_prefix_path.dsv
[12.928s] -- Installing: /home/w/projects/projects/gps_ws/install/gps/share/gps/environment/path.sh
[12.928s] -- Installing: /home/w/projects/projects/gps_ws/install/gps/share/gps/environment/path.dsv
[12.928s] -- Installing: /home/w/projects/projects/gps_ws/install/gps/share/gps/local_setup.bash
[12.928s] -- Installing: /home/w/projects/projects/gps_ws/install/gps/share/gps/local_setup.sh
[12.928s] -- Installing: /home/w/projects/projects/gps_ws/install/gps/share/gps/local_setup.zsh
[12.928s] -- Installing: /home/w/projects/projects/gps_ws/install/gps/share/gps/local_setup.dsv
[12.928s] -- Installing: /home/w/projects/projects/gps_ws/install/gps/share/gps/package.dsv
[12.928s] -- Installing: /home/w/projects/projects/gps_ws/install/gps/share/ament_index/resource_index/packages/gps
[12.928s] -- Installing: /home/w/projects/projects/gps_ws/install/gps/share/gps/cmake/gpsConfig.cmake
[12.928s] -- Installing: /home/w/projects/projects/gps_ws/install/gps/share/gps/cmake/gpsConfig-version.cmake
[12.928s] -- Installing: /home/w/projects/projects/gps_ws/install/gps/share/gps/package.xml
[12.932s] Invoked command in '/home/w/projects/projects/gps_ws/build/gps' returned '0': CMAKE_PREFIX_PATH=${CMAKE_PREFIX_PATH}:/opt/ros/humble /usr/bin/cmake --install /home/w/projects/projects/gps_ws/build/gps
