[ 40%] Built target SerialPort
[ 60%] Building CXX object CMakeFiles/gps_node.dir/src/gps_node.cpp.o
/home/w/projects/projects/gps_ws/src/gps/src/gps_node.cpp: In constructor ‘MoveUP::MoveUP(const string&, const BT::NodeConfig&, std::shared_ptr<AppContext>)’:
/home/w/projects/projects/gps_ws/src/gps/src/gps_node.cpp:348:37: warning: unused parameter ‘context’ [-Wunused-parameter]
  348 |         std::shared_ptr<AppContext> context
      |         ~~~~~~~~~~~~~~~~~~~~~~~~~~~~^~~~~~~
/home/w/projects/projects/gps_ws/src/gps/src/gps_node.cpp: In constructor ‘MoveDOWN::MoveDOWN(const string&, const BT::NodeConfig&, std::shared_ptr<AppContext>)’:
/home/w/projects/projects/gps_ws/src/gps/src/gps_node.cpp:359:37: warning: unused parameter ‘context’ [-Wunused-parameter]
  359 |         std::shared_ptr<AppContext> context
      |         ~~~~~~~~~~~~~~~~~~~~~~~~~~~~^~~~~~~
/home/w/projects/projects/gps_ws/src/gps/src/gps_node.cpp: In constructor ‘MoveToLocation::MoveToLocation(const string&, const BT::NodeConfig&, std::shared_ptr<AppContext>)’:
/home/w/projects/projects/gps_ws/src/gps/src/gps_node.cpp:370:37: warning: unused parameter ‘context’ [-Wunused-parameter]
  370 |         std::shared_ptr<AppContext> context )
      |         ~~~~~~~~~~~~~~~~~~~~~~~~~~~~^~~~~~~
[ 80%] Linking CXX executable gps_node
[100%] Built target gps_node
-- Install configuration: ""
-- Installing: /home/w/projects/projects/gps_ws/install/gps/lib/gps/gps_node
-- Set non-toolchain portion of runtime path of "/home/w/projects/projects/gps_ws/install/gps/lib/gps/gps_node" to ""
-- Up-to-date: /home/w/projects/projects/gps_ws/install/gps/share/gps/tree.xml
-- Up-to-date: /home/w/projects/projects/gps_ws/install/gps/share/gps/launch
-- Up-to-date: /home/w/projects/projects/gps_ws/install/gps/share/gps/launch/camera.launch.py
-- Up-to-date: /home/w/projects/projects/gps_ws/install/gps/share/ament_index/resource_index/package_run_dependencies/gps
-- Up-to-date: /home/w/projects/projects/gps_ws/install/gps/share/ament_index/resource_index/parent_prefix_path/gps
-- Up-to-date: /home/w/projects/projects/gps_ws/install/gps/share/gps/environment/ament_prefix_path.sh
-- Installing: /home/w/projects/projects/gps_ws/install/gps/share/gps/environment/ament_prefix_path.dsv
-- Up-to-date: /home/w/projects/projects/gps_ws/install/gps/share/gps/environment/path.sh
-- Installing: /home/w/projects/projects/gps_ws/install/gps/share/gps/environment/path.dsv
-- Up-to-date: /home/w/projects/projects/gps_ws/install/gps/share/gps/local_setup.bash
-- Up-to-date: /home/w/projects/projects/gps_ws/install/gps/share/gps/local_setup.sh
-- Up-to-date: /home/w/projects/projects/gps_ws/install/gps/share/gps/local_setup.zsh
-- Installing: /home/w/projects/projects/gps_ws/install/gps/share/gps/local_setup.dsv
-- Installing: /home/w/projects/projects/gps_ws/install/gps/share/gps/package.dsv
-- Up-to-date: /home/w/projects/projects/gps_ws/install/gps/share/ament_index/resource_index/packages/gps
-- Up-to-date: /home/w/projects/projects/gps_ws/install/gps/share/gps/cmake/gpsConfig.cmake
-- Up-to-date: /home/w/projects/projects/gps_ws/install/gps/share/gps/cmake/gpsConfig-version.cmake
-- Up-to-date: /home/w/projects/projects/gps_ws/install/gps/share/gps/package.xml
