[0.008s] Invoking command in '/home/w/projects/projects/gps_ws/build/gps': CMAKE_PREFIX_PATH=${CMAKE_PREFIX_PATH}:/home/w/projects/projects/gps_ws/install/vision:/opt/ros/humble /usr/bin/cmake --build /home/w/projects/projects/gps_ws/build/gps -- -j16 -l16
[0.045s] [ 40%] Built target SerialPort
[0.077s] [ 60%] Building CXX object CMakeFiles/gps_node.dir/src/gps_node.cpp.o
[2.544s] /home/w/projects/projects/gps_ws/src/gps/src/gps_node.cpp: In constructor ‘MoveUP::MoveUP(const string&, const BT::NodeConfig&, std::shared_ptr<AppContext>)’:
[2.544s] /home/w/projects/projects/gps_ws/src/gps/src/gps_node.cpp:348:37: warning: unused parameter ‘context’ [-Wunused-parameter]
[2.544s]   348 |         std::shared_ptr<AppContext> context
[2.544s]       |         ~~~~~~~~~~~~~~~~~~~~~~~~~~~~^~~~~~~
[2.544s] /home/w/projects/projects/gps_ws/src/gps/src/gps_node.cpp: In constructor ‘MoveDOWN::MoveDOWN(const string&, const BT::NodeConfig&, std::shared_ptr<AppContext>)’:
[2.545s] /home/w/projects/projects/gps_ws/src/gps/src/gps_node.cpp:359:37: warning: unused parameter ‘context’ [-Wunused-parameter]
[2.545s]   359 |         std::shared_ptr<AppContext> context
[2.545s]       |         ~~~~~~~~~~~~~~~~~~~~~~~~~~~~^~~~~~~
[2.545s] /home/w/projects/projects/gps_ws/src/gps/src/gps_node.cpp: In constructor ‘MoveToLocation::MoveToLocation(const string&, const BT::NodeConfig&, std::shared_ptr<AppContext>)’:
[2.545s] /home/w/projects/projects/gps_ws/src/gps/src/gps_node.cpp:370:37: warning: unused parameter ‘context’ [-Wunused-parameter]
[2.545s]   370 |         std::shared_ptr<AppContext> context )
[2.545s]       |         ~~~~~~~~~~~~~~~~~~~~~~~~~~~~^~~~~~~
[11.419s] [ 80%] Linking CXX executable gps_node
[12.342s] [100%] Built target gps_node
[12.346s] Invoked command in '/home/w/projects/projects/gps_ws/build/gps' returned '0': CMAKE_PREFIX_PATH=${CMAKE_PREFIX_PATH}:/home/w/projects/projects/gps_ws/install/vision:/opt/ros/humble /usr/bin/cmake --build /home/w/projects/projects/gps_ws/build/gps -- -j16 -l16
[12.354s] Invoking command in '/home/w/projects/projects/gps_ws/build/gps': CMAKE_PREFIX_PATH=${CMAKE_PREFIX_PATH}:/home/w/projects/projects/gps_ws/install/vision:/opt/ros/humble /usr/bin/cmake --install /home/w/projects/projects/gps_ws/build/gps
[12.359s] -- Install configuration: ""
[12.359s] -- Installing: /home/w/projects/projects/gps_ws/install/gps/lib/gps/gps_node
[12.365s] -- Set non-toolchain portion of runtime path of "/home/w/projects/projects/gps_ws/install/gps/lib/gps/gps_node" to ""
[12.365s] -- Up-to-date: /home/w/projects/projects/gps_ws/install/gps/share/gps/tree.xml
[12.365s] -- Up-to-date: /home/w/projects/projects/gps_ws/install/gps/share/gps/launch
[12.365s] -- Up-to-date: /home/w/projects/projects/gps_ws/install/gps/share/gps/launch/camera.launch.py
[12.365s] -- Up-to-date: /home/w/projects/projects/gps_ws/install/gps/share/ament_index/resource_index/package_run_dependencies/gps
[12.365s] -- Up-to-date: /home/w/projects/projects/gps_ws/install/gps/share/ament_index/resource_index/parent_prefix_path/gps
[12.365s] -- Up-to-date: /home/w/projects/projects/gps_ws/install/gps/share/gps/environment/ament_prefix_path.sh
[12.365s] -- Installing: /home/w/projects/projects/gps_ws/install/gps/share/gps/environment/ament_prefix_path.dsv
[12.365s] -- Up-to-date: /home/w/projects/projects/gps_ws/install/gps/share/gps/environment/path.sh
[12.365s] -- Installing: /home/w/projects/projects/gps_ws/install/gps/share/gps/environment/path.dsv
[12.365s] -- Up-to-date: /home/w/projects/projects/gps_ws/install/gps/share/gps/local_setup.bash
[12.365s] -- Up-to-date: /home/w/projects/projects/gps_ws/install/gps/share/gps/local_setup.sh
[12.365s] -- Up-to-date: /home/w/projects/projects/gps_ws/install/gps/share/gps/local_setup.zsh
[12.365s] -- Installing: /home/w/projects/projects/gps_ws/install/gps/share/gps/local_setup.dsv
[12.365s] -- Installing: /home/w/projects/projects/gps_ws/install/gps/share/gps/package.dsv
[12.366s] -- Up-to-date: /home/w/projects/projects/gps_ws/install/gps/share/ament_index/resource_index/packages/gps
[12.366s] -- Up-to-date: /home/w/projects/projects/gps_ws/install/gps/share/gps/cmake/gpsConfig.cmake
[12.366s] -- Up-to-date: /home/w/projects/projects/gps_ws/install/gps/share/gps/cmake/gpsConfig-version.cmake
[12.366s] -- Up-to-date: /home/w/projects/projects/gps_ws/install/gps/share/gps/package.xml
[12.366s] Invoked command in '/home/w/projects/projects/gps_ws/build/gps' returned '0': CMAKE_PREFIX_PATH=${CMAKE_PREFIX_PATH}:/home/w/projects/projects/gps_ws/install/vision:/opt/ros/humble /usr/bin/cmake --install /home/w/projects/projects/gps_ws/build/gps
