In file included from [01m[K/home/w/projects/projects/gps_ws/src/gps/src/gps_node.cpp:8[m[K:
[01m[K/home/w/projects/projects/gps_ws/src/gps/src/map/map.h:87:26:[m[K [01;31m[Kerror: [m[Kexpected ‘[01m[K}[m[K’ before numeric constant
   87 |     {"tran2", [32m[K{[m[K0.69f , 0 [01;31m[K.0f[m[K }},
      |               [32m[K~[m[K          [01;31m[K^~~[m[K
[01m[K/home/w/projects/projects/gps_ws/src/gps/src/map/map.h:87:26:[m[K [01;31m[Kerror: [m[Kexpected ‘[01m[K}[m[K’ before numeric constant
   87 |     [32m[K{[m[K"tran2", {0.69f , 0 [01;31m[K.0f[m[K }},
      |     [32m[K~[m[K                    [01;31m[K^~~[m[K
[01m[K/home/w/projects/projects/gps_ws/src/gps/src/map/map.h:87:26:[m[K [01;31m[Kerror: [m[Kexpected ‘[01m[K}[m[K’ before numeric constant
[01m[K/home/w/projects/projects/gps_ws/src/gps/src/map/map.h:65:1:[m[K [01;36m[Knote: [m[Kto match this ‘[01m[K{[m[K’
   65 | [01;36m[K{[m[K
      | [01;36m[K^[m[K
[01m[K/home/w/projects/projects/gps_ws/src/gps/src/map/map.h:87:26:[m[K [01;31m[Kerror: [m[Kexpected ‘[01m[K,[m[K’ or ‘[01m[K;[m[K’ before numeric constant
   87 |     {"tran2", {0.69f , 0 [01;31m[K.0f[m[K }},
      |                          [01;31m[K^~~[m[K
[01m[K/home/w/projects/projects/gps_ws/src/gps/src/map/map.h:87:30:[m[K [01;31m[Kerror: [m[Kexpected declaration before ‘[01m[K}[m[K’ token
   87 |     {"tran2", {0.69f , 0 .0f [01;31m[K}[m[K},
      |                              [01;31m[K^[m[K
[01m[K/home/w/projects/projects/gps_ws/src/gps/src/map/map.h:87:31:[m[K [01;31m[Kerror: [m[Kexpected declaration before ‘[01m[K}[m[K’ token
   87 |     {"tran2", {0.69f , 0 .0f }[01;31m[K}[m[K,
      |                               [01;31m[K^[m[K
[01m[K/home/w/projects/projects/gps_ws/src/gps/src/map/map.h:87:32:[m[K [01;31m[Kerror: [m[Kexpected unqualified-id before ‘[01m[K,[m[K’ token
   87 |     {"tran2", {0.69f , 0 .0f }}[01;31m[K,[m[K
      |                                [01;31m[K^[m[K
[01m[K/home/w/projects/projects/gps_ws/src/gps/src/map/map.h:88:5:[m[K [01;31m[Kerror: [m[Kexpected unqualified-id before ‘[01m[K{[m[K’ token
   88 |     [01;31m[K{[m[K"tran3" , {1.0f , 0.0f}},
      |     [01;31m[K^[m[K
[01m[K/home/w/projects/projects/gps_ws/src/gps/src/map/map.h:88:30:[m[K [01;31m[Kerror: [m[Kexpected unqualified-id before ‘[01m[K,[m[K’ token
   88 |     {"tran3" , {1.0f , 0.0f}}[01;31m[K,[m[K
      |                              [01;31m[K^[m[K
[01m[K/home/w/projects/projects/gps_ws/src/gps/src/map/map.h:89:5:[m[K [01;31m[Kerror: [m[Kexpected unqualified-id before ‘[01m[K{[m[K’ token
   89 |     [01;31m[K{[m[K"tran4" , {2.2f,0.0f}},
      |     [01;31m[K^[m[K
[01m[K/home/w/projects/projects/gps_ws/src/gps/src/map/map.h:89:28:[m[K [01;31m[Kerror: [m[Kexpected unqualified-id before ‘[01m[K,[m[K’ token
   89 |     {"tran4" , {2.2f,0.0f}}[01;31m[K,[m[K
      |                            [01;31m[K^[m[K
[01m[K/home/w/projects/projects/gps_ws/src/gps/src/map/map.h:90:5:[m[K [01;31m[Kerror: [m[Kexpected unqualified-id before ‘[01m[K{[m[K’ token
   90 |     [01;31m[K{[m[K"tran5" , {3.0f , 0.0f}}
      |     [01;31m[K^[m[K
[01m[K/home/w/projects/projects/gps_ws/src/gps/src/map/map.h:91:1:[m[K [01;31m[Kerror: [m[Kexpected declaration before ‘[01m[K}[m[K’ token
   91 | [01;31m[K}[m[K;
      | [01;31m[K^[m[K
gmake[2]: *** [CMakeFiles/gps_node.dir/build.make:79: CMakeFiles/gps_node.dir/src/gps_node.cpp.o] Error 1
gmake[1]: *** [CMakeFiles/Makefile2:188: CMakeFiles/gps_node.dir/all] Error 2
gmake: *** [Makefile:146: all] Error 2
