[0.009s] Invoking command in '/home/w/projects/projects/gps_ws/build/gps': CMAKE_PREFIX_PATH=${CMAKE_PREFIX_PATH}:/opt/ros/humble /usr/bin/cmake --build /home/w/projects/projects/gps_ws/build/gps -- -j16 -l16
[0.035s] [ 50%] Built target SerialPort
[0.060s] [ 75%] [32mBuilding CXX object CMakeFiles/gps_node.dir/src/gps_node.cpp.o[0m
[2.162s] In file included from [01m[K/home/w/projects/projects/gps_ws/src/gps/src/gps_node.cpp:8[m[K:
[2.162s] [01m[K/home/w/projects/projects/gps_ws/src/gps/src/map/map.h:87:26:[m[K [01;31m[Kerror: [m[Kexpected ‘[01m[K}[m[K’ before numeric constant
[2.162s]    87 |     {"tran2", [32m[K{[m[K0.69f , 0 [01;31m[K.0f[m[K }},
[2.162s]       |               [32m[K~[m[K          [01;31m[K^~~[m[K
[2.162s] [01m[K/home/w/projects/projects/gps_ws/src/gps/src/map/map.h:87:26:[m[K [01;31m[Kerror: [m[Kexpected ‘[01m[K}[m[K’ before numeric constant
[2.162s]    87 |     [32m[K{[m[K"tran2", {0.69f , 0 [01;31m[K.0f[m[K }},
[2.162s]       |     [32m[K~[m[K                    [01;31m[K^~~[m[K
[2.162s] [01m[K/home/w/projects/projects/gps_ws/src/gps/src/map/map.h:87:26:[m[K [01;31m[Kerror: [m[Kexpected ‘[01m[K}[m[K’ before numeric constant
[2.162s] [01m[K/home/w/projects/projects/gps_ws/src/gps/src/map/map.h:65:1:[m[K [01;36m[Knote: [m[Kto match this ‘[01m[K{[m[K’
[2.162s]    65 | [01;36m[K{[m[K
[2.162s]       | [01;36m[K^[m[K
[2.169s] [01m[K/home/w/projects/projects/gps_ws/src/gps/src/map/map.h:87:26:[m[K [01;31m[Kerror: [m[Kexpected ‘[01m[K,[m[K’ or ‘[01m[K;[m[K’ before numeric constant
[2.169s]    87 |     {"tran2", {0.69f , 0 [01;31m[K.0f[m[K }},
[2.169s]       |                          [01;31m[K^~~[m[K
[2.169s] [01m[K/home/w/projects/projects/gps_ws/src/gps/src/map/map.h:87:30:[m[K [01;31m[Kerror: [m[Kexpected declaration before ‘[01m[K}[m[K’ token
[2.169s]    87 |     {"tran2", {0.69f , 0 .0f [01;31m[K}[m[K},
[2.169s]       |                              [01;31m[K^[m[K
[2.169s] [01m[K/home/w/projects/projects/gps_ws/src/gps/src/map/map.h:87:31:[m[K [01;31m[Kerror: [m[Kexpected declaration before ‘[01m[K}[m[K’ token
[2.169s]    87 |     {"tran2", {0.69f , 0 .0f }[01;31m[K}[m[K,
[2.169s]       |                               [01;31m[K^[m[K
[2.169s] [01m[K/home/w/projects/projects/gps_ws/src/gps/src/map/map.h:87:32:[m[K [01;31m[Kerror: [m[Kexpected unqualified-id before ‘[01m[K,[m[K’ token
[2.169s]    87 |     {"tran2", {0.69f , 0 .0f }}[01;31m[K,[m[K
[2.169s]       |                                [01;31m[K^[m[K
[2.170s] [01m[K/home/w/projects/projects/gps_ws/src/gps/src/map/map.h:88:5:[m[K [01;31m[Kerror: [m[Kexpected unqualified-id before ‘[01m[K{[m[K’ token
[2.170s]    88 |     [01;31m[K{[m[K"tran3" , {1.0f , 0.0f}},
[2.170s]       |     [01;31m[K^[m[K
[2.170s] [01m[K/home/w/projects/projects/gps_ws/src/gps/src/map/map.h:88:30:[m[K [01;31m[Kerror: [m[Kexpected unqualified-id before ‘[01m[K,[m[K’ token
[2.170s]    88 |     {"tran3" , {1.0f , 0.0f}}[01;31m[K,[m[K
[2.170s]       |                              [01;31m[K^[m[K
[2.170s] [01m[K/home/w/projects/projects/gps_ws/src/gps/src/map/map.h:89:5:[m[K [01;31m[Kerror: [m[Kexpected unqualified-id before ‘[01m[K{[m[K’ token
[2.170s]    89 |     [01;31m[K{[m[K"tran4" , {2.2f,0.0f}},
[2.170s]       |     [01;31m[K^[m[K
[2.170s] [01m[K/home/w/projects/projects/gps_ws/src/gps/src/map/map.h:89:28:[m[K [01;31m[Kerror: [m[Kexpected unqualified-id before ‘[01m[K,[m[K’ token
[2.170s]    89 |     {"tran4" , {2.2f,0.0f}}[01;31m[K,[m[K
[2.170s]       |                            [01;31m[K^[m[K
[2.170s] [01m[K/home/w/projects/projects/gps_ws/src/gps/src/map/map.h:90:5:[m[K [01;31m[Kerror: [m[Kexpected unqualified-id before ‘[01m[K{[m[K’ token
[2.170s]    90 |     [01;31m[K{[m[K"tran5" , {3.0f , 0.0f}}
[2.171s]       |     [01;31m[K^[m[K
[2.171s] [01m[K/home/w/projects/projects/gps_ws/src/gps/src/map/map.h:91:1:[m[K [01;31m[Kerror: [m[Kexpected declaration before ‘[01m[K}[m[K’ token
[2.171s]    91 | [01;31m[K}[m[K;
[2.171s]       | [01;31m[K^[m[K
[5.026s] gmake[2]: *** [CMakeFiles/gps_node.dir/build.make:79: CMakeFiles/gps_node.dir/src/gps_node.cpp.o] Error 1
[5.026s] gmake[1]: *** [CMakeFiles/Makefile2:188: CMakeFiles/gps_node.dir/all] Error 2
[5.026s] gmake: *** [Makefile:146: all] Error 2
[5.028s] Invoked command in '/home/w/projects/projects/gps_ws/build/gps' returned '2': CMAKE_PREFIX_PATH=${CMAKE_PREFIX_PATH}:/opt/ros/humble /usr/bin/cmake --build /home/w/projects/projects/gps_ws/build/gps -- -j16 -l16
