[2.266s] Invoking command in '/home/w/projects/projects/gps_ws/src/vision': PYTHONPATH=/home/w/projects/projects/gps_ws/build/vision/prefix_override:/usr/lib/python3/dist-packages/colcon_core/task/python/colcon_distutils_commands:/home/w/projects/projects/gps_ws/install/vision/lib/python3.10/site-packages:${PYTHONPATH} /usr/bin/python3 -W ignore:setup.py install is deprecated -W ignore:easy_install command is deprecated setup.py egg_info --egg-base ../../build/vision build --build-base /home/w/projects/projects/gps_ws/build/vision/build install --record /home/w/projects/projects/gps_ws/build/vision/install.log --single-version-externally-managed install_data
[2.981s] running egg_info
[2.982s] writing ../../build/vision/vision.egg-info/PKG-INFO
[2.983s] writing dependency_links to ../../build/vision/vision.egg-info/dependency_links.txt
[2.983s] writing entry points to ../../build/vision/vision.egg-info/entry_points.txt
[2.983s] writing requirements to ../../build/vision/vision.egg-info/requires.txt
[2.984s] writing top-level names to ../../build/vision/vision.egg-info/top_level.txt
[2.988s] reading manifest file '../../build/vision/vision.egg-info/SOURCES.txt'
[2.990s] writing manifest file '../../build/vision/vision.egg-info/SOURCES.txt'
[2.990s] running build
[2.990s] running build_py
[2.991s] running install
[2.991s] running install_lib
[2.994s] running install_data
[2.995s] running install_egg_info
[2.998s] removing '/home/w/projects/projects/gps_ws/install/vision/lib/python3.10/site-packages/vision-0.0.0-py3.10.egg-info' (and everything under it)
[2.999s] Copying ../../build/vision/vision.egg-info to /home/w/projects/projects/gps_ws/install/vision/lib/python3.10/site-packages/vision-0.0.0-py3.10.egg-info
[3.002s] running install_scripts
[3.053s] Installing vision_node script to /home/w/projects/projects/gps_ws/install/vision/lib/vision
[3.055s] writing list of installed files to '/home/w/projects/projects/gps_ws/build/vision/install.log'
[3.105s] Invoked command in '/home/w/projects/projects/gps_ws/src/vision' returned '0': PYTHONPATH=/home/w/projects/projects/gps_ws/build/vision/prefix_override:/usr/lib/python3/dist-packages/colcon_core/task/python/colcon_distutils_commands:/home/w/projects/projects/gps_ws/install/vision/lib/python3.10/site-packages:${PYTHONPATH} /usr/bin/python3 -W ignore:setup.py install is deprecated -W ignore:easy_install command is deprecated setup.py egg_info --egg-base ../../build/vision build --build-base /home/w/projects/projects/gps_ws/build/vision/build install --record /home/w/projects/projects/gps_ws/build/vision/install.log --single-version-externally-managed install_data
