[1.130s] Invoking command in '/home/w/projects/projects/gps_ws/src/vision': PYTHONPATH=/home/w/projects/projects/gps_ws/build/vision/prefix_override:/usr/lib/python3/dist-packages/colcon_core/task/python/colcon_distutils_commands:/home/w/projects/projects/gps_ws/install/vision/lib/python3.10/site-packages:${PYTHONPATH} /usr/bin/python3 -W ignore:setup.py install is deprecated -W ignore:easy_install command is deprecated setup.py egg_info --egg-base ../../build/vision build --build-base /home/w/projects/projects/gps_ws/build/vision/build install --record /home/w/projects/projects/gps_ws/build/vision/install.log --single-version-externally-managed install_data
[1.493s] running egg_info
[1.494s] writing ../../build/vision/vision.egg-info/PKG-INFO
[1.495s] writing dependency_links to ../../build/vision/vision.egg-info/dependency_links.txt
[1.495s] writing entry points to ../../build/vision/vision.egg-info/entry_points.txt
[1.495s] writing requirements to ../../build/vision/vision.egg-info/requires.txt
[1.495s] writing top-level names to ../../build/vision/vision.egg-info/top_level.txt
[1.498s] reading manifest file '../../build/vision/vision.egg-info/SOURCES.txt'
[1.500s] writing manifest file '../../build/vision/vision.egg-info/SOURCES.txt'
[1.500s] running build
[1.500s] running build_py
[1.500s] running install
[1.501s] running install_lib
[1.503s] running install_data
[1.503s] running install_egg_info
[1.506s] removing '/home/w/projects/projects/gps_ws/install/vision/lib/python3.10/site-packages/vision-0.0.0-py3.10.egg-info' (and everything under it)
[1.506s] Copying ../../build/vision/vision.egg-info to /home/w/projects/projects/gps_ws/install/vision/lib/python3.10/site-packages/vision-0.0.0-py3.10.egg-info
[1.507s] running install_scripts
[1.534s] Installing vision_node script to /home/w/projects/projects/gps_ws/install/vision/lib/vision
[1.535s] writing list of installed files to '/home/w/projects/projects/gps_ws/build/vision/install.log'
[1.562s] Invoked command in '/home/w/projects/projects/gps_ws/src/vision' returned '0': PYTHONPATH=/home/w/projects/projects/gps_ws/build/vision/prefix_override:/usr/lib/python3/dist-packages/colcon_core/task/python/colcon_distutils_commands:/home/w/projects/projects/gps_ws/install/vision/lib/python3.10/site-packages:${PYTHONPATH} /usr/bin/python3 -W ignore:setup.py install is deprecated -W ignore:easy_install command is deprecated setup.py egg_info --egg-base ../../build/vision build --build-base /home/w/projects/projects/gps_ws/build/vision/build install --record /home/w/projects/projects/gps_ws/build/vision/install.log --single-version-externally-managed install_data
