[0.009s] Invoking command in '/home/w/projects/projects/gps_ws/build/gps': CMAKE_PREFIX_PATH=${CMAKE_PREFIX_PATH}:/home/w/projects/projects/gps_ws/install/vision:/opt/ros/humble /usr/bin/cmake /home/w/projects/projects/gps_ws/src/gps -DCMAKE_CXX_COMPILE_COMMANDS=ON -DCMAKE_INSTALL_PREFIX=/home/w/projects/projects/gps_ws/install/gps
[0.031s] -- Found ament_cmake: 1.3.14 (/opt/ros/humble/share/ament_cmake/cmake)
[0.234s] -- Found rclcpp: 16.0.19 (/opt/ros/humble/share/rclcpp/cmake)
[0.264s] -- Found rosidl_generator_c: 3.1.8 (/opt/ros/humble/share/rosidl_generator_c/cmake)
[0.267s] -- Found rosidl_adapter: 3.1.8 (/opt/ros/humble/share/rosidl_adapter/cmake)
[0.273s] -- Found rosidl_generator_cpp: 3.1.8 (/opt/ros/humble/share/rosidl_generator_cpp/cmake)
[0.282s] -- Using all available rosidl_typesupport_c: rosidl_typesupport_fastrtps_c;rosidl_typesupport_introspection_c
[0.293s] -- Using all available rosidl_typesupport_cpp: rosidl_typesupport_fastrtps_cpp;rosidl_typesupport_introspection_cpp
[0.324s] -- Found rmw_implementation_cmake: 6.1.2 (/opt/ros/humble/share/rmw_implementation_cmake/cmake)
[0.326s] -- Found rmw_fastrtps_cpp: 6.2.10 (/opt/ros/humble/share/rmw_fastrtps_cpp/cmake)
[0.416s] -- Using RMW implementation 'rmw_fastrtps_cpp' as default
[0.467s] -- Found nav_msgs: 4.9.1 (/opt/ros/humble/share/nav_msgs/cmake)
[0.497s] -- Found sensor_msgs: 4.9.1 (/opt/ros/humble/share/sensor_msgs/cmake)
[0.521s] -- Found behaviortree_cpp: 4.9.0 (/opt/ros/humble/share/behaviortree_cpp/cmake)
[0.525s] -- Found ament_lint_auto: 0.12.15 (/opt/ros/humble/share/ament_lint_auto/cmake)
[0.597s] -- Added test 'cppcheck' to perform static code analysis on C / C++ code
[0.597s] -- Configured cppcheck include dirs: /home/w/projects/projects/gps_ws/src/gps/src/SerialPort
[0.598s] -- Configured cppcheck exclude dirs and/or files: 
[0.598s] -- Added test 'flake8' to check Python code syntax and style conventions
[0.599s] -- Added test 'lint_cmake' to check CMake code style
[0.599s] -- Added test 'pep257' to check Python code against some of the docstring style conventions in PEP 257
[0.601s] -- Added test 'uncrustify' to check C / C++ code style
[0.601s] -- Configured uncrustify additional arguments: 
[0.601s] -- Added test 'xmllint' to check XML markup files
[0.603s] -- Configuring done (0.6s)
[0.615s] -- Generating done (0.0s)
[0.630s] -- Build files have been written to: /home/w/projects/projects/gps_ws/build/gps
[0.636s] Invoked command in '/home/w/projects/projects/gps_ws/build/gps' returned '0': CMAKE_PREFIX_PATH=${CMAKE_PREFIX_PATH}:/home/w/projects/projects/gps_ws/install/vision:/opt/ros/humble /usr/bin/cmake /home/w/projects/projects/gps_ws/src/gps -DCMAKE_CXX_COMPILE_COMMANDS=ON -DCMAKE_INSTALL_PREFIX=/home/w/projects/projects/gps_ws/install/gps
[0.637s] Invoking command in '/home/w/projects/projects/gps_ws/build/gps': CMAKE_PREFIX_PATH=${CMAKE_PREFIX_PATH}:/home/w/projects/projects/gps_ws/install/vision:/opt/ros/humble /usr/bin/cmake --build /home/w/projects/projects/gps_ws/build/gps -- -j16 -l16
[0.665s] [ 40%] Built target SerialPort
[0.684s] [ 60%] Building CXX object CMakeFiles/gps_node.dir/src/gps_node.cpp.o
[0.684s] [ 80%] Building CXX object CMakeFiles/gps_node.dir/src/map/map.cpp.o
[11.081s] [100%] Linking CXX executable gps_node
[11.553s] [100%] Built target gps_node
[11.558s] Invoked command in '/home/w/projects/projects/gps_ws/build/gps' returned '0': CMAKE_PREFIX_PATH=${CMAKE_PREFIX_PATH}:/home/w/projects/projects/gps_ws/install/vision:/opt/ros/humble /usr/bin/cmake --build /home/w/projects/projects/gps_ws/build/gps -- -j16 -l16
[11.563s] Invoking command in '/home/w/projects/projects/gps_ws/build/gps': CMAKE_PREFIX_PATH=${CMAKE_PREFIX_PATH}:/home/w/projects/projects/gps_ws/install/vision:/opt/ros/humble /usr/bin/cmake --install /home/w/projects/projects/gps_ws/build/gps
[11.567s] -- Install configuration: ""
[11.567s] -- Installing: /home/w/projects/projects/gps_ws/install/gps/lib/gps/gps_node
[11.571s] -- Set non-toolchain portion of runtime path of "/home/w/projects/projects/gps_ws/install/gps/lib/gps/gps_node" to ""
[11.571s] -- Installing: /home/w/projects/projects/gps_ws/install/gps/share/gps/tree.xml
[11.571s] -- Up-to-date: /home/w/projects/projects/gps_ws/install/gps/share/gps/launch
[11.571s] -- Up-to-date: /home/w/projects/projects/gps_ws/install/gps/share/gps/launch/counter.launch.py
[11.571s] -- Up-to-date: /home/w/projects/projects/gps_ws/install/gps/share/gps/launch/camera.launch.py
[11.572s] -- Up-to-date: /home/w/projects/projects/gps_ws/install/gps/share/ament_index/resource_index/package_run_dependencies/gps
[11.572s] -- Up-to-date: /home/w/projects/projects/gps_ws/install/gps/share/ament_index/resource_index/parent_prefix_path/gps
[11.572s] -- Up-to-date: /home/w/projects/projects/gps_ws/install/gps/share/gps/environment/ament_prefix_path.sh
[11.572s] -- Installing: /home/w/projects/projects/gps_ws/install/gps/share/gps/environment/ament_prefix_path.dsv
[11.572s] -- Up-to-date: /home/w/projects/projects/gps_ws/install/gps/share/gps/environment/path.sh
[11.572s] -- Installing: /home/w/projects/projects/gps_ws/install/gps/share/gps/environment/path.dsv
[11.572s] -- Up-to-date: /home/w/projects/projects/gps_ws/install/gps/share/gps/local_setup.bash
[11.572s] -- Up-to-date: /home/w/projects/projects/gps_ws/install/gps/share/gps/local_setup.sh
[11.572s] -- Up-to-date: /home/w/projects/projects/gps_ws/install/gps/share/gps/local_setup.zsh
[11.572s] -- Installing: /home/w/projects/projects/gps_ws/install/gps/share/gps/local_setup.dsv
[11.572s] -- Installing: /home/w/projects/projects/gps_ws/install/gps/share/gps/package.dsv
[11.572s] -- Up-to-date: /home/w/projects/projects/gps_ws/install/gps/share/ament_index/resource_index/packages/gps
[11.572s] -- Up-to-date: /home/w/projects/projects/gps_ws/install/gps/share/gps/cmake/gpsConfig.cmake
[11.572s] -- Up-to-date: /home/w/projects/projects/gps_ws/install/gps/share/gps/cmake/gpsConfig-version.cmake
[11.572s] -- Up-to-date: /home/w/projects/projects/gps_ws/install/gps/share/gps/package.xml
[11.573s] Invoked command in '/home/w/projects/projects/gps_ws/build/gps' returned '0': CMAKE_PREFIX_PATH=${CMAKE_PREFIX_PATH}:/home/w/projects/projects/gps_ws/install/vision:/opt/ros/humble /usr/bin/cmake --install /home/w/projects/projects/gps_ws/build/gps
