-- Found ament_cmake: 1.3.14 (/opt/ros/humble/share/ament_cmake/cmake)
-- Found rclcpp: 16.0.19 (/opt/ros/humble/share/rclcpp/cmake)
-- Found rosidl_generator_c: 3.1.8 (/opt/ros/humble/share/rosidl_generator_c/cmake)
-- Found rosidl_adapter: 3.1.8 (/opt/ros/humble/share/rosidl_adapter/cmake)
-- Found rosidl_generator_cpp: 3.1.8 (/opt/ros/humble/share/rosidl_generator_cpp/cmake)
-- Using all available rosidl_typesupport_c: rosidl_typesupport_fastrtps_c;rosidl_typesupport_introspection_c
-- Using all available rosidl_typesupport_cpp: rosidl_typesupport_fastrtps_cpp;rosidl_typesupport_introspection_cpp
-- Found rmw_implementation_cmake: 6.1.2 (/opt/ros/humble/share/rmw_implementation_cmake/cmake)
-- Found rmw_fastrtps_cpp: 6.2.10 (/opt/ros/humble/share/rmw_fastrtps_cpp/cmake)
-- Using RMW implementation 'rmw_fastrtps_cpp' as default
-- Found nav_msgs: 4.9.1 (/opt/ros/humble/share/nav_msgs/cmake)
-- Found sensor_msgs: 4.9.1 (/opt/ros/humble/share/sensor_msgs/cmake)
-- Found behaviortree_cpp: 4.9.0 (/opt/ros/humble/share/behaviortree_cpp/cmake)
-- Found ament_lint_auto: 0.12.15 (/opt/ros/humble/share/ament_lint_auto/cmake)
-- Added test 'cppcheck' to perform static code analysis on C / C++ code
-- Configured cppcheck include dirs: /home/w/projects/projects/gps_ws/src/gps/src/SerialPort
-- Configured cppcheck exclude dirs and/or files: 
-- Added test 'flake8' to check Python code syntax and style conventions
-- Added test 'lint_cmake' to check CMake code style
-- Added test 'pep257' to check Python code against some of the docstring style conventions in PEP 257
-- Added test 'uncrustify' to check C / C++ code style
-- Configured uncrustify additional arguments: 
-- Added test 'xmllint' to check XML markup files
-- Configuring done (0.6s)
-- Generating done (0.0s)
CMake Warning:
  Manually-specified variables were not used by the project:

    CMAKE_CXX_COMPILE_COMMANDS


-- Build files have been written to: /home/w/projects/projects/gps_ws/build/gps
[ 40%] Built target SerialPort
[ 60%] Building CXX object CMakeFiles/gps_node.dir/src/gps_node.cpp.o
/home/w/projects/projects/gps_ws/src/gps/src/gps_node.cpp: In constructor ‘MoveUP::MoveUP(const string&, const BT::NodeConfig&, std::shared_ptr<AppContext>)’:
/home/w/projects/projects/gps_ws/src/gps/src/gps_node.cpp:348:37: warning: unused parameter ‘context’ [-Wunused-parameter]
  348 |         std::shared_ptr<AppContext> context
      |         ~~~~~~~~~~~~~~~~~~~~~~~~~~~~^~~~~~~
/home/w/projects/projects/gps_ws/src/gps/src/gps_node.cpp: In constructor ‘MoveDOWN::MoveDOWN(const string&, const BT::NodeConfig&, std::shared_ptr<AppContext>)’:
/home/w/projects/projects/gps_ws/src/gps/src/gps_node.cpp:359:37: warning: unused parameter ‘context’ [-Wunused-parameter]
  359 |         std::shared_ptr<AppContext> context
      |         ~~~~~~~~~~~~~~~~~~~~~~~~~~~~^~~~~~~
/home/w/projects/projects/gps_ws/src/gps/src/gps_node.cpp: In constructor ‘MoveToLocation::MoveToLocation(const string&, const BT::NodeConfig&, std::shared_ptr<AppContext>)’:
/home/w/projects/projects/gps_ws/src/gps/src/gps_node.cpp:370:37: warning: unused parameter ‘context’ [-Wunused-parameter]
  370 |         std::shared_ptr<AppContext> context )
      |         ~~~~~~~~~~~~~~~~~~~~~~~~~~~~^~~~~~~
/home/w/projects/projects/gps_ws/src/gps/src/gps_node.cpp: At global scope:
/home/w/projects/projects/gps_ws/src/gps/src/gps_node.cpp:1895:45: error: expected ‘)’ before ‘:’ token
 1895 |         std::shared_ptr<AppContext> context) : BT::ConditionNode(name, config), context_(std::move(context_))
      |                                             ^~
      |                                             )
/home/w/projects/projects/gps_ws/src/gps/src/gps_node.cpp:1891:8: note: to match this ‘(’
 1891 | public:(
      |        ^
In file included from /usr/include/c++/11/memory:76,
                 from /opt/ros/humble/include/behaviortree_cpp/contrib/expected.hpp:259,
                 from /opt/ros/humble/include/behaviortree_cpp/basic_types.h:3,
                 from /opt/ros/humble/include/behaviortree_cpp/tree_node.h:16,
                 from /opt/ros/humble/include/behaviortree_cpp/leaf_node.h:17,
                 from /opt/ros/humble/include/behaviortree_cpp/action_node.h:17,
                 from /opt/ros/humble/include/behaviortree_cpp/behavior_tree.h:16,
                 from /opt/ros/humble/include/behaviortree_cpp/bt_factory.h:17,
                 from /home/w/projects/projects/gps_ws/src/gps/src/gps_node.cpp:1:
/usr/include/c++/11/bits/unique_ptr.h: In instantiation of ‘typename std::_MakeUniq<_Tp>::__single_object std::make_unique(_Args&& ...) [with _Tp = IsAtLine1; _Args = {const std::__cxx11::basic_string<char, std::char_traits<char>, std::allocator<char> >&, const BT::NodeConfig&, const std::shared_ptr<AppContext>&}; typename std::_MakeUniq<_Tp>::__single_object = std::unique_ptr<IsAtLine1, std::default_delete<IsAtLine1> >]’:
/home/w/projects/projects/gps_ws/src/gps/src/gps_node.cpp:2369:47:   required from here
/usr/include/c++/11/bits/unique_ptr.h:962:30: error: no matching function for call to ‘IsAtLine1::IsAtLine1(const std::__cxx11::basic_string<char>&, const BT::NodeConfig&, const std::shared_ptr<AppContext>&)’
  962 |     { return unique_ptr<_Tp>(new _Tp(std::forward<_Args>(__args)...)); }
      |                              ^~~~~~~~~~~~~~~~~~~~~~~~~~~~~~~~~~~~~~~
/home/w/projects/projects/gps_ws/src/gps/src/gps_node.cpp:1889:7: note: candidate: ‘IsAtLine1::IsAtLine1()’ (deleted)
 1889 | class IsAtLine1 final : public BT::ConditionNode
      |       ^~~~~~~~~
/home/w/projects/projects/gps_ws/src/gps/src/gps_node.cpp:1889:7: note:   candidate expects 0 arguments, 3 provided
/home/w/projects/projects/gps_ws/src/gps/src/gps_node.cpp:1889:7: note: candidate: ‘IsAtLine1::IsAtLine1(const IsAtLine1&)’ (deleted)
/home/w/projects/projects/gps_ws/src/gps/src/gps_node.cpp:1889:7: note:   candidate expects 1 argument, 3 provided
/home/w/projects/projects/gps_ws/src/gps/src/gps_node.cpp:1889:7: note: candidate: ‘IsAtLine1::IsAtLine1(IsAtLine1&&)’ (deleted)
/home/w/projects/projects/gps_ws/src/gps/src/gps_node.cpp:1889:7: note:   candidate expects 1 argument, 3 provided
gmake[2]: *** [CMakeFiles/gps_node.dir/build.make:79: CMakeFiles/gps_node.dir/src/gps_node.cpp.o] Error 1
gmake[1]: *** [CMakeFiles/Makefile2:188: CMakeFiles/gps_node.dir/all] Error 2
gmake: *** [Makefile:146: all] Error 2
