[0.007s] Invoking command in '/home/w/projects/projects/gps_ws/build/gps': CMAKE_PREFIX_PATH=${CMAKE_PREFIX_PATH}:/home/w/projects/projects/gps_ws/install/vision:/opt/ros/humble /usr/bin/cmake /home/w/projects/projects/gps_ws/src/gps -DCMAKE_CXX_COMPILE_COMMANDS=ON -DCMAKE_INSTALL_PREFIX=/home/w/projects/projects/gps_ws/install/gps
[0.024s] -- Found ament_cmake: 1.3.14 (/opt/ros/humble/share/ament_cmake/cmake)
[0.259s] -- Found rclcpp: 16.0.19 (/opt/ros/humble/share/rclcpp/cmake)
[0.289s] -- Found rosidl_generator_c: 3.1.8 (/opt/ros/humble/share/rosidl_generator_c/cmake)
[0.291s] -- Found rosidl_adapter: 3.1.8 (/opt/ros/humble/share/rosidl_adapter/cmake)
[0.297s] -- Found rosidl_generator_cpp: 3.1.8 (/opt/ros/humble/share/rosidl_generator_cpp/cmake)
[0.305s] -- Using all available rosidl_typesupport_c: rosidl_typesupport_fastrtps_c;rosidl_typesupport_introspection_c
[0.317s] -- Using all available rosidl_typesupport_cpp: rosidl_typesupport_fastrtps_cpp;rosidl_typesupport_introspection_cpp
[0.347s] -- Found rmw_implementation_cmake: 6.1.2 (/opt/ros/humble/share/rmw_implementation_cmake/cmake)
[0.349s] -- Found rmw_fastrtps_cpp: 6.2.10 (/opt/ros/humble/share/rmw_fastrtps_cpp/cmake)
[0.458s] -- Using RMW implementation 'rmw_fastrtps_cpp' as default
[0.507s] -- Found nav_msgs: 4.9.1 (/opt/ros/humble/share/nav_msgs/cmake)
[0.537s] -- Found sensor_msgs: 4.9.1 (/opt/ros/humble/share/sensor_msgs/cmake)
[0.554s] -- Found behaviortree_cpp: 4.9.0 (/opt/ros/humble/share/behaviortree_cpp/cmake)
[0.557s] -- Found ament_lint_auto: 0.12.15 (/opt/ros/humble/share/ament_lint_auto/cmake)
[0.621s] -- Added test 'cppcheck' to perform static code analysis on C / C++ code
[0.621s] -- Configured cppcheck include dirs: /home/w/projects/projects/gps_ws/src/gps/src/SerialPort
[0.622s] -- Configured cppcheck exclude dirs and/or files: 
[0.622s] -- Added test 'flake8' to check Python code syntax and style conventions
[0.622s] -- Added test 'lint_cmake' to check CMake code style
[0.623s] -- Added test 'pep257' to check Python code against some of the docstring style conventions in PEP 257
[0.623s] -- Added test 'uncrustify' to check C / C++ code style
[0.623s] -- Configured uncrustify additional arguments: 
[0.624s] -- Added test 'xmllint' to check XML markup files
[0.625s] -- Configuring done (0.6s)
[0.636s] -- Generating done (0.0s)
[0.636s] CMake Warning:
[0.636s]   Manually-specified variables were not used by the project:
[0.636s] 
[0.636s]     CMAKE_CXX_COMPILE_COMMANDS
[0.636s] 
[0.636s] 
[0.652s] -- Build files have been written to: /home/w/projects/projects/gps_ws/build/gps
[0.657s] Invoked command in '/home/w/projects/projects/gps_ws/build/gps' returned '0': CMAKE_PREFIX_PATH=${CMAKE_PREFIX_PATH}:/home/w/projects/projects/gps_ws/install/vision:/opt/ros/humble /usr/bin/cmake /home/w/projects/projects/gps_ws/src/gps -DCMAKE_CXX_COMPILE_COMMANDS=ON -DCMAKE_INSTALL_PREFIX=/home/w/projects/projects/gps_ws/install/gps
[0.659s] Invoking command in '/home/w/projects/projects/gps_ws/build/gps': CMAKE_PREFIX_PATH=${CMAKE_PREFIX_PATH}:/home/w/projects/projects/gps_ws/install/vision:/opt/ros/humble /usr/bin/cmake --build /home/w/projects/projects/gps_ws/build/gps -- -j16 -l16
[0.685s] [ 40%] Built target SerialPort
[0.700s] [ 60%] Building CXX object CMakeFiles/gps_node.dir/src/gps_node.cpp.o
[3.038s] /home/w/projects/projects/gps_ws/src/gps/src/gps_node.cpp: In constructor ‘MoveUP::MoveUP(const string&, const BT::NodeConfig&, std::shared_ptr<AppContext>)’:
[3.038s] /home/w/projects/projects/gps_ws/src/gps/src/gps_node.cpp:348:37: warning: unused parameter ‘context’ [-Wunused-parameter]
[3.038s]   348 |         std::shared_ptr<AppContext> context
[3.038s]       |         ~~~~~~~~~~~~~~~~~~~~~~~~~~~~^~~~~~~
[3.038s] /home/w/projects/projects/gps_ws/src/gps/src/gps_node.cpp: In constructor ‘MoveDOWN::MoveDOWN(const string&, const BT::NodeConfig&, std::shared_ptr<AppContext>)’:
[3.038s] /home/w/projects/projects/gps_ws/src/gps/src/gps_node.cpp:359:37: warning: unused parameter ‘context’ [-Wunused-parameter]
[3.039s]   359 |         std::shared_ptr<AppContext> context
[3.039s]       |         ~~~~~~~~~~~~~~~~~~~~~~~~~~~~^~~~~~~
[3.039s] /home/w/projects/projects/gps_ws/src/gps/src/gps_node.cpp: In constructor ‘MoveToLocation::MoveToLocation(const string&, const BT::NodeConfig&, std::shared_ptr<AppContext>)’:
[3.039s] /home/w/projects/projects/gps_ws/src/gps/src/gps_node.cpp:370:37: warning: unused parameter ‘context’ [-Wunused-parameter]
[3.039s]   370 |         std::shared_ptr<AppContext> context )
[3.039s]       |         ~~~~~~~~~~~~~~~~~~~~~~~~~~~~^~~~~~~
[3.077s] /home/w/projects/projects/gps_ws/src/gps/src/gps_node.cpp: At global scope:
[3.077s] /home/w/projects/projects/gps_ws/src/gps/src/gps_node.cpp:1895:45: error: expected ‘)’ before ‘:’ token
[3.077s]  1895 |         std::shared_ptr<AppContext> context) : BT::ConditionNode(name, config), context_(std::move(context_))
[3.077s]       |                                             ^~
[3.077s]       |                                             )
[3.078s] /home/w/projects/projects/gps_ws/src/gps/src/gps_node.cpp:1891:8: note: to match this ‘(’
[3.078s]  1891 | public:(
[3.078s]       |        ^
[3.447s] In file included from /usr/include/c++/11/memory:76,
[3.447s]                  from /opt/ros/humble/include/behaviortree_cpp/contrib/expected.hpp:259,
[3.447s]                  from /opt/ros/humble/include/behaviortree_cpp/basic_types.h:3,
[3.447s]                  from /opt/ros/humble/include/behaviortree_cpp/tree_node.h:16,
[3.447s]                  from /opt/ros/humble/include/behaviortree_cpp/leaf_node.h:17,
[3.447s]                  from /opt/ros/humble/include/behaviortree_cpp/action_node.h:17,
[3.447s]                  from /opt/ros/humble/include/behaviortree_cpp/behavior_tree.h:16,
[3.447s]                  from /opt/ros/humble/include/behaviortree_cpp/bt_factory.h:17,
[3.447s]                  from /home/w/projects/projects/gps_ws/src/gps/src/gps_node.cpp:1:
[3.447s] /usr/include/c++/11/bits/unique_ptr.h: In instantiation of ‘typename std::_MakeUniq<_Tp>::__single_object std::make_unique(_Args&& ...) [with _Tp = IsAtLine1; _Args = {const std::__cxx11::basic_string<char, std::char_traits<char>, std::allocator<char> >&, const BT::NodeConfig&, const std::shared_ptr<AppContext>&}; typename std::_MakeUniq<_Tp>::__single_object = std::unique_ptr<IsAtLine1, std::default_delete<IsAtLine1> >]’:
[3.447s] /home/w/projects/projects/gps_ws/src/gps/src/gps_node.cpp:2369:47:   required from here
[3.447s] /usr/include/c++/11/bits/unique_ptr.h:962:30: error: no matching function for call to ‘IsAtLine1::IsAtLine1(const std::__cxx11::basic_string<char>&, const BT::NodeConfig&, const std::shared_ptr<AppContext>&)’
[3.447s]   962 |     { return unique_ptr<_Tp>(new _Tp(std::forward<_Args>(__args)...)); }
[3.447s]       |                              ^~~~~~~~~~~~~~~~~~~~~~~~~~~~~~~~~~~~~~~
[3.447s] /home/w/projects/projects/gps_ws/src/gps/src/gps_node.cpp:1889:7: note: candidate: ‘IsAtLine1::IsAtLine1()’ (deleted)
[3.447s]  1889 | class IsAtLine1 final : public BT::ConditionNode
[3.447s]       |       ^~~~~~~~~
[3.447s] /home/w/projects/projects/gps_ws/src/gps/src/gps_node.cpp:1889:7: note:   candidate expects 0 arguments, 3 provided
[3.447s] /home/w/projects/projects/gps_ws/src/gps/src/gps_node.cpp:1889:7: note: candidate: ‘IsAtLine1::IsAtLine1(const IsAtLine1&)’ (deleted)
[3.447s] /home/w/projects/projects/gps_ws/src/gps/src/gps_node.cpp:1889:7: note:   candidate expects 1 argument, 3 provided
[3.447s] /home/w/projects/projects/gps_ws/src/gps/src/gps_node.cpp:1889:7: note: candidate: ‘IsAtLine1::IsAtLine1(IsAtLine1&&)’ (deleted)
[3.447s] /home/w/projects/projects/gps_ws/src/gps/src/gps_node.cpp:1889:7: note:   candidate expects 1 argument, 3 provided
[6.377s] gmake[2]: *** [CMakeFiles/gps_node.dir/build.make:79: CMakeFiles/gps_node.dir/src/gps_node.cpp.o] Error 1
[6.377s] gmake[1]: *** [CMakeFiles/Makefile2:188: CMakeFiles/gps_node.dir/all] Error 2
[6.377s] gmake: *** [Makefile:146: all] Error 2
[6.379s] Invoked command in '/home/w/projects/projects/gps_ws/build/gps' returned '2': CMAKE_PREFIX_PATH=${CMAKE_PREFIX_PATH}:/home/w/projects/projects/gps_ws/install/vision:/opt/ros/humble /usr/bin/cmake --build /home/w/projects/projects/gps_ws/build/gps -- -j16 -l16
