[ 50%] Built target SerialPort
[ 75%] [32mBuilding CXX object CMakeFiles/gps_node.dir/src/gps_node.cpp.o[0m
In file included from [01m[K/home/w/projects/projects/gps_ws/src/gps/src/gps_node.cpp:8[m[K:
[01m[K/home/w/projects/projects/gps_ws/src/gps/src/map/map.h:73:5:[m[K [01;31m[Kerror: [m[Kexpected ‘[01m[K}[m[K’ before ‘[01m[K{[m[K’ token
   73 |     [01;31m[K{[m[K"M2" ,{3.6f ,-1,5f}},
      |     [01;31m[K^[m[K
[01m[K/home/w/projects/projects/gps_ws/src/gps/src/map/map.h:65:1:[m[K [01;36m[Knote: [m[Kto match this ‘[01m[K{[m[K’
   65 | [01;36m[K{[m[K
      | [01;36m[K^[m[K
[01m[K/home/w/projects/projects/gps_ws/src/gps/src/map/map.h:73:5:[m[K [01;31m[Kerror: [m[Kexpected ‘[01m[K,[m[K’ or ‘[01m[K;[m[K’ before ‘[01m[K{[m[K’ token
   73 |     [01;31m[K{[m[K"M2" ,{3.6f ,-1,5f}},
      |     [01;31m[K^[m[K
[01m[K/home/w/projects/projects/gps_ws/src/gps/src/map/map.h:73:26:[m[K [01;31m[Kerror: [m[Kexpected unqualified-id before ‘[01m[K,[m[K’ token
   73 |     {"M2" ,{3.6f ,-1,5f}}[01;31m[K,[m[K
      |                          [01;31m[K^[m[K
[01m[K/home/w/projects/projects/gps_ws/src/gps/src/map/map.h:76:5:[m[K [01;31m[Kerror: [m[Kexpected unqualified-id before ‘[01m[K{[m[K’ token
   76 |     [01;31m[K{[m[K"R3" , {3.6f, -2.7f}},
      |     [01;31m[K^[m[K
[01m[K/home/w/projects/projects/gps_ws/src/gps/src/map/map.h:76:27:[m[K [01;31m[Kerror: [m[Kexpected unqualified-id before ‘[01m[K,[m[K’ token
   76 |     {"R3" , {3.6f, -2.7f}}[01;31m[K,[m[K
      |                           [01;31m[K^[m[K
[01m[K/home/w/projects/projects/gps_ws/src/gps/src/map/map.h:79:5:[m[K [01;31m[Kerror: [m[Kexpected unqualified-id before ‘[01m[K{[m[K’ token
   79 |     [01;31m[K{[m[K"R6" , {4.8f, -2.7f}},
      |     [01;31m[K^[m[K
[01m[K/home/w/projects/projects/gps_ws/src/gps/src/map/map.h:79:27:[m[K [01;31m[Kerror: [m[Kexpected unqualified-id before ‘[01m[K,[m[K’ token
   79 |     {"R6" , {4.8f, -2.7f}}[01;31m[K,[m[K
      |                           [01;31m[K^[m[K
[01m[K/home/w/projects/projects/gps_ws/src/gps/src/map/map.h:81:5:[m[K [01;31m[Kerror: [m[Kexpected unqualified-id before ‘[01m[K{[m[K’ token
   81 |     [01;31m[K{[m[K"R9" , {6.0f, -2.7f}},
      |     [01;31m[K^[m[K
[01m[K/home/w/projects/projects/gps_ws/src/gps/src/map/map.h:81:27:[m[K [01;31m[Kerror: [m[Kexpected unqualified-id before ‘[01m[K,[m[K’ token
   81 |     {"R9" , {6.0f, -2.7f}}[01;31m[K,[m[K
      |                           [01;31m[K^[m[K
[01m[K/home/w/projects/projects/gps_ws/src/gps/src/map/map.h:83:5:[m[K [01;31m[Kerror: [m[Kexpected unqualified-id before ‘[01m[K{[m[K’ token
   83 |     [01;31m[K{[m[K"R12" , {7.2f -2.7f}}
      |     [01;31m[K^[m[K
[01m[K/home/w/projects/projects/gps_ws/src/gps/src/map/map.h:85:1:[m[K [01;31m[Kerror: [m[Kexpected declaration before ‘[01m[K}[m[K’ token
   85 | [01;31m[K}[m[K;
      | [01;31m[K^[m[K
gmake[2]: *** [CMakeFiles/gps_node.dir/build.make:79: CMakeFiles/gps_node.dir/src/gps_node.cpp.o] Error 1
gmake[1]: *** [CMakeFiles/Makefile2:188: CMakeFiles/gps_node.dir/all] Error 2
gmake: *** [Makefile:146: all] Error 2
