[2.512s] Invoking command in '/home/w/projects/projects/gps_ws/src/vision': PYTHONPATH=/home/w/projects/projects/gps_ws/build/vision/prefix_override:/usr/lib/python3/dist-packages/colcon_core/task/python/colcon_distutils_commands:/home/w/projects/projects/gps_ws/install/vision/lib/python3.10/site-packages:${PYTHONPATH} /usr/bin/python3 -W ignore:setup.py install is deprecated -W ignore:easy_install command is deprecated setup.py egg_info --egg-base ../../build/vision build --build-base /home/w/projects/projects/gps_ws/build/vision/build install --record /home/w/projects/projects/gps_ws/build/vision/install.log --single-version-externally-managed install_data
[3.287s] running egg_info
[3.288s] writing ../../build/vision/vision.egg-info/PKG-INFO
[3.290s] writing dependency_links to ../../build/vision/vision.egg-info/dependency_links.txt
[3.293s] writing entry points to ../../build/vision/vision.egg-info/entry_points.txt
[3.294s] writing requirements to ../../build/vision/vision.egg-info/requires.txt
[3.295s] writing top-level names to ../../build/vision/vision.egg-info/top_level.txt
[3.302s] reading manifest file '../../build/vision/vision.egg-info/SOURCES.txt'
[3.306s] writing manifest file '../../build/vision/vision.egg-info/SOURCES.txt'
[3.306s] running build
[3.307s] running build_py
[3.311s] running install
[3.315s] running install_lib
[3.321s] running install_data
[3.325s] running install_egg_info
[3.330s] removing '/home/w/projects/projects/gps_ws/install/vision/lib/python3.10/site-packages/vision-0.0.0-py3.10.egg-info' (and everything under it)
[3.333s] Copying ../../build/vision/vision.egg-info to /home/w/projects/projects/gps_ws/install/vision/lib/python3.10/site-packages/vision-0.0.0-py3.10.egg-info
[3.334s] running install_scripts
[3.393s] Installing vision_node script to /home/w/projects/projects/gps_ws/install/vision/lib/vision
[3.394s] writing list of installed files to '/home/w/projects/projects/gps_ws/build/vision/install.log'
[3.474s] Invoked command in '/home/w/projects/projects/gps_ws/src/vision' returned '0': PYTHONPATH=/home/w/projects/projects/gps_ws/build/vision/prefix_override:/usr/lib/python3/dist-packages/colcon_core/task/python/colcon_distutils_commands:/home/w/projects/projects/gps_ws/install/vision/lib/python3.10/site-packages:${PYTHONPATH} /usr/bin/python3 -W ignore:setup.py install is deprecated -W ignore:easy_install command is deprecated setup.py egg_info --egg-base ../../build/vision build --build-base /home/w/projects/projects/gps_ws/build/vision/build install --record /home/w/projects/projects/gps_ws/build/vision/install.log --single-version-externally-managed install_data
