[ 50%] Built target SerialPort
[ 75%] [32mBuilding CXX object CMakeFiles/gps_node.dir/src/gps_node.cpp.o[0m
[01m[K/home/w/projects/projects/gps_ws/src/gps/src/gps_node.cpp:560:20:[m[K [01;31m[Kerror: [m[K‘[01m[KBT::NodeStatus MoveToLocationUP::driveToTarget(float, MoveToLocation::Phase)[m[K’ marked ‘[01m[Koverride[m[K’, but does not override
  560 |     BT::NodeStatus [01;31m[KdriveToTarget[m[K(float distance ,Phase next) override
      |                    [01;31m[K^~~~~~~~~~~~~[m[K
[01m[K/home/w/projects/projects/gps_ws/src/gps/src/gps_node.cpp:584:2:[m[K [01;31m[Kerror: [m[Kexpected ‘[01m[K;[m[K’ after class definition
  584 | }
      |  [01;31m[K^[m[K
      |  [32m[K;[m[K
[01m[K/home/w/projects/projects/gps_ws/src/gps/src/gps_node.cpp:[m[K In member function ‘[01m[KBT::NodeStatus MoveToLocationUP::driveToTarget(float, MoveToLocation::Phase)[m[K’:
[01m[K/home/w/projects/projects/gps_ws/src/gps/src/gps_node.cpp:573:103:[m[K [01;31m[Kerror: [m[K‘[01m[Kdown_signal[m[K’ has not been declared
  573 |             Pose2D cmd{0x0f, (uint8_t)speed, 0, 0, pn_signal::POS, grip_signal::LOOSE, up_signal::UP, [01;31m[Kdown_signal[m[K::NORMAL};
      |                                                                                                       [01;31m[K^~~~~~~~~~~[m[K
[01m[K/home/w/projects/projects/gps_ws/src/gps/src/gps_node.cpp:578:106:[m[K [01;31m[Kerror: [m[K‘[01m[Kdown_signal[m[K’ has not been declared
  578 |             Pose2D cmd{0x0f, (uint8_t)(-speed), 0, 0, pn_signal::POS, grip_signal::LOOSE, up_signal::UP, [01;31m[Kdown_signal[m[K::NORMAL};
      |                                                                                                          [01;31m[K^~~~~~~~~~~[m[K
In file included from [01m[K/usr/include/c++/11/memory:76[m[K,
                 from [01m[K/opt/ros/humble/include/behaviortree_cpp/contrib/expected.hpp:259[m[K,
                 from [01m[K/opt/ros/humble/include/behaviortree_cpp/basic_types.h:3[m[K,
                 from [01m[K/opt/ros/humble/include/behaviortree_cpp/tree_node.h:16[m[K,
                 from [01m[K/opt/ros/humble/include/behaviortree_cpp/leaf_node.h:17[m[K,
                 from [01m[K/opt/ros/humble/include/behaviortree_cpp/action_node.h:17[m[K,
                 from [01m[K/opt/ros/humble/include/behaviortree_cpp/behavior_tree.h:16[m[K,
                 from [01m[K/opt/ros/humble/include/behaviortree_cpp/bt_factory.h:17[m[K,
                 from [01m[K/home/w/projects/projects/gps_ws/src/gps/src/gps_node.cpp:1[m[K:
/usr/include/c++/11/bits/unique_ptr.h: In instantiation of ‘[01m[Ktypename std::_MakeUniq<_Tp>::__single_object std::make_unique(_Args&& ...) [with _Tp = MoveToLocationUP; _Args = {const std::__cxx11::basic_string<char, std::char_traits<char>, std::allocator<char> >&, const BT::NodeConfig&, const std::shared_ptr<AppContext>&}; typename std::_MakeUniq<_Tp>::__single_object = std::unique_ptr<MoveToLocationUP, std::default_delete<MoveToLocationUP> >][m[K’:
[01m[K/home/w/projects/projects/gps_ws/src/gps/src/gps_node.cpp:887:54:[m[K   required from here
[01m[K/usr/include/c++/11/bits/unique_ptr.h:962:30:[m[K [01;31m[Kerror: [m[Kno matching function for call to ‘[01m[KMoveToLocationUP::MoveToLocationUP(const std::__cxx11::basic_string<char>&, const BT::NodeConfig&, const std::shared_ptr<AppContext>&)[m[K’
  962 |     { return unique_ptr<_Tp>([01;31m[Knew _Tp(std::forward<_Args>(__args)...)[m[K); }
      |                              [01;31m[K^~~~~~~~~~~~~~~~~~~~~~~~~~~~~~~~~~~~~~~[m[K
[01m[K/home/w/projects/projects/gps_ws/src/gps/src/gps_node.cpp:557:7:[m[K [01;36m[Knote: [m[Kcandidate: ‘[01m[KMoveToLocationUP::MoveToLocationUP()[m[K’ (deleted)
  557 | class [01;36m[KMoveToLocationUP[m[K: public MoveToLocation
      |       [01;36m[K^~~~~~~~~~~~~~~~[m[K
[01m[K/home/w/projects/projects/gps_ws/src/gps/src/gps_node.cpp:557:7:[m[K [01;36m[Knote: [m[K  candidate expects 0 arguments, 3 provided
[01m[K/home/w/projects/projects/gps_ws/src/gps/src/gps_node.cpp:557:7:[m[K [01;36m[Knote: [m[Kcandidate: ‘[01m[KMoveToLocationUP::MoveToLocationUP(const MoveToLocationUP&)[m[K’ (deleted)
[01m[K/home/w/projects/projects/gps_ws/src/gps/src/gps_node.cpp:557:7:[m[K [01;36m[Knote: [m[K  candidate expects 1 argument, 3 provided
[01m[K/home/w/projects/projects/gps_ws/src/gps/src/gps_node.cpp:557:7:[m[K [01;36m[Knote: [m[Kcandidate: ‘[01m[KMoveToLocationUP::MoveToLocationUP(MoveToLocationUP&&)[m[K’ (deleted)
[01m[K/home/w/projects/projects/gps_ws/src/gps/src/gps_node.cpp:557:7:[m[K [01;36m[Knote: [m[K  candidate expects 1 argument, 3 provided
gmake[2]: *** [CMakeFiles/gps_node.dir/build.make:79: CMakeFiles/gps_node.dir/src/gps_node.cpp.o] Error 1
gmake[1]: *** [CMakeFiles/Makefile2:188: CMakeFiles/gps_node.dir/all] Error 2
gmake: *** [Makefile:146: all] Error 2
