[0.404s] colcon DEBUG Command line arguments: ['/usr/bin/colcon', 'build', '--packages-select', 'gps']
[0.405s] colcon DEBUG Parsed command line arguments: Namespace(log_base=None, log_level=None, verb_name='build', build_base='build', install_base='install', merge_install=False, symlink_install=False, test_result_base=None, continue_on_error=False, executor='parallel', parallel_workers=8, event_handlers=None, ignore_user_meta=False, metas=['./colcon.meta'], base_paths=['.'], packages_ignore=None, packages_ignore_regex=None, paths=None, packages_up_to=None, packages_up_to_regex=None, packages_above=None, packages_above_and_dependencies=None, packages_above_depth=None, packages_select_by_dep=None, packages_skip_by_dep=None, packages_skip_up_to=None, packages_select_build_failed=False, packages_skip_build_finished=False, packages_select_test_failures=False, packages_skip_test_passed=False, packages_select=['gps'], packages_skip=None, packages_select_regex=None, packages_skip_regex=None, packages_start=None, packages_end=None, allow_overriding=[], cmake_args=None, cmake_target=None, cmake_target_skip_unavailable=False, cmake_clean_cache=False, cmake_clean_first=False, cmake_force_configure=False, ament_cmake_args=None, catkin_cmake_args=None, catkin_skip_building_tests=False, mixin_files=None, mixin=None, verb_parser=<colcon_mixin.mixin.mixin_argument.MixinArgumentDecorator object at 0x73654d94a560>, verb_extension=<colcon_core.verb.build.BuildVerb object at 0x73654da43be0>, main=<bound method BuildVerb.main of <colcon_core.verb.build.BuildVerb object at 0x73654da43be0>>, mixin_verb=('build',))
[0.796s] colcon.colcon_core.package_discovery Level 1 discover_packages(colcon_meta) check parameters
[0.796s] colcon.colcon_core.package_discovery Level 1 discover_packages(recursive) check parameters
[0.796s] colcon.colcon_core.package_discovery Level 1 discover_packages(ignore) check parameters
[0.796s] colcon.colcon_core.package_discovery Level 1 discover_packages(path) check parameters
[0.796s] colcon.colcon_core.package_discovery Level 1 discover_packages(colcon_meta) discover
[0.796s] colcon.colcon_core.package_discovery Level 1 discover_packages(recursive) discover
[0.796s] colcon.colcon_core.package_discovery INFO Crawling recursively for packages in '/home/w/projects/projects/gps_ws'
[0.796s] colcon.colcon_core.package_identification Level 1 _identify(.) by extensions ['ignore', 'ignore_ament_install']
[0.796s] colcon.colcon_core.package_identification Level 1 _identify(.) by extension 'ignore'
[0.797s] colcon.colcon_core.package_identification Level 1 _identify(.) by extension 'ignore_ament_install'
[0.797s] colcon.colcon_core.package_identification Level 1 _identify(.) by extensions ['colcon_pkg']
[0.797s] colcon.colcon_core.package_identification Level 1 _identify(.) by extension 'colcon_pkg'
[0.797s] colcon.colcon_core.package_identification Level 1 _identify(.) by extensions ['colcon_meta']
[0.797s] colcon.colcon_core.package_identification Level 1 _identify(.) by extension 'colcon_meta'
[0.797s] colcon.colcon_core.package_identification Level 1 _identify(.) by extensions ['ros']
[0.797s] colcon.colcon_core.package_identification Level 1 _identify(.) by extension 'ros'
[0.839s] colcon.colcon_core.package_identification Level 1 _identify(.) by extensions ['cmake', 'python']
[0.839s] colcon.colcon_core.package_identification Level 1 _identify(.) by extension 'cmake'
[0.839s] colcon.colcon_core.package_identification Level 1 _identify(.) by extension 'python'
[0.839s] colcon.colcon_core.package_identification Level 1 _identify(.) by extensions ['python_setup_py']
[0.839s] colcon.colcon_core.package_identification Level 1 _identify(.) by extension 'python_setup_py'
[0.840s] colcon.colcon_core.package_identification Level 1 _identify(assets) by extensions ['ignore', 'ignore_ament_install']
[0.840s] colcon.colcon_core.package_identification Level 1 _identify(assets) by extension 'ignore'
[0.840s] colcon.colcon_core.package_identification Level 1 _identify(assets) by extension 'ignore_ament_install'
[0.840s] colcon.colcon_core.package_identification Level 1 _identify(assets) by extensions ['colcon_pkg']
[0.840s] colcon.colcon_core.package_identification Level 1 _identify(assets) by extension 'colcon_pkg'
[0.840s] colcon.colcon_core.package_identification Level 1 _identify(assets) by extensions ['colcon_meta']
[0.840s] colcon.colcon_core.package_identification Level 1 _identify(assets) by extension 'colcon_meta'
[0.840s] colcon.colcon_core.package_identification Level 1 _identify(assets) by extensions ['ros']
[0.840s] colcon.colcon_core.package_identification Level 1 _identify(assets) by extension 'ros'
[0.841s] colcon.colcon_core.package_identification Level 1 _identify(assets) by extensions ['cmake', 'python']
[0.841s] colcon.colcon_core.package_identification Level 1 _identify(assets) by extension 'cmake'
[0.841s] colcon.colcon_core.package_identification Level 1 _identify(assets) by extension 'python'
[0.841s] colcon.colcon_core.package_identification Level 1 _identify(assets) by extensions ['python_setup_py']
[0.841s] colcon.colcon_core.package_identification Level 1 _identify(assets) by extension 'python_setup_py'
[0.841s] colcon.colcon_core.package_identification Level 1 _identify(assets/data) by extensions ['ignore', 'ignore_ament_install']
[0.841s] colcon.colcon_core.package_identification Level 1 _identify(assets/data) by extension 'ignore'
[0.841s] colcon.colcon_core.package_identification Level 1 _identify(assets/data) by extension 'ignore_ament_install'
[0.841s] colcon.colcon_core.package_identification Level 1 _identify(assets/data) by extensions ['colcon_pkg']
[0.841s] colcon.colcon_core.package_identification Level 1 _identify(assets/data) by extension 'colcon_pkg'
[0.841s] colcon.colcon_core.package_identification Level 1 _identify(assets/data) by extensions ['colcon_meta']
[0.842s] colcon.colcon_core.package_identification Level 1 _identify(assets/data) by extension 'colcon_meta'
[0.842s] colcon.colcon_core.package_identification Level 1 _identify(assets/data) by extensions ['ros']
[0.842s] colcon.colcon_core.package_identification Level 1 _identify(assets/data) by extension 'ros'
[0.842s] colcon.colcon_core.package_identification Level 1 _identify(assets/data) by extensions ['cmake', 'python']
[0.842s] colcon.colcon_core.package_identification Level 1 _identify(assets/data) by extension 'cmake'
[0.842s] colcon.colcon_core.package_identification Level 1 _identify(assets/data) by extension 'python'
[0.842s] colcon.colcon_core.package_identification Level 1 _identify(assets/data) by extensions ['python_setup_py']
[0.842s] colcon.colcon_core.package_identification Level 1 _identify(assets/data) by extension 'python_setup_py'
[0.842s] colcon.colcon_core.package_identification Level 1 _identify(assets/data/data1) by extensions ['ignore', 'ignore_ament_install']
[0.842s] colcon.colcon_core.package_identification Level 1 _identify(assets/data/data1) by extension 'ignore'
[0.843s] colcon.colcon_core.package_identification Level 1 _identify(assets/data/data1) by extension 'ignore_ament_install'
[0.843s] colcon.colcon_core.package_identification Level 1 _identify(assets/data/data1) by extensions ['colcon_pkg']
[0.843s] colcon.colcon_core.package_identification Level 1 _identify(assets/data/data1) by extension 'colcon_pkg'
[0.843s] colcon.colcon_core.package_identification Level 1 _identify(assets/data/data1) by extensions ['colcon_meta']
[0.843s] colcon.colcon_core.package_identification Level 1 _identify(assets/data/data1) by extension 'colcon_meta'
[0.843s] colcon.colcon_core.package_identification Level 1 _identify(assets/data/data1) by extensions ['ros']
[0.843s] colcon.colcon_core.package_identification Level 1 _identify(assets/data/data1) by extension 'ros'
[0.843s] colcon.colcon_core.package_identification Level 1 _identify(assets/data/data1) by extensions ['cmake', 'python']
[0.843s] colcon.colcon_core.package_identification Level 1 _identify(assets/data/data1) by extension 'cmake'
[0.843s] colcon.colcon_core.package_identification Level 1 _identify(assets/data/data1) by extension 'python'
[0.843s] colcon.colcon_core.package_identification Level 1 _identify(assets/data/data1) by extensions ['python_setup_py']
[0.844s] colcon.colcon_core.package_identification Level 1 _identify(assets/data/data1) by extension 'python_setup_py'
[0.844s] colcon.colcon_core.package_identification Level 1 _identify(assets/data/data2) by extensions ['ignore', 'ignore_ament_install']
[0.844s] colcon.colcon_core.package_identification Level 1 _identify(assets/data/data2) by extension 'ignore'
[0.844s] colcon.colcon_core.package_identification Level 1 _identify(assets/data/data2) by extension 'ignore_ament_install'
[0.844s] colcon.colcon_core.package_identification Level 1 _identify(assets/data/data2) by extensions ['colcon_pkg']
[0.844s] colcon.colcon_core.package_identification Level 1 _identify(assets/data/data2) by extension 'colcon_pkg'
[0.845s] colcon.colcon_core.package_identification Level 1 _identify(assets/data/data2) by extensions ['colcon_meta']
[0.845s] colcon.colcon_core.package_identification Level 1 _identify(assets/data/data2) by extension 'colcon_meta'
[0.845s] colcon.colcon_core.package_identification Level 1 _identify(assets/data/data2) by extensions ['ros']
[0.845s] colcon.colcon_core.package_identification Level 1 _identify(assets/data/data2) by extension 'ros'
[0.845s] colcon.colcon_core.package_identification Level 1 _identify(assets/data/data2) by extensions ['cmake', 'python']
[0.845s] colcon.colcon_core.package_identification Level 1 _identify(assets/data/data2) by extension 'cmake'
[0.845s] colcon.colcon_core.package_identification Level 1 _identify(assets/data/data2) by extension 'python'
[0.845s] colcon.colcon_core.package_identification Level 1 _identify(assets/data/data2) by extensions ['python_setup_py']
[0.845s] colcon.colcon_core.package_identification Level 1 _identify(assets/data/data2) by extension 'python_setup_py'
[0.846s] colcon.colcon_core.package_identification Level 1 _identify(assets/vision) by extensions ['ignore', 'ignore_ament_install']
[0.846s] colcon.colcon_core.package_identification Level 1 _identify(assets/vision) by extension 'ignore'
[0.846s] colcon.colcon_core.package_identification Level 1 _identify(assets/vision) by extension 'ignore_ament_install'
[0.846s] colcon.colcon_core.package_identification Level 1 _identify(assets/vision) by extensions ['colcon_pkg']
[0.846s] colcon.colcon_core.package_identification Level 1 _identify(assets/vision) by extension 'colcon_pkg'
[0.846s] colcon.colcon_core.package_identification Level 1 _identify(assets/vision) by extensions ['colcon_meta']
[0.846s] colcon.colcon_core.package_identification Level 1 _identify(assets/vision) by extension 'colcon_meta'
[0.846s] colcon.colcon_core.package_identification Level 1 _identify(assets/vision) by extensions ['ros']
[0.846s] colcon.colcon_core.package_identification Level 1 _identify(assets/vision) by extension 'ros'
[0.847s] colcon.colcon_core.package_identification Level 1 _identify(assets/vision) by extensions ['cmake', 'python']
[0.847s] colcon.colcon_core.package_identification Level 1 _identify(assets/vision) by extension 'cmake'
[0.847s] colcon.colcon_core.package_identification Level 1 _identify(assets/vision) by extension 'python'
[0.847s] colcon.colcon_core.package_identification Level 1 _identify(assets/vision) by extensions ['python_setup_py']
[0.847s] colcon.colcon_core.package_identification Level 1 _identify(assets/vision) by extension 'python_setup_py'
[0.847s] colcon.colcon_core.package_identification Level 1 _identify(build) by extensions ['ignore', 'ignore_ament_install']
[0.847s] colcon.colcon_core.package_identification Level 1 _identify(build) by extension 'ignore'
[0.847s] colcon.colcon_core.package_identification Level 1 _identify(build) ignored
[0.848s] colcon.colcon_core.package_identification Level 1 _identify(install) by extensions ['ignore', 'ignore_ament_install']
[0.848s] colcon.colcon_core.package_identification Level 1 _identify(install) by extension 'ignore'
[0.848s] colcon.colcon_core.package_identification Level 1 _identify(install) ignored
[0.848s] colcon.colcon_core.package_identification Level 1 _identify(log) by extensions ['ignore', 'ignore_ament_install']
[0.848s] colcon.colcon_core.package_identification Level 1 _identify(log) by extension 'ignore'
[0.848s] colcon.colcon_core.package_identification Level 1 _identify(log) ignored
[0.849s] colcon.colcon_core.package_identification Level 1 _identify(src) by extensions ['ignore', 'ignore_ament_install']
[0.849s] colcon.colcon_core.package_identification Level 1 _identify(src) by extension 'ignore'
[0.849s] colcon.colcon_core.package_identification Level 1 _identify(src) by extension 'ignore_ament_install'
[0.849s] colcon.colcon_core.package_identification Level 1 _identify(src) by extensions ['colcon_pkg']
[0.849s] colcon.colcon_core.package_identification Level 1 _identify(src) by extension 'colcon_pkg'
[0.849s] colcon.colcon_core.package_identification Level 1 _identify(src) by extensions ['colcon_meta']
[0.849s] colcon.colcon_core.package_identification Level 1 _identify(src) by extension 'colcon_meta'
[0.849s] colcon.colcon_core.package_identification Level 1 _identify(src) by extensions ['ros']
[0.849s] colcon.colcon_core.package_identification Level 1 _identify(src) by extension 'ros'
[0.850s] colcon.colcon_core.package_identification Level 1 _identify(src) by extensions ['cmake', 'python']
[0.850s] colcon.colcon_core.package_identification Level 1 _identify(src) by extension 'cmake'
[0.850s] colcon.colcon_core.package_identification Level 1 _identify(src) by extension 'python'
[0.850s] colcon.colcon_core.package_identification Level 1 _identify(src) by extensions ['python_setup_py']
[0.850s] colcon.colcon_core.package_identification Level 1 _identify(src) by extension 'python_setup_py'
[0.850s] colcon.colcon_core.package_identification Level 1 _identify(src/gps) by extensions ['ignore', 'ignore_ament_install']
[0.850s] colcon.colcon_core.package_identification Level 1 _identify(src/gps) by extension 'ignore'
[0.850s] colcon.colcon_core.package_identification Level 1 _identify(src/gps) by extension 'ignore_ament_install'
[0.850s] colcon.colcon_core.package_identification Level 1 _identify(src/gps) by extensions ['colcon_pkg']
[0.850s] colcon.colcon_core.package_identification Level 1 _identify(src/gps) by extension 'colcon_pkg'
[0.851s] colcon.colcon_core.package_identification Level 1 _identify(src/gps) by extensions ['colcon_meta']
[0.851s] colcon.colcon_core.package_identification Level 1 _identify(src/gps) by extension 'colcon_meta'
[0.851s] colcon.colcon_core.package_identification Level 1 _identify(src/gps) by extensions ['ros']
[0.851s] colcon.colcon_core.package_identification Level 1 _identify(src/gps) by extension 'ros'
[0.855s] colcon.colcon_core.package_identification DEBUG Package 'src/gps' with type 'ros.ament_cmake' and name 'gps'
[0.856s] colcon.colcon_core.package_identification Level 1 _identify(src/vision) by extensions ['ignore', 'ignore_ament_install']
[0.856s] colcon.colcon_core.package_identification Level 1 _identify(src/vision) by extension 'ignore'
[0.856s] colcon.colcon_core.package_identification Level 1 _identify(src/vision) by extension 'ignore_ament_install'
[0.856s] colcon.colcon_core.package_identification Level 1 _identify(src/vision) by extensions ['colcon_pkg']
[0.856s] colcon.colcon_core.package_identification Level 1 _identify(src/vision) by extension 'colcon_pkg'
[0.856s] colcon.colcon_core.package_identification Level 1 _identify(src/vision) by extensions ['colcon_meta']
[0.856s] colcon.colcon_core.package_identification Level 1 _identify(src/vision) by extension 'colcon_meta'
[0.857s] colcon.colcon_core.package_identification Level 1 _identify(src/vision) by extensions ['ros']
[0.857s] colcon.colcon_core.package_identification Level 1 _identify(src/vision) by extension 'ros'
[0.859s] colcon.colcon_core.package_identification DEBUG Package 'src/vision' with type 'ros.ament_python' and name 'vision'
[0.859s] colcon.colcon_core.package_discovery Level 1 discover_packages(recursive) using defaults
[0.859s] colcon.colcon_core.package_discovery Level 1 discover_packages(ignore) discover
[0.859s] colcon.colcon_core.package_discovery Level 1 discover_packages(ignore) using defaults
[0.859s] colcon.colcon_core.package_discovery Level 1 discover_packages(path) discover
[0.859s] colcon.colcon_core.package_discovery Level 1 discover_packages(path) using defaults
[0.887s] colcon.colcon_core.package_selection INFO Skipping not selected package 'vision' in 'src/vision'
[0.887s] colcon.colcon_core.package_discovery Level 1 discover_packages(prefix_path) check parameters
[0.887s] colcon.colcon_core.package_discovery Level 1 discover_packages(prefix_path) discover
[0.897s] colcon.colcon_installed_package_information.package_discovery DEBUG Found 1 installed packages in /home/w/slam_ws/install
[0.898s] colcon.colcon_installed_package_information.package_discovery DEBUG Found 2 installed packages in /home/w/projects/projects/gps_ws/install
[0.899s] colcon.colcon_installed_package_information.package_discovery DEBUG Found 1 installed packages in /home/w/ws_livox/install
[0.900s] colcon.colcon_installed_package_information.package_discovery DEBUG Found 1 installed packages in /home/w/fastlio/install
[0.902s] colcon.colcon_installed_package_information.package_discovery DEBUG Found 297 installed packages in /opt/ros/humble
[0.905s] colcon.colcon_core.package_discovery Level 1 discover_packages(prefix_path) using defaults
[1.003s] colcon.colcon_core.verb Level 5 set package 'gps' build argument 'cmake_args' from command line to 'None'
[1.003s] colcon.colcon_core.verb Level 5 set package 'gps' build argument 'cmake_target' from command line to 'None'
[1.004s] colcon.colcon_core.verb Level 5 set package 'gps' build argument 'cmake_target_skip_unavailable' from command line to 'False'
[1.004s] colcon.colcon_core.verb Level 5 set package 'gps' build argument 'cmake_clean_cache' from command line to 'False'
[1.004s] colcon.colcon_core.verb Level 5 set package 'gps' build argument 'cmake_clean_first' from command line to 'False'
[1.004s] colcon.colcon_core.verb Level 5 set package 'gps' build argument 'cmake_force_configure' from command line to 'False'
[1.004s] colcon.colcon_core.verb Level 5 set package 'gps' build argument 'ament_cmake_args' from command line to 'None'
[1.004s] colcon.colcon_core.verb Level 5 set package 'gps' build argument 'catkin_cmake_args' from command line to 'None'
[1.004s] colcon.colcon_core.verb Level 5 set package 'gps' build argument 'catkin_skip_building_tests' from command line to 'False'
[1.004s] colcon.colcon_core.verb DEBUG Building package 'gps' with the following arguments: {'ament_cmake_args': None, 'build_base': '/home/w/projects/projects/gps_ws/build/gps', 'catkin_cmake_args': None, 'catkin_skip_building_tests': False, 'cmake_args': None, 'cmake_clean_cache': False, 'cmake_clean_first': False, 'cmake_force_configure': False, 'cmake_target': None, 'cmake_target_skip_unavailable': False, 'install_base': '/home/w/projects/projects/gps_ws/install/gps', 'merge_install': False, 'path': '/home/w/projects/projects/gps_ws/src/gps', 'symlink_install': False, 'test_result_base': None}
[1.004s] colcon.colcon_core.executor INFO Executing jobs using 'parallel' executor
[1.006s] colcon.colcon_parallel_executor.executor.parallel DEBUG run_until_complete
[1.006s] colcon.colcon_ros.task.ament_cmake.build INFO Building ROS package in '/home/w/projects/projects/gps_ws/src/gps' with build type 'ament_cmake'
[1.006s] colcon.colcon_cmake.task.cmake.build INFO Building CMake package in '/home/w/projects/projects/gps_ws/src/gps'
[1.012s] colcon.colcon_core.plugin_system INFO Skipping extension 'colcon_core.shell.bat': Not used on non-Windows systems
[1.012s] colcon.colcon_core.shell INFO Skip shell extension 'powershell' for command environment: Not usable outside of PowerShell
[1.012s] colcon.colcon_core.shell DEBUG Skip shell extension 'dsv' for command environment
[1.026s] colcon.colcon_core.event_handler.log_command DEBUG Invoking command in '/home/w/projects/projects/gps_ws/build/gps': CMAKE_PREFIX_PATH=${CMAKE_PREFIX_PATH}:/home/w/projects/projects/gps_ws/install/vision:/opt/ros/humble /usr/bin/cmake --build /home/w/projects/projects/gps_ws/build/gps -- -j8 -l8
