[0.018s] Invoking command in '/home/w/projects/projects/gps_ws/build/gps': CMAKE_PREFIX_PATH=${CMAKE_PREFIX_PATH}:/home/w/projects/projects/gps_ws/install/vision:/opt/ros/humble /usr/bin/cmake --build /home/w/projects/projects/gps_ws/build/gps -- -j8 -l8
[0.098s] [ 50%] Built target SerialPort
[0.121s] [ 75%] Building CXX object CMakeFiles/gps_node.dir/src/gps_node.cpp.o
[4.502s] In file included from /home/w/projects/projects/gps_ws/src/gps/src/gps_node.cpp:8:
[4.502s] /home/w/projects/projects/gps_ws/src/gps/src/map/map.h:52:24: error: expected ‘;’ at end of member declaration
[4.502s]    52 |     uint8_t up_signal{0}
[4.502s]       |                        ^
[4.502s]       |                         ;
[4.527s] /home/w/projects/projects/gps_ws/src/gps/src/gps_node.cpp:23:119: error: too many initializers for ‘const Pose2D’
[4.528s]    23 | inline constexpr Pose2D kLeft{0x0f, 0, 1, 0, pn_signal::POS, grip_signal::LOOSE, up_signal::NORMAL , up_signal::NORMAL};
[4.528s]       |                                                                                                                       ^
[4.531s] /home/w/projects/projects/gps_ws/src/gps/src/gps_node.cpp:24:119: error: too many initializers for ‘const Pose2D’
[4.531s]    24 | inline constexpr Pose2D kStop{0x0f, 0, 0, 0, pn_signal::POS, grip_signal::LOOSE, up_signal::NORMAL , up_signal::NORMAL};
[4.531s]       |                                                                                                                       ^
[4.531s] /home/w/projects/projects/gps_ws/src/gps/src/gps_node.cpp:25:121: error: too many initializers for ‘const Pose2D’
[4.531s]    25 | inline constexpr Pose2D kForward{0x0f, 1, 0, 0, pn_signal::POS, grip_signal::LOOSE, up_signal::NORMAL, up_signal::NORMAL};
[4.531s]       |                                                                                                                         ^
[4.531s] /home/w/projects/projects/gps_ws/src/gps/src/gps_node.cpp:26:118: error: too many initializers for ‘const Pose2D’
[4.532s]    26 | inline constexpr Pose2D kBack{0x0f, 1, 0, 0, pn_signal::NEG, grip_signal::LOOSE, up_signal::NORMAL, up_signal::NORMAL};
[4.532s]       |                                                                                                                      ^
[4.532s] /home/w/projects/projects/gps_ws/src/gps/src/gps_node.cpp:27:122: error: too many initializers for ‘const Pose2D’
[4.532s]    27 | inline constexpr Pose2D kTurnLeft{0x0f, 0, 0, 1, pn_signal::POS, grip_signal::LOOSE, up_signal::NORMAL ,up_signal::NORMAL};
[4.532s]       |                                                                                                                          ^
[4.532s] /home/w/projects/projects/gps_ws/src/gps/src/gps_node.cpp:28:123: error: too many initializers for ‘const Pose2D’
[4.532s]    28 | inline constexpr Pose2D kTurnRight{0x0f, 0, 0, 1, pn_signal::NEG, grip_signal::LOOSE, up_signal::NORMAL ,up_signal::NORMAL};
[4.532s]       |                                                                                                                           ^
[4.532s] /home/w/projects/projects/gps_ws/src/gps/src/gps_node.cpp:29:117: error: too many initializers for ‘const Pose2D’
[4.533s]    29 | inline constexpr Pose2D kGrip{0x0f, 0, 0, 0, pn_signal::POS, grip_signal::GRIP, up_signal::NORMAL,up_signal::NORMAL };
[4.533s]       |                                                                                                                     ^
[4.533s] /home/w/projects/projects/gps_ws/src/gps/src/gps_node.cpp:30:116: error: too many initializers for ‘const Pose2D’
[4.533s]    30 | inline constexpr Pose2D kLoose{0x0f, 0,0,0 ,pn_signal::POS,grip_signal::LOOSE,up_signal::NORMAL , up_signal::NORMAL};
[4.533s]       |                                                                                                                    ^
[4.533s] /home/w/projects/projects/gps_ws/src/gps/src/gps_node.cpp:31:123: error: too many initializers for ‘const Pose2D’
[4.533s]    31 | inline constexpr Pose2D kTurn90Left{0x0f, 0, 0, 0, pn_signal::POS, grip_signal::LOOSE, up_signal::NORMAL,up_signal::NORMAL};
[4.533s]       |                                                                                                                           ^
[4.533s] /home/w/projects/projects/gps_ws/src/gps/src/gps_node.cpp:32:125: error: too many initializers for ‘const Pose2D’
[4.533s]    32 | inline constexpr Pose2D kTurn90Right{0x0f, 0, 0, 0, pn_signal::NEG, grip_signal::LOOSE, up_signal::NORMAL ,up_signal::NORMAL};
[4.533s]       |                                                                                                                             ^
[4.534s] /home/w/projects/projects/gps_ws/src/gps/src/gps_node.cpp:33:119: error: too many initializers for ‘const Pose2D’
[4.534s]    33 | inline constexpr Pose2D kGrab{0x0f, 0, 0, 0, pn_signal::POS, grip_signal::LOOSE, up_signal::NORMAL , grab_signal::GRAB};
[4.534s]       |                                                                                                                       ^
[4.662s] /home/w/projects/projects/gps_ws/src/gps/src/gps_node.cpp: In member function ‘virtual BT::NodeStatus MoveToLocation::driveToTarget(float, MoveToLocation::Phase)’:
[4.663s] /home/w/projects/projects/gps_ws/src/gps/src/gps_node.cpp:533:123: error: too many initializers for ‘Pose2D’
[4.663s]   533 |             Pose2D cmd{0x0f, (uint8_t)speed, 0, 0, pn_signal::POS,grip_signal::LOOSE, up_signal::NORMAL, up_signal::NORMAL};
[4.663s]       |                                                                                                                           ^
[4.663s] /home/w/projects/projects/gps_ws/src/gps/src/gps_node.cpp:538:128: error: too many initializers for ‘Pose2D’
[4.663s]   538 |             Pose2D cmd{0x0f, (uint8_t)(-speed), 0, 0, pn_signal::POS, grip_signal::LOOSE , up_signal::NORMAL ,up_signal::NORMAL};
[4.663s]       |                                                                                                                                ^
[4.664s] /home/w/projects/projects/gps_ws/src/gps/src/gps_node.cpp: In member function ‘virtual BT::NodeStatus MoveToLocationUP::driveToTarget(float, MoveToLocation::Phase)’:
[4.664s] /home/w/projects/projects/gps_ws/src/gps/src/gps_node.cpp:609:120: error: too many initializers for ‘Pose2D’
[4.664s]   609 |             Pose2D cmd{0x0f, (uint8_t)speed, 0, 0, pn_signal::NEG, grip_signal::LOOSE, up_signal::UP, up_signal::NORMAL};
[4.664s]       |                                                                                                                        ^
[4.664s] /home/w/projects/projects/gps_ws/src/gps/src/gps_node.cpp:614:123: error: too many initializers for ‘Pose2D’
[4.664s]   614 |             Pose2D cmd{0x0f, (uint8_t)(-speed), 0, 0, pn_signal::NEG, grip_signal::LOOSE, up_signal::UP, up_signal::NORMAL};
[4.664s]       |                                                                                                                           ^
[4.665s] /home/w/projects/projects/gps_ws/src/gps/src/gps_node.cpp: In member function ‘virtual BT::NodeStatus MoveToLocationDOWN::driveToTarget(float, MoveToLocation::Phase)’:
[4.665s] /home/w/projects/projects/gps_ws/src/gps/src/gps_node.cpp:646:122: error: too many initializers for ‘Pose2D’
[4.665s]   646 |             Pose2D cmd{0x0f, (uint8_t)speed, 0, 0, pn_signal::POS, grip_signal::LOOSE, up_signal::DOWN, up_signal::NORMAL};
[4.665s]       |                                                                                                                          ^
[4.665s] /home/w/projects/projects/gps_ws/src/gps/src/gps_node.cpp:651:125: error: too many initializers for ‘Pose2D’
[4.665s]   651 |             Pose2D cmd{0x0f, (uint8_t)(-speed), 0, 0, pn_signal::POS, grip_signal::LOOSE, up_signal::DOWN, up_signal::NORMAL};
[4.665s]       |                                                                                                                             ^
[4.668s] /home/w/projects/projects/gps_ws/src/gps/src/gps_node.cpp: In member function ‘BT::NodeStatus MoveToLocationHorizontal::driveToTargetWithVxVy(float, float, MoveToLocation::Phase)’:
[4.669s] /home/w/projects/projects/gps_ws/src/gps/src/gps_node.cpp:787:118: error: too many initializers for ‘Pose2D’
[4.669s]   787 |         Pose2D cmd{0x0f, abs_speed_x, abs_speed_y, 0, x_dir, grip_signal::LOOSE, up_signal::NORMAL, up_signal::NORMAL};
[4.669s]       |                                                                                                                      ^
[9.968s] gmake[2]: *** [CMakeFiles/gps_node.dir/build.make:79: CMakeFiles/gps_node.dir/src/gps_node.cpp.o] Error 1
[9.968s] gmake[1]: *** [CMakeFiles/Makefile2:188: CMakeFiles/gps_node.dir/all] Error 2
[9.969s] gmake: *** [Makefile:146: all] Error 2
[9.971s] Invoked command in '/home/w/projects/projects/gps_ws/build/gps' returned '2': CMAKE_PREFIX_PATH=${CMAKE_PREFIX_PATH}:/home/w/projects/projects/gps_ws/install/vision:/opt/ros/humble /usr/bin/cmake --build /home/w/projects/projects/gps_ws/build/gps -- -j8 -l8
