[0.462s] Invoking command in '/home/w/projects/projects/gps_ws/src/vision': PYTHONPATH=/home/w/projects/projects/gps_ws/build/vision/prefix_override:/usr/lib/python3/dist-packages/colcon_core/task/python/colcon_distutils_commands:/home/w/projects/projects/gps_ws/install/vision/lib/python3.10/site-packages:${PYTHONPATH} /usr/bin/python3 -W ignore:setup.py install is deprecated -W ignore:easy_install command is deprecated setup.py egg_info --egg-base ../../build/vision build --build-base /home/w/projects/projects/gps_ws/build/vision/build install --record /home/w/projects/projects/gps_ws/build/vision/install.log --single-version-externally-managed install_data
[0.635s] running egg_info
[0.636s] creating ../../build/vision/vision.egg-info
[0.636s] writing ../../build/vision/vision.egg-info/PKG-INFO
[0.636s] writing dependency_links to ../../build/vision/vision.egg-info/dependency_links.txt
[0.636s] writing entry points to ../../build/vision/vision.egg-info/entry_points.txt
[0.636s] writing requirements to ../../build/vision/vision.egg-info/requires.txt
[0.636s] writing top-level names to ../../build/vision/vision.egg-info/top_level.txt
[0.636s] writing manifest file '../../build/vision/vision.egg-info/SOURCES.txt'
[0.637s] reading manifest file '../../build/vision/vision.egg-info/SOURCES.txt'
[0.638s] writing manifest file '../../build/vision/vision.egg-info/SOURCES.txt'
[0.638s] running build
[0.638s] running build_py
[0.638s] creating /home/w/projects/projects/gps_ws/build/vision/build
[0.638s] creating /home/w/projects/projects/gps_ws/build/vision/build/lib
[0.638s] creating /home/w/projects/projects/gps_ws/build/vision/build/lib/vision
[0.638s] copying vision/__init__.py -> /home/w/projects/projects/gps_ws/build/vision/build/lib/vision
[0.638s] copying vision/vision_node.py -> /home/w/projects/projects/gps_ws/build/vision/build/lib/vision
[0.638s] running install
[0.638s] running install_lib
[0.639s] creating /home/w/projects/projects/gps_ws/install/vision/lib/python3.10/site-packages/vision
[0.639s] copying /home/w/projects/projects/gps_ws/build/vision/build/lib/vision/__init__.py -> /home/w/projects/projects/gps_ws/install/vision/lib/python3.10/site-packages/vision
[0.639s] copying /home/w/projects/projects/gps_ws/build/vision/build/lib/vision/vision_node.py -> /home/w/projects/projects/gps_ws/install/vision/lib/python3.10/site-packages/vision
[0.639s] byte-compiling /home/w/projects/projects/gps_ws/install/vision/lib/python3.10/site-packages/vision/__init__.py to __init__.cpython-310.pyc
[0.639s] byte-compiling /home/w/projects/projects/gps_ws/install/vision/lib/python3.10/site-packages/vision/vision_node.py to vision_node.cpython-310.pyc
[0.640s] running install_data
[0.640s] creating /home/w/projects/projects/gps_ws/install/vision/share/ament_index
[0.640s] creating /home/w/projects/projects/gps_ws/install/vision/share/ament_index/resource_index
[0.640s] creating /home/w/projects/projects/gps_ws/install/vision/share/ament_index/resource_index/packages
[0.640s] copying resource/vision -> /home/w/projects/projects/gps_ws/install/vision/share/ament_index/resource_index/packages
[0.641s] copying package.xml -> /home/w/projects/projects/gps_ws/install/vision/share/vision
[0.641s] running install_egg_info
[0.642s] Copying ../../build/vision/vision.egg-info to /home/w/projects/projects/gps_ws/install/vision/lib/python3.10/site-packages/vision-0.0.0-py3.10.egg-info
[0.642s] running install_scripts
[0.658s] Installing vision_node script to /home/w/projects/projects/gps_ws/install/vision/lib/vision
[0.658s] writing list of installed files to '/home/w/projects/projects/gps_ws/build/vision/install.log'
[0.674s] Invoked command in '/home/w/projects/projects/gps_ws/src/vision' returned '0': PYTHONPATH=/home/w/projects/projects/gps_ws/build/vision/prefix_override:/usr/lib/python3/dist-packages/colcon_core/task/python/colcon_distutils_commands:/home/w/projects/projects/gps_ws/install/vision/lib/python3.10/site-packages:${PYTHONPATH} /usr/bin/python3 -W ignore:setup.py install is deprecated -W ignore:easy_install command is deprecated setup.py egg_info --egg-base ../../build/vision build --build-base /home/w/projects/projects/gps_ws/build/vision/build install --record /home/w/projects/projects/gps_ws/build/vision/install.log --single-version-externally-managed install_data
