In file included from /opt/ros/humble/include/rclcpp/rclcpp/client.hpp:40,
                 from /opt/ros/humble/include/rclcpp/rclcpp/callback_group.hpp:24,
                 from /opt/ros/humble/include/rclcpp/rclcpp/any_executable.hpp:20,
                 from /opt/ros/humble/include/rclcpp/rclcpp/memory_strategy.hpp:25,
                 from /opt/ros/humble/include/rclcpp/rclcpp/memory_strategies.hpp:18,
                 from /opt/ros/humble/include/rclcpp/rclcpp/executor_options.hpp:20,
                 from /opt/ros/humble/include/rclcpp/rclcpp/executor.hpp:37,
                 from /opt/ros/humble/include/rclcpp/rclcpp/executors/multi_threaded_executor.hpp:25,
                 from /opt/ros/humble/include/rclcpp/rclcpp/executors.hpp:21,
                 from /opt/ros/humble/include/rclcpp/rclcpp/rclcpp.hpp:155,
                 from /home/w/projects/projects/gps_ws/src/gps/src/gps_node.cpp:3:
/home/w/projects/projects/gps_ws/src/gps/src/gps_node.cpp:1451:9: error: expected unqualified-id before ‘do’
 1451 |         RCLCPP_WARN(context_->logger, "[ReadAction] 被中断");
      |         ^~~~~~~~~~~
/home/w/projects/projects/gps_ws/src/gps/src/gps_node.cpp:1451:9: error: expected unqualified-id before ‘while’
 1451 |         RCLCPP_WARN(context_->logger, "[ReadAction] 被中断");
      |         ^~~~~~~~~~~
/home/w/projects/projects/gps_ws/src/gps/src/gps_node.cpp:1452:5: error: expected declaration before ‘}’ token
 1452 |     }
      |     ^
/home/w/projects/projects/gps_ws/src/gps/src/gps_node.cpp:1454:1: error: expected unqualified-id before ‘private’
 1454 | private:
      | ^~~~~~~
/home/w/projects/projects/gps_ws/src/gps/src/gps_node.cpp:1458:1: error: expected declaration before ‘}’ token
 1458 | };
      | ^
gmake[2]: *** [CMakeFiles/gps_node.dir/build.make:79: CMakeFiles/gps_node.dir/src/gps_node.cpp.o] Error 1
gmake[1]: *** [CMakeFiles/Makefile2:188: CMakeFiles/gps_node.dir/all] Error 2
gmake: *** [Makefile:146: all] Error 2
