[0.016s] Invoking command in '/home/w/projects/projects/gps_ws/build/gps': CMAKE_PREFIX_PATH=${CMAKE_PREFIX_PATH}:/home/w/projects/projects/gps_ws/install/vision:/opt/ros/humble /usr/bin/cmake --build /home/w/projects/projects/gps_ws/build/gps -- -j8 -l8
[0.050s] [ 50%] Built target SerialPort
[0.078s] [ 75%] Building CXX object CMakeFiles/gps_node.dir/src/gps_node.cpp.o
[4.478s] In file included from /opt/ros/humble/include/rclcpp/rclcpp/client.hpp:40,
[4.478s]                  from /opt/ros/humble/include/rclcpp/rclcpp/callback_group.hpp:24,
[4.478s]                  from /opt/ros/humble/include/rclcpp/rclcpp/any_executable.hpp:20,
[4.478s]                  from /opt/ros/humble/include/rclcpp/rclcpp/memory_strategy.hpp:25,
[4.478s]                  from /opt/ros/humble/include/rclcpp/rclcpp/memory_strategies.hpp:18,
[4.478s]                  from /opt/ros/humble/include/rclcpp/rclcpp/executor_options.hpp:20,
[4.478s]                  from /opt/ros/humble/include/rclcpp/rclcpp/executor.hpp:37,
[4.478s]                  from /opt/ros/humble/include/rclcpp/rclcpp/executors/multi_threaded_executor.hpp:25,
[4.479s]                  from /opt/ros/humble/include/rclcpp/rclcpp/executors.hpp:21,
[4.479s]                  from /opt/ros/humble/include/rclcpp/rclcpp/rclcpp.hpp:155,
[4.479s]                  from /home/w/projects/projects/gps_ws/src/gps/src/gps_node.cpp:3:
[4.479s] /home/w/projects/projects/gps_ws/src/gps/src/gps_node.cpp:1451:9: error: expected unqualified-id before ‘do’
[4.479s]  1451 |         RCLCPP_WARN(context_->logger, "[ReadAction] 被中断");
[4.479s]       |         ^~~~~~~~~~~
[4.479s] /home/w/projects/projects/gps_ws/src/gps/src/gps_node.cpp:1451:9: error: expected unqualified-id before ‘while’
[4.479s]  1451 |         RCLCPP_WARN(context_->logger, "[ReadAction] 被中断");
[4.479s]       |         ^~~~~~~~~~~
[4.479s] /home/w/projects/projects/gps_ws/src/gps/src/gps_node.cpp:1452:5: error: expected declaration before ‘}’ token
[4.479s]  1452 |     }
[4.479s]       |     ^
[4.480s] /home/w/projects/projects/gps_ws/src/gps/src/gps_node.cpp:1454:1: error: expected unqualified-id before ‘private’
[4.480s]  1454 | private:
[4.480s]       | ^~~~~~~
[4.480s] /home/w/projects/projects/gps_ws/src/gps/src/gps_node.cpp:1458:1: error: expected declaration before ‘}’ token
[4.480s]  1458 | };
[4.480s]       | ^
[10.003s] gmake[2]: *** [CMakeFiles/gps_node.dir/build.make:79: CMakeFiles/gps_node.dir/src/gps_node.cpp.o] Error 1
[10.004s] gmake[1]: *** [CMakeFiles/Makefile2:188: CMakeFiles/gps_node.dir/all] Error 2
[10.004s] gmake: *** [Makefile:146: all] Error 2
[10.005s] Invoked command in '/home/w/projects/projects/gps_ws/build/gps' returned '2': CMAKE_PREFIX_PATH=${CMAKE_PREFIX_PATH}:/home/w/projects/projects/gps_ws/install/vision:/opt/ros/humble /usr/bin/cmake --build /home/w/projects/projects/gps_ws/build/gps -- -j8 -l8
