[ 40%] Built target SerialPort
[ 80%] [32mBuilding CXX object CMakeFiles/gps_node.dir/src/gps_node.cpp.o[0m
[ 80%] [32mBuilding CXX object CMakeFiles/gps_node.dir/src/map/map.cpp.o[0m
In file included from [01m[K/home/w/projects/projects/gps_ws/src/gps/src/map/map.cpp:1[m[K:
[01m[K/home/w/projects/projects/gps_ws/src/gps/src/map/map.h:108:5:[m[K [01;31m[Kerror: [m[Kexpected ‘[01m[K}[m[K’ before ‘[01m[K{[m[K’ token
  108 |     [01;31m[K{[m[K"M1" , {3.2f, -1.2f}},
      |     [01;31m[K^[m[K
In file included from [01m[K/home/w/projects/projects/gps_ws/src/gps/src/map/map.cpp:1[m[K:
[01m[K/home/w/projects/projects/gps_ws/src/gps/src/map/map.h:79:1:[m[K [01;36m[Knote: [m[Kto match this ‘[01m[K{[m[K’
   79 | [01;36m[K{[m[K
      | [01;36m[K^[m[K
In file included from [01m[K/home/w/projects/projects/gps_ws/src/gps/src/map/map.cpp:1[m[K:
[01m[K/home/w/projects/projects/gps_ws/src/gps/src/map/map.h:108:5:[m[K [01;31m[Kerror: [m[Kexpected ‘[01m[K,[m[K’ or ‘[01m[K;[m[K’ before ‘[01m[K{[m[K’ token
  108 |     [01;31m[K{[m[K"M1" , {3.2f, -1.2f}},
      |     [01;31m[K^[m[K
[01m[K/home/w/projects/projects/gps_ws/src/gps/src/map/map.h:108:27:[m[K [01;31m[Kerror: [m[Kexpected unqualified-id before ‘[01m[K,[m[K’ token
  108 |     {"M1" , {3.2f, -1.2f}}[01;31m[K,[m[K
      |                           [01;31m[K^[m[K
[01m[K/home/w/projects/projects/gps_ws/src/gps/src/map/map.h:109:5:[m[K [01;31m[Kerror: [m[Kexpected unqualified-id before ‘[01m[K{[m[K’ token
  109 |     [01;31m[K{[m[K"M2" , {4.4f, -1.2f}},
      |     [01;31m[K^[m[K
[01m[K/home/w/projects/projects/gps_ws/src/gps/src/map/map.h:109:27:[m[K [01;31m[Kerror: [m[Kexpected unqualified-id before ‘[01m[K,[m[K’ token
  109 |     {"M2" , {4.4f, -1.2f}}[01;31m[K,[m[K
      |                           [01;31m[K^[m[K
[01m[K/home/w/projects/projects/gps_ws/src/gps/src/map/map.h:110:5:[m[K [01;31m[Kerror: [m[Kexpected unqualified-id before ‘[01m[K{[m[K’ token
  110 |     [01;31m[K{[m[K"M3" , {5.6f, -1.2f}},
      |     [01;31m[K^[m[K
[01m[K/home/w/projects/projects/gps_ws/src/gps/src/map/map.h:110:27:[m[K [01;31m[Kerror: [m[Kexpected unqualified-id before ‘[01m[K,[m[K’ token
  110 |     {"M3" , {5.6f, -1.2f}}[01;31m[K,[m[K
      |                           [01;31m[K^[m[K
[01m[K/home/w/projects/projects/gps_ws/src/gps/src/map/map.h:111:5:[m[K [01;31m[Kerror: [m[Kexpected unqualified-id before ‘[01m[K{[m[K’ token
  111 |     [01;31m[K{[m[K"M4" , {6.8f, -1.2f}},
      |     [01;31m[K^[m[K
[01m[K/home/w/projects/projects/gps_ws/src/gps/src/map/map.h:111:27:[m[K [01;31m[Kerror: [m[Kexpected unqualified-id before ‘[01m[K,[m[K’ token
  111 |     {"M4" , {6.8f, -1.2f}}[01;31m[K,[m[K
      |                           [01;31m[K^[m[K
[01m[K/home/w/projects/projects/gps_ws/src/gps/src/map/map.h:113:5:[m[K [01;31m[Kerror: [m[Kexpected unqualified-id before ‘[01m[K{[m[K’ token
  113 |     [01;31m[K{[m[K"R1" , {3.2f, -2.4f}},
      |     [01;31m[K^[m[K
[01m[K/home/w/projects/projects/gps_ws/src/gps/src/map/map.h:113:27:[m[K [01;31m[Kerror: [m[Kexpected unqualified-id before ‘[01m[K,[m[K’ token
  113 |     {"R1" , {3.2f, -2.4f}}[01;31m[K,[m[K
      |                           [01;31m[K^[m[K
[01m[K/home/w/projects/projects/gps_ws/src/gps/src/map/map.h:114:5:[m[K [01;31m[Kerror: [m[Kexpected unqualified-id before ‘[01m[K{[m[K’ token
  114 |     [01;31m[K{[m[K"R2" , {4.4f, -2.4f}},
      |     [01;31m[K^[m[K
[01m[K/home/w/projects/projects/gps_ws/src/gps/src/map/map.h:114:27:[m[K [01;31m[Kerror: [m[Kexpected unqualified-id before ‘[01m[K,[m[K’ token
  114 |     {"R2" , {4.4f, -2.4f}}[01;31m[K,[m[K
      |                           [01;31m[K^[m[K
[01m[K/home/w/projects/projects/gps_ws/src/gps/src/map/map.h:115:5:[m[K [01;31m[Kerror: [m[Kexpected unqualified-id before ‘[01m[K{[m[K’ token
  115 |     [01;31m[K{[m[K"R3" , {5.6f, -2.4f}},
      |     [01;31m[K^[m[K
[01m[K/home/w/projects/projects/gps_ws/src/gps/src/map/map.h:115:27:[m[K [01;31m[Kerror: [m[Kexpected unqualified-id before ‘[01m[K,[m[K’ token
  115 |     {"R3" , {5.6f, -2.4f}}[01;31m[K,[m[K
      |                           [01;31m[K^[m[K
[01m[K/home/w/projects/projects/gps_ws/src/gps/src/map/map.h:116:5:[m[K [01;31m[Kerror: [m[Kexpected unqualified-id before ‘[01m[K{[m[K’ token
  116 |     [01;31m[K{[m[K"R4" , {6.8f, -2.4f}},
      |     [01;31m[K^[m[K
[01m[K/home/w/projects/projects/gps_ws/src/gps/src/map/map.h:116:27:[m[K [01;31m[Kerror: [m[Kexpected unqualified-id before ‘[01m[K,[m[K’ token
  116 |     {"R4" , {6.8f, -2.4f}}[01;31m[K,[m[K
      |                           [01;31m[K^[m[K
[01m[K/home/w/projects/projects/gps_ws/src/gps/src/map/map.h:118:5:[m[K [01;31m[Kerror: [m[Kexpected unqualified-id before ‘[01m[K{[m[K’ token
  118 |     [01;31m[K{[m[K"tran3" , {1.0f , 0.0f}},
      |     [01;31m[K^[m[K
[01m[K/home/w/projects/projects/gps_ws/src/gps/src/map/map.h:118:30:[m[K [01;31m[Kerror: [m[Kexpected unqualified-id before ‘[01m[K,[m[K’ token
  118 |     {"tran3" , {1.0f , 0.0f}}[01;31m[K,[m[K
      |                              [01;31m[K^[m[K
[01m[K/home/w/projects/projects/gps_ws/src/gps/src/map/map.h:119:5:[m[K [01;31m[Kerror: [m[Kexpected unqualified-id before ‘[01m[K{[m[K’ token
  119 |     [01;31m[K{[m[K"tran4" , {2.2f,0.0f}},
      |     [01;31m[K^[m[K
[01m[K/home/w/projects/projects/gps_ws/src/gps/src/map/map.h:119:28:[m[K [01;31m[Kerror: [m[Kexpected unqualified-id before ‘[01m[K,[m[K’ token
  119 |     {"tran4" , {2.2f,0.0f}}[01;31m[K,[m[K
      |                            [01;31m[K^[m[K
[01m[K/home/w/projects/projects/gps_ws/src/gps/src/map/map.h:120:5:[m[K [01;31m[Kerror: [m[Kexpected unqualified-id before ‘[01m[K{[m[K’ token
  120 |     [01;31m[K{[m[K"tran5" , {3.0f , 0.0f}}
      |     [01;31m[K^[m[K
[01m[K/home/w/projects/projects/gps_ws/src/gps/src/map/map.h:121:1:[m[K [01;31m[Kerror: [m[Kexpected declaration before ‘[01m[K}[m[K’ token
  121 | [01;31m[K}[m[K;
      | [01;31m[K^[m[K
gmake[2]: *** [CMakeFiles/gps_node.dir/build.make:93: CMakeFiles/gps_node.dir/src/map/map.cpp.o] Error 1
gmake[2]: *** Waiting for unfinished jobs....
In file included from [01m[K/home/w/projects/projects/gps_ws/src/gps/src/gps_node.cpp:8[m[K:
[01m[K/home/w/projects/projects/gps_ws/src/gps/src/map/map.h:108:5:[m[K [01;31m[Kerror: [m[Kexpected ‘[01m[K}[m[K’ before ‘[01m[K{[m[K’ token
  108 |     [01;31m[K{[m[K"M1" , {3.2f, -1.2f}},
      |     [01;31m[K^[m[K
In file included from [01m[K/home/w/projects/projects/gps_ws/src/gps/src/gps_node.cpp:8[m[K:
[01m[K/home/w/projects/projects/gps_ws/src/gps/src/map/map.h:79:1:[m[K [01;36m[Knote: [m[Kto match this ‘[01m[K{[m[K’
   79 | [01;36m[K{[m[K
      | [01;36m[K^[m[K
In file included from [01m[K/home/w/projects/projects/gps_ws/src/gps/src/gps_node.cpp:8[m[K:
[01m[K/home/w/projects/projects/gps_ws/src/gps/src/map/map.h:108:5:[m[K [01;31m[Kerror: [m[Kexpected ‘[01m[K,[m[K’ or ‘[01m[K;[m[K’ before ‘[01m[K{[m[K’ token
  108 |     [01;31m[K{[m[K"M1" , {3.2f, -1.2f}},
      |     [01;31m[K^[m[K
[01m[K/home/w/projects/projects/gps_ws/src/gps/src/map/map.h:108:27:[m[K [01;31m[Kerror: [m[Kexpected unqualified-id before ‘[01m[K,[m[K’ token
  108 |     {"M1" , {3.2f, -1.2f}}[01;31m[K,[m[K
      |                           [01;31m[K^[m[K
[01m[K/home/w/projects/projects/gps_ws/src/gps/src/map/map.h:109:5:[m[K [01;31m[Kerror: [m[Kexpected unqualified-id before ‘[01m[K{[m[K’ token
  109 |     [01;31m[K{[m[K"M2" , {4.4f, -1.2f}},
      |     [01;31m[K^[m[K
[01m[K/home/w/projects/projects/gps_ws/src/gps/src/map/map.h:109:27:[m[K [01;31m[Kerror: [m[Kexpected unqualified-id before ‘[01m[K,[m[K’ token
  109 |     {"M2" , {4.4f, -1.2f}}[01;31m[K,[m[K
      |                           [01;31m[K^[m[K
[01m[K/home/w/projects/projects/gps_ws/src/gps/src/map/map.h:110:5:[m[K [01;31m[Kerror: [m[Kexpected unqualified-id before ‘[01m[K{[m[K’ token
  110 |     [01;31m[K{[m[K"M3" , {5.6f, -1.2f}},
      |     [01;31m[K^[m[K
[01m[K/home/w/projects/projects/gps_ws/src/gps/src/map/map.h:110:27:[m[K [01;31m[Kerror: [m[Kexpected unqualified-id before ‘[01m[K,[m[K’ token
  110 |     {"M3" , {5.6f, -1.2f}}[01;31m[K,[m[K
      |                           [01;31m[K^[m[K
[01m[K/home/w/projects/projects/gps_ws/src/gps/src/map/map.h:111:5:[m[K [01;31m[Kerror: [m[Kexpected unqualified-id before ‘[01m[K{[m[K’ token
  111 |     [01;31m[K{[m[K"M4" , {6.8f, -1.2f}},
      |     [01;31m[K^[m[K
[01m[K/home/w/projects/projects/gps_ws/src/gps/src/map/map.h:111:27:[m[K [01;31m[Kerror: [m[Kexpected unqualified-id before ‘[01m[K,[m[K’ token
  111 |     {"M4" , {6.8f, -1.2f}}[01;31m[K,[m[K
      |                           [01;31m[K^[m[K
[01m[K/home/w/projects/projects/gps_ws/src/gps/src/map/map.h:113:5:[m[K [01;31m[Kerror: [m[Kexpected unqualified-id before ‘[01m[K{[m[K’ token
  113 |     [01;31m[K{[m[K"R1" , {3.2f, -2.4f}},
      |     [01;31m[K^[m[K
[01m[K/home/w/projects/projects/gps_ws/src/gps/src/map/map.h:113:27:[m[K [01;31m[Kerror: [m[Kexpected unqualified-id before ‘[01m[K,[m[K’ token
  113 |     {"R1" , {3.2f, -2.4f}}[01;31m[K,[m[K
      |                           [01;31m[K^[m[K
[01m[K/home/w/projects/projects/gps_ws/src/gps/src/map/map.h:114:5:[m[K [01;31m[Kerror: [m[Kexpected unqualified-id before ‘[01m[K{[m[K’ token
  114 |     [01;31m[K{[m[K"R2" , {4.4f, -2.4f}},
      |     [01;31m[K^[m[K
[01m[K/home/w/projects/projects/gps_ws/src/gps/src/map/map.h:114:27:[m[K [01;31m[Kerror: [m[Kexpected unqualified-id before ‘[01m[K,[m[K’ token
  114 |     {"R2" , {4.4f, -2.4f}}[01;31m[K,[m[K
      |                           [01;31m[K^[m[K
[01m[K/home/w/projects/projects/gps_ws/src/gps/src/map/map.h:115:5:[m[K [01;31m[Kerror: [m[Kexpected unqualified-id before ‘[01m[K{[m[K’ token
  115 |     [01;31m[K{[m[K"R3" , {5.6f, -2.4f}},
      |     [01;31m[K^[m[K
[01m[K/home/w/projects/projects/gps_ws/src/gps/src/map/map.h:115:27:[m[K [01;31m[Kerror: [m[Kexpected unqualified-id before ‘[01m[K,[m[K’ token
  115 |     {"R3" , {5.6f, -2.4f}}[01;31m[K,[m[K
      |                           [01;31m[K^[m[K
[01m[K/home/w/projects/projects/gps_ws/src/gps/src/map/map.h:116:5:[m[K [01;31m[Kerror: [m[Kexpected unqualified-id before ‘[01m[K{[m[K’ token
  116 |     [01;31m[K{[m[K"R4" , {6.8f, -2.4f}},
      |     [01;31m[K^[m[K
[01m[K/home/w/projects/projects/gps_ws/src/gps/src/map/map.h:116:27:[m[K [01;31m[Kerror: [m[Kexpected unqualified-id before ‘[01m[K,[m[K’ token
  116 |     {"R4" , {6.8f, -2.4f}}[01;31m[K,[m[K
      |                           [01;31m[K^[m[K
[01m[K/home/w/projects/projects/gps_ws/src/gps/src/map/map.h:118:5:[m[K [01;31m[Kerror: [m[Kexpected unqualified-id before ‘[01m[K{[m[K’ token
  118 |     [01;31m[K{[m[K"tran3" , {1.0f , 0.0f}},
      |     [01;31m[K^[m[K
[01m[K/home/w/projects/projects/gps_ws/src/gps/src/map/map.h:118:30:[m[K [01;31m[Kerror: [m[Kexpected unqualified-id before ‘[01m[K,[m[K’ token
  118 |     {"tran3" , {1.0f , 0.0f}}[01;31m[K,[m[K
      |                              [01;31m[K^[m[K
[01m[K/home/w/projects/projects/gps_ws/src/gps/src/map/map.h:119:5:[m[K [01;31m[Kerror: [m[Kexpected unqualified-id before ‘[01m[K{[m[K’ token
  119 |     [01;31m[K{[m[K"tran4" , {2.2f,0.0f}},
      |     [01;31m[K^[m[K
[01m[K/home/w/projects/projects/gps_ws/src/gps/src/map/map.h:119:28:[m[K [01;31m[Kerror: [m[Kexpected unqualified-id before ‘[01m[K,[m[K’ token
  119 |     {"tran4" , {2.2f,0.0f}}[01;31m[K,[m[K
      |                            [01;31m[K^[m[K
[01m[K/home/w/projects/projects/gps_ws/src/gps/src/map/map.h:120:5:[m[K [01;31m[Kerror: [m[Kexpected unqualified-id before ‘[01m[K{[m[K’ token
  120 |     [01;31m[K{[m[K"tran5" , {3.0f , 0.0f}}
      |     [01;31m[K^[m[K
[01m[K/home/w/projects/projects/gps_ws/src/gps/src/map/map.h:121:1:[m[K [01;31m[Kerror: [m[Kexpected declaration before ‘[01m[K}[m[K’ token
  121 | [01;31m[K}[m[K;
      | [01;31m[K^[m[K
gmake[2]: *** [CMakeFiles/gps_node.dir/build.make:79: CMakeFiles/gps_node.dir/src/gps_node.cpp.o] Error 1
gmake[1]: *** [CMakeFiles/Makefile2:188: CMakeFiles/gps_node.dir/all] Error 2
gmake: *** [Makefile:146: all] Error 2
