[0.506s] colcon DEBUG Command line arguments: ['/usr/bin/colcon', 'build', '--packages-select', 'gps']
[0.506s] colcon DEBUG Parsed command line arguments: Namespace(log_base=None, log_level=None, verb_name='build', build_base='build', install_base='install', merge_install=False, symlink_install=False, test_result_base=None, continue_on_error=False, executor='parallel', parallel_workers=8, event_handlers=None, ignore_user_meta=False, metas=['./colcon.meta'], base_paths=['.'], packages_ignore=None, packages_ignore_regex=None, paths=None, packages_up_to=None, packages_up_to_regex=None, packages_above=None, packages_above_and_dependencies=None, packages_above_depth=None, packages_select_by_dep=None, packages_skip_by_dep=None, packages_skip_up_to=None, packages_select_build_failed=False, packages_skip_build_finished=False, packages_select_test_failures=False, packages_skip_test_passed=False, packages_select=['gps'], packages_skip=None, packages_select_regex=None, packages_skip_regex=None, packages_start=None, packages_end=None, allow_overriding=[], cmake_args=None, cmake_target=None, cmake_target_skip_unavailable=False, cmake_clean_cache=False, cmake_clean_first=False, cmake_force_configure=False, ament_cmake_args=None, catkin_cmake_args=None, catkin_skip_building_tests=False, mixin_files=None, mixin=None, verb_parser=<colcon_mixin.mixin.mixin_argument.MixinArgumentDecorator object at 0x7a85d6f4a650>, verb_extension=<colcon_core.verb.build.BuildVerb object at 0x7a85d703fcd0>, main=<bound method BuildVerb.main of <colcon_core.verb.build.BuildVerb object at 0x7a85d703fcd0>>, mixin_verb=('build',))
[0.867s] colcon.colcon_core.package_discovery Level 1 discover_packages(colcon_meta) check parameters
[0.868s] colcon.colcon_core.package_discovery Level 1 discover_packages(recursive) check parameters
[0.868s] colcon.colcon_core.package_discovery Level 1 discover_packages(ignore) check parameters
[0.868s] colcon.colcon_core.package_discovery Level 1 discover_packages(path) check parameters
[0.868s] colcon.colcon_core.package_discovery Level 1 discover_packages(colcon_meta) discover
[0.868s] colcon.colcon_core.package_discovery Level 1 discover_packages(recursive) discover
[0.868s] colcon.colcon_core.package_discovery INFO Crawling recursively for packages in '/home/w/projects/projects/gps_ws'
[0.868s] colcon.colcon_core.package_identification Level 1 _identify(.) by extensions ['ignore', 'ignore_ament_install']
[0.868s] colcon.colcon_core.package_identification Level 1 _identify(.) by extension 'ignore'
[0.868s] colcon.colcon_core.package_identification Level 1 _identify(.) by extension 'ignore_ament_install'
[0.868s] colcon.colcon_core.package_identification Level 1 _identify(.) by extensions ['colcon_pkg']
[0.868s] colcon.colcon_core.package_identification Level 1 _identify(.) by extension 'colcon_pkg'
[0.868s] colcon.colcon_core.package_identification Level 1 _identify(.) by extensions ['colcon_meta']
[0.868s] colcon.colcon_core.package_identification Level 1 _identify(.) by extension 'colcon_meta'
[0.868s] colcon.colcon_core.package_identification Level 1 _identify(.) by extensions ['ros']
[0.868s] colcon.colcon_core.package_identification Level 1 _identify(.) by extension 'ros'
[0.915s] colcon.colcon_core.package_identification Level 1 _identify(.) by extensions ['cmake', 'python']
[0.916s] colcon.colcon_core.package_identification Level 1 _identify(.) by extension 'cmake'
[0.916s] colcon.colcon_core.package_identification Level 1 _identify(.) by extension 'python'
[0.916s] colcon.colcon_core.package_identification Level 1 _identify(.) by extensions ['python_setup_py']
[0.916s] colcon.colcon_core.package_identification Level 1 _identify(.) by extension 'python_setup_py'
[0.916s] colcon.colcon_core.package_identification Level 1 _identify(assets) by extensions ['ignore', 'ignore_ament_install']
[0.916s] colcon.colcon_core.package_identification Level 1 _identify(assets) by extension 'ignore'
[0.917s] colcon.colcon_core.package_identification Level 1 _identify(assets) by extension 'ignore_ament_install'
[0.917s] colcon.colcon_core.package_identification Level 1 _identify(assets) by extensions ['colcon_pkg']
[0.917s] colcon.colcon_core.package_identification Level 1 _identify(assets) by extension 'colcon_pkg'
[0.917s] colcon.colcon_core.package_identification Level 1 _identify(assets) by extensions ['colcon_meta']
[0.917s] colcon.colcon_core.package_identification Level 1 _identify(assets) by extension 'colcon_meta'
[0.917s] colcon.colcon_core.package_identification Level 1 _identify(assets) by extensions ['ros']
[0.917s] colcon.colcon_core.package_identification Level 1 _identify(assets) by extension 'ros'
[0.917s] colcon.colcon_core.package_identification Level 1 _identify(assets) by extensions ['cmake', 'python']
[0.917s] colcon.colcon_core.package_identification Level 1 _identify(assets) by extension 'cmake'
[0.917s] colcon.colcon_core.package_identification Level 1 _identify(assets) by extension 'python'
[0.917s] colcon.colcon_core.package_identification Level 1 _identify(assets) by extensions ['python_setup_py']
[0.917s] colcon.colcon_core.package_identification Level 1 _identify(assets) by extension 'python_setup_py'
[0.918s] colcon.colcon_core.package_identification Level 1 _identify(assets/data) by extensions ['ignore', 'ignore_ament_install']
[0.918s] colcon.colcon_core.package_identification Level 1 _identify(assets/data) by extension 'ignore'
[0.918s] colcon.colcon_core.package_identification Level 1 _identify(assets/data) by extension 'ignore_ament_install'
[0.918s] colcon.colcon_core.package_identification Level 1 _identify(assets/data) by extensions ['colcon_pkg']
[0.918s] colcon.colcon_core.package_identification Level 1 _identify(assets/data) by extension 'colcon_pkg'
[0.918s] colcon.colcon_core.package_identification Level 1 _identify(assets/data) by extensions ['colcon_meta']
[0.918s] colcon.colcon_core.package_identification Level 1 _identify(assets/data) by extension 'colcon_meta'
[0.918s] colcon.colcon_core.package_identification Level 1 _identify(assets/data) by extensions ['ros']
[0.918s] colcon.colcon_core.package_identification Level 1 _identify(assets/data) by extension 'ros'
[0.918s] colcon.colcon_core.package_identification Level 1 _identify(assets/data) by extensions ['cmake', 'python']
[0.919s] colcon.colcon_core.package_identification Level 1 _identify(assets/data) by extension 'cmake'
[0.919s] colcon.colcon_core.package_identification Level 1 _identify(assets/data) by extension 'python'
[0.919s] colcon.colcon_core.package_identification Level 1 _identify(assets/data) by extensions ['python_setup_py']
[0.919s] colcon.colcon_core.package_identification Level 1 _identify(assets/data) by extension 'python_setup_py'
[0.919s] colcon.colcon_core.package_identification Level 1 _identify(assets/data/data1) by extensions ['ignore', 'ignore_ament_install']
[0.919s] colcon.colcon_core.package_identification Level 1 _identify(assets/data/data1) by extension 'ignore'
[0.919s] colcon.colcon_core.package_identification Level 1 _identify(assets/data/data1) by extension 'ignore_ament_install'
[0.919s] colcon.colcon_core.package_identification Level 1 _identify(assets/data/data1) by extensions ['colcon_pkg']
[0.919s] colcon.colcon_core.package_identification Level 1 _identify(assets/data/data1) by extension 'colcon_pkg'
[0.919s] colcon.colcon_core.package_identification Level 1 _identify(assets/data/data1) by extensions ['colcon_meta']
[0.919s] colcon.colcon_core.package_identification Level 1 _identify(assets/data/data1) by extension 'colcon_meta'
[0.919s] colcon.colcon_core.package_identification Level 1 _identify(assets/data/data1) by extensions ['ros']
[0.919s] colcon.colcon_core.package_identification Level 1 _identify(assets/data/data1) by extension 'ros'
[0.920s] colcon.colcon_core.package_identification Level 1 _identify(assets/data/data1) by extensions ['cmake', 'python']
[0.920s] colcon.colcon_core.package_identification Level 1 _identify(assets/data/data1) by extension 'cmake'
[0.920s] colcon.colcon_core.package_identification Level 1 _identify(assets/data/data1) by extension 'python'
[0.920s] colcon.colcon_core.package_identification Level 1 _identify(assets/data/data1) by extensions ['python_setup_py']
[0.920s] colcon.colcon_core.package_identification Level 1 _identify(assets/data/data1) by extension 'python_setup_py'
[0.920s] colcon.colcon_core.package_identification Level 1 _identify(assets/data/data2) by extensions ['ignore', 'ignore_ament_install']
[0.920s] colcon.colcon_core.package_identification Level 1 _identify(assets/data/data2) by extension 'ignore'
[0.920s] colcon.colcon_core.package_identification Level 1 _identify(assets/data/data2) by extension 'ignore_ament_install'
[0.920s] colcon.colcon_core.package_identification Level 1 _identify(assets/data/data2) by extensions ['colcon_pkg']
[0.920s] colcon.colcon_core.package_identification Level 1 _identify(assets/data/data2) by extension 'colcon_pkg'
[0.920s] colcon.colcon_core.package_identification Level 1 _identify(assets/data/data2) by extensions ['colcon_meta']
[0.921s] colcon.colcon_core.package_identification Level 1 _identify(assets/data/data2) by extension 'colcon_meta'
[0.921s] colcon.colcon_core.package_identification Level 1 _identify(assets/data/data2) by extensions ['ros']
[0.921s] colcon.colcon_core.package_identification Level 1 _identify(assets/data/data2) by extension 'ros'
[0.921s] colcon.colcon_core.package_identification Level 1 _identify(assets/data/data2) by extensions ['cmake', 'python']
[0.921s] colcon.colcon_core.package_identification Level 1 _identify(assets/data/data2) by extension 'cmake'
[0.921s] colcon.colcon_core.package_identification Level 1 _identify(assets/data/data2) by extension 'python'
[0.921s] colcon.colcon_core.package_identification Level 1 _identify(assets/data/data2) by extensions ['python_setup_py']
[0.921s] colcon.colcon_core.package_identification Level 1 _identify(assets/data/data2) by extension 'python_setup_py'
[0.921s] colcon.colcon_core.package_identification Level 1 _identify(assets/vision) by extensions ['ignore', 'ignore_ament_install']
[0.921s] colcon.colcon_core.package_identification Level 1 _identify(assets/vision) by extension 'ignore'
[0.921s] colcon.colcon_core.package_identification Level 1 _identify(assets/vision) by extension 'ignore_ament_install'
[0.922s] colcon.colcon_core.package_identification Level 1 _identify(assets/vision) by extensions ['colcon_pkg']
[0.922s] colcon.colcon_core.package_identification Level 1 _identify(assets/vision) by extension 'colcon_pkg'
[0.922s] colcon.colcon_core.package_identification Level 1 _identify(assets/vision) by extensions ['colcon_meta']
[0.922s] colcon.colcon_core.package_identification Level 1 _identify(assets/vision) by extension 'colcon_meta'
[0.922s] colcon.colcon_core.package_identification Level 1 _identify(assets/vision) by extensions ['ros']
[0.922s] colcon.colcon_core.package_identification Level 1 _identify(assets/vision) by extension 'ros'
[0.922s] colcon.colcon_core.package_identification Level 1 _identify(assets/vision) by extensions ['cmake', 'python']
[0.922s] colcon.colcon_core.package_identification Level 1 _identify(assets/vision) by extension 'cmake'
[0.922s] colcon.colcon_core.package_identification Level 1 _identify(assets/vision) by extension 'python'
[0.922s] colcon.colcon_core.package_identification Level 1 _identify(assets/vision) by extensions ['python_setup_py']
[0.923s] colcon.colcon_core.package_identification Level 1 _identify(assets/vision) by extension 'python_setup_py'
[0.923s] colcon.colcon_core.package_identification Level 1 _identify(build) by extensions ['ignore', 'ignore_ament_install']
[0.923s] colcon.colcon_core.package_identification Level 1 _identify(build) by extension 'ignore'
[0.923s] colcon.colcon_core.package_identification Level 1 _identify(build) ignored
[0.923s] colcon.colcon_core.package_identification Level 1 _identify(install) by extensions ['ignore', 'ignore_ament_install']
[0.923s] colcon.colcon_core.package_identification Level 1 _identify(install) by extension 'ignore'
[0.923s] colcon.colcon_core.package_identification Level 1 _identify(install) ignored
[0.924s] colcon.colcon_core.package_identification Level 1 _identify(log) by extensions ['ignore', 'ignore_ament_install']
[0.924s] colcon.colcon_core.package_identification Level 1 _identify(log) by extension 'ignore'
[0.924s] colcon.colcon_core.package_identification Level 1 _identify(log) ignored
[0.924s] colcon.colcon_core.package_identification Level 1 _identify(src) by extensions ['ignore', 'ignore_ament_install']
[0.924s] colcon.colcon_core.package_identification Level 1 _identify(src) by extension 'ignore'
[0.924s] colcon.colcon_core.package_identification Level 1 _identify(src) by extension 'ignore_ament_install'
[0.925s] colcon.colcon_core.package_identification Level 1 _identify(src) by extensions ['colcon_pkg']
[0.925s] colcon.colcon_core.package_identification Level 1 _identify(src) by extension 'colcon_pkg'
[0.925s] colcon.colcon_core.package_identification Level 1 _identify(src) by extensions ['colcon_meta']
[0.925s] colcon.colcon_core.package_identification Level 1 _identify(src) by extension 'colcon_meta'
[0.925s] colcon.colcon_core.package_identification Level 1 _identify(src) by extensions ['ros']
[0.925s] colcon.colcon_core.package_identification Level 1 _identify(src) by extension 'ros'
[0.925s] colcon.colcon_core.package_identification Level 1 _identify(src) by extensions ['cmake', 'python']
[0.925s] colcon.colcon_core.package_identification Level 1 _identify(src) by extension 'cmake'
[0.925s] colcon.colcon_core.package_identification Level 1 _identify(src) by extension 'python'
[0.925s] colcon.colcon_core.package_identification Level 1 _identify(src) by extensions ['python_setup_py']
[0.925s] colcon.colcon_core.package_identification Level 1 _identify(src) by extension 'python_setup_py'
[0.925s] colcon.colcon_core.package_identification Level 1 _identify(src/gps) by extensions ['ignore', 'ignore_ament_install']
[0.926s] colcon.colcon_core.package_identification Level 1 _identify(src/gps) by extension 'ignore'
[0.926s] colcon.colcon_core.package_identification Level 1 _identify(src/gps) by extension 'ignore_ament_install'
[0.926s] colcon.colcon_core.package_identification Level 1 _identify(src/gps) by extensions ['colcon_pkg']
[0.926s] colcon.colcon_core.package_identification Level 1 _identify(src/gps) by extension 'colcon_pkg'
[0.926s] colcon.colcon_core.package_identification Level 1 _identify(src/gps) by extensions ['colcon_meta']
[0.926s] colcon.colcon_core.package_identification Level 1 _identify(src/gps) by extension 'colcon_meta'
[0.926s] colcon.colcon_core.package_identification Level 1 _identify(src/gps) by extensions ['ros']
[0.926s] colcon.colcon_core.package_identification Level 1 _identify(src/gps) by extension 'ros'
[0.930s] colcon.colcon_core.package_identification DEBUG Package 'src/gps' with type 'ros.ament_cmake' and name 'gps'
[0.930s] colcon.colcon_core.package_identification Level 1 _identify(src/vision) by extensions ['ignore', 'ignore_ament_install']
[0.930s] colcon.colcon_core.package_identification Level 1 _identify(src/vision) by extension 'ignore'
[0.930s] colcon.colcon_core.package_identification Level 1 _identify(src/vision) by extension 'ignore_ament_install'
[0.930s] colcon.colcon_core.package_identification Level 1 _identify(src/vision) by extensions ['colcon_pkg']
[0.931s] colcon.colcon_core.package_identification Level 1 _identify(src/vision) by extension 'colcon_pkg'
[0.931s] colcon.colcon_core.package_identification Level 1 _identify(src/vision) by extensions ['colcon_meta']
[0.931s] colcon.colcon_core.package_identification Level 1 _identify(src/vision) by extension 'colcon_meta'
[0.931s] colcon.colcon_core.package_identification Level 1 _identify(src/vision) by extensions ['ros']
[0.931s] colcon.colcon_core.package_identification Level 1 _identify(src/vision) by extension 'ros'
[0.934s] colcon.colcon_core.package_identification DEBUG Package 'src/vision' with type 'ros.ament_python' and name 'vision'
[0.934s] colcon.colcon_core.package_discovery Level 1 discover_packages(recursive) using defaults
[0.934s] colcon.colcon_core.package_discovery Level 1 discover_packages(ignore) discover
[0.934s] colcon.colcon_core.package_discovery Level 1 discover_packages(ignore) using defaults
[0.934s] colcon.colcon_core.package_discovery Level 1 discover_packages(path) discover
[0.934s] colcon.colcon_core.package_discovery Level 1 discover_packages(path) using defaults
[0.960s] colcon.colcon_core.package_selection INFO Skipping not selected package 'vision' in 'src/vision'
[0.961s] colcon.colcon_core.package_discovery Level 1 discover_packages(prefix_path) check parameters
[0.961s] colcon.colcon_core.package_discovery Level 1 discover_packages(prefix_path) discover
[0.964s] colcon.colcon_installed_package_information.package_discovery DEBUG Found 1 installed packages in /home/w/slam_ws/install
[0.965s] colcon.colcon_installed_package_information.package_discovery DEBUG Found 2 installed packages in /home/w/projects/projects/gps_ws/install
[0.966s] colcon.colcon_installed_package_information.package_discovery DEBUG Found 1 installed packages in /home/w/ws_livox/install
[0.968s] colcon.colcon_installed_package_information.package_discovery DEBUG Found 1 installed packages in /home/w/fastlio/install
[0.970s] colcon.colcon_installed_package_information.package_discovery DEBUG Found 297 installed packages in /opt/ros/humble
[0.972s] colcon.colcon_core.package_discovery Level 1 discover_packages(prefix_path) using defaults
[1.051s] colcon.colcon_core.verb Level 5 set package 'gps' build argument 'cmake_args' from command line to 'None'
[1.051s] colcon.colcon_core.verb Level 5 set package 'gps' build argument 'cmake_target' from command line to 'None'
[1.051s] colcon.colcon_core.verb Level 5 set package 'gps' build argument 'cmake_target_skip_unavailable' from command line to 'False'
[1.052s] colcon.colcon_core.verb Level 5 set package 'gps' build argument 'cmake_clean_cache' from command line to 'False'
[1.052s] colcon.colcon_core.verb Level 5 set package 'gps' build argument 'cmake_clean_first' from command line to 'False'
[1.052s] colcon.colcon_core.verb Level 5 set package 'gps' build argument 'cmake_force_configure' from command line to 'False'
[1.052s] colcon.colcon_core.verb Level 5 set package 'gps' build argument 'ament_cmake_args' from command line to 'None'
[1.052s] colcon.colcon_core.verb Level 5 set package 'gps' build argument 'catkin_cmake_args' from command line to 'None'
[1.052s] colcon.colcon_core.verb Level 5 set package 'gps' build argument 'catkin_skip_building_tests' from command line to 'False'
[1.052s] colcon.colcon_core.verb DEBUG Building package 'gps' with the following arguments: {'ament_cmake_args': None, 'build_base': '/home/w/projects/projects/gps_ws/build/gps', 'catkin_cmake_args': None, 'catkin_skip_building_tests': False, 'cmake_args': None, 'cmake_clean_cache': False, 'cmake_clean_first': False, 'cmake_force_configure': False, 'cmake_target': None, 'cmake_target_skip_unavailable': False, 'install_base': '/home/w/projects/projects/gps_ws/install/gps', 'merge_install': False, 'path': '/home/w/projects/projects/gps_ws/src/gps', 'symlink_install': False, 'test_result_base': None}
[1.052s] colcon.colcon_core.executor INFO Executing jobs using 'parallel' executor
[1.053s] colcon.colcon_parallel_executor.executor.parallel DEBUG run_until_complete
[1.053s] colcon.colcon_ros.task.ament_cmake.build INFO Building ROS package in '/home/w/projects/projects/gps_ws/src/gps' with build type 'ament_cmake'
[1.054s] colcon.colcon_cmake.task.cmake.build INFO Building CMake package in '/home/w/projects/projects/gps_ws/src/gps'
[1.057s] colcon.colcon_core.plugin_system INFO Skipping extension 'colcon_core.shell.bat': Not used on non-Windows systems
[1.057s] colcon.colcon_core.shell INFO Skip shell extension 'powershell' for command environment: Not usable outside of PowerShell
[1.058s] colcon.colcon_core.shell DEBUG Skip shell extension 'dsv' for command environment
[1.071s] colcon.colcon_core.event_handler.log_command DEBUG Invoking command in '/home/w/projects/projects/gps_ws/build/gps': CMAKE_PREFIX_PATH=${CMAKE_PREFIX_PATH}:/home/w/projects/projects/gps_ws/install/vision:/opt/ros/humble /usr/bin/cmake --build /home/w/projects/projects/gps_ws/build/gps -- -j8 -l8
[21.036s] colcon.colcon_core.event_handler.log_command DEBUG Invoked command in '/home/w/projects/projects/gps_ws/build/gps' returned '0': CMAKE_PREFIX_PATH=${CMAKE_PREFIX_PATH}:/home/w/projects/projects/gps_ws/install/vision:/opt/ros/humble /usr/bin/cmake --build /home/w/projects/projects/gps_ws/build/gps -- -j8 -l8
[21.045s] colcon.colcon_core.event_handler.log_command DEBUG Invoking command in '/home/w/projects/projects/gps_ws/build/gps': CMAKE_PREFIX_PATH=${CMAKE_PREFIX_PATH}:/home/w/projects/projects/gps_ws/install/vision:/opt/ros/humble /usr/bin/cmake --install /home/w/projects/projects/gps_ws/build/gps
[21.064s] colcon.colcon_core.environment Level 1 create_environment_scripts_only(gps)
[21.065s] colcon.colcon_core.event_handler.log_command DEBUG Invoked command in '/home/w/projects/projects/gps_ws/build/gps' returned '0': CMAKE_PREFIX_PATH=${CMAKE_PREFIX_PATH}:/home/w/projects/projects/gps_ws/install/vision:/opt/ros/humble /usr/bin/cmake --install /home/w/projects/projects/gps_ws/build/gps
[21.070s] colcon.colcon_core.environment Level 1 checking '/home/w/projects/projects/gps_ws/install/gps' for CMake module files
[21.071s] colcon.colcon_core.environment Level 1 checking '/home/w/projects/projects/gps_ws/install/gps' for CMake config files
[21.072s] colcon.colcon_core.shell Level 1 create_environment_hook('gps', 'cmake_prefix_path')
[21.072s] colcon.colcon_core.shell INFO Creating environment hook '/home/w/projects/projects/gps_ws/install/gps/share/gps/hook/cmake_prefix_path.ps1'
[21.072s] colcon.colcon_core.shell INFO Creating environment descriptor '/home/w/projects/projects/gps_ws/install/gps/share/gps/hook/cmake_prefix_path.dsv'
[21.073s] colcon.colcon_core.shell INFO Creating environment hook '/home/w/projects/projects/gps_ws/install/gps/share/gps/hook/cmake_prefix_path.sh'
[21.074s] colcon.colcon_core.environment Level 1 checking '/home/w/projects/projects/gps_ws/install/gps/lib'
[21.074s] colcon.colcon_core.environment Level 1 checking '/home/w/projects/projects/gps_ws/install/gps/bin'
[21.074s] colcon.colcon_core.environment Level 1 checking '/home/w/projects/projects/gps_ws/install/gps/lib/pkgconfig/gps.pc'
[21.075s] colcon.colcon_core.environment Level 1 checking '/home/w/projects/projects/gps_ws/install/gps/lib/python3.10/site-packages'
[21.075s] colcon.colcon_core.environment Level 1 checking '/home/w/projects/projects/gps_ws/install/gps/bin'
[21.075s] colcon.colcon_core.shell INFO Creating package script '/home/w/projects/projects/gps_ws/install/gps/share/gps/package.ps1'
[21.076s] colcon.colcon_core.shell INFO Creating package descriptor '/home/w/projects/projects/gps_ws/install/gps/share/gps/package.dsv'
[21.077s] colcon.colcon_core.shell INFO Creating package script '/home/w/projects/projects/gps_ws/install/gps/share/gps/package.sh'
[21.078s] colcon.colcon_core.shell INFO Creating package script '/home/w/projects/projects/gps_ws/install/gps/share/gps/package.bash'
[21.079s] colcon.colcon_core.shell INFO Creating package script '/home/w/projects/projects/gps_ws/install/gps/share/gps/package.zsh'
[21.080s] colcon.colcon_core.environment Level 1 create_file_with_runtime_dependencies(/home/w/projects/projects/gps_ws/install/gps/share/colcon-core/packages/gps)
[21.081s] colcon.colcon_core.environment Level 1 create_environment_scripts_only(gps)
[21.081s] colcon.colcon_core.environment Level 1 checking '/home/w/projects/projects/gps_ws/install/gps' for CMake module files
[21.082s] colcon.colcon_core.environment Level 1 checking '/home/w/projects/projects/gps_ws/install/gps' for CMake config files
[21.082s] colcon.colcon_core.shell Level 1 create_environment_hook('gps', 'cmake_prefix_path')
[21.082s] colcon.colcon_core.shell INFO Creating environment hook '/home/w/projects/projects/gps_ws/install/gps/share/gps/hook/cmake_prefix_path.ps1'
[21.083s] colcon.colcon_core.shell INFO Creating environment descriptor '/home/w/projects/projects/gps_ws/install/gps/share/gps/hook/cmake_prefix_path.dsv'
[21.083s] colcon.colcon_core.shell INFO Creating environment hook '/home/w/projects/projects/gps_ws/install/gps/share/gps/hook/cmake_prefix_path.sh'
[21.084s] colcon.colcon_core.environment Level 1 checking '/home/w/projects/projects/gps_ws/install/gps/lib'
[21.084s] colcon.colcon_core.environment Level 1 checking '/home/w/projects/projects/gps_ws/install/gps/bin'
[21.084s] colcon.colcon_core.environment Level 1 checking '/home/w/projects/projects/gps_ws/install/gps/lib/pkgconfig/gps.pc'
[21.084s] colcon.colcon_core.environment Level 1 checking '/home/w/projects/projects/gps_ws/install/gps/lib/python3.10/site-packages'
[21.085s] colcon.colcon_core.environment Level 1 checking '/home/w/projects/projects/gps_ws/install/gps/bin'
[21.086s] colcon.colcon_core.shell INFO Creating package script '/home/w/projects/projects/gps_ws/install/gps/share/gps/package.ps1'
[21.086s] colcon.colcon_core.shell INFO Creating package descriptor '/home/w/projects/projects/gps_ws/install/gps/share/gps/package.dsv'
[21.087s] colcon.colcon_core.shell INFO Creating package script '/home/w/projects/projects/gps_ws/install/gps/share/gps/package.sh'
[21.087s] colcon.colcon_core.shell INFO Creating package script '/home/w/projects/projects/gps_ws/install/gps/share/gps/package.bash'
[21.088s] colcon.colcon_core.shell INFO Creating package script '/home/w/projects/projects/gps_ws/install/gps/share/gps/package.zsh'
[21.088s] colcon.colcon_core.environment Level 1 create_file_with_runtime_dependencies(/home/w/projects/projects/gps_ws/install/gps/share/colcon-core/packages/gps)
[21.089s] colcon.colcon_parallel_executor.executor.parallel DEBUG closing loop
[21.089s] colcon.colcon_parallel_executor.executor.parallel DEBUG loop closed
[21.089s] colcon.colcon_parallel_executor.executor.parallel DEBUG run_until_complete finished with '0'
[21.089s] colcon.colcon_core.event_reactor DEBUG joining thread
[21.099s] colcon.colcon_core.plugin_system INFO Skipping extension 'colcon_notification.desktop_notification.terminal_notifier': Not used on non-Darwin systems
[21.099s] colcon.colcon_core.plugin_system INFO Skipping extension 'colcon_notification.desktop_notification.win32': Not used on non-Windows systems
[21.099s] colcon.colcon_notification.desktop_notification INFO Sending desktop notification using 'notify2'
[21.114s] colcon.colcon_core.event_reactor DEBUG joined thread
[21.114s] colcon.colcon_core.shell INFO Creating prefix script '/home/w/projects/projects/gps_ws/install/local_setup.ps1'
[21.116s] colcon.colcon_core.shell INFO Creating prefix util module '/home/w/projects/projects/gps_ws/install/_local_setup_util_ps1.py'
[21.119s] colcon.colcon_core.shell INFO Creating prefix chain script '/home/w/projects/projects/gps_ws/install/setup.ps1'
[21.122s] colcon.colcon_core.shell INFO Creating prefix script '/home/w/projects/projects/gps_ws/install/local_setup.sh'
[21.123s] colcon.colcon_core.shell INFO Creating prefix util module '/home/w/projects/projects/gps_ws/install/_local_setup_util_sh.py'
[21.124s] colcon.colcon_core.shell INFO Creating prefix chain script '/home/w/projects/projects/gps_ws/install/setup.sh'
[21.126s] colcon.colcon_core.shell INFO Creating prefix script '/home/w/projects/projects/gps_ws/install/local_setup.bash'
[21.127s] colcon.colcon_core.shell INFO Creating prefix chain script '/home/w/projects/projects/gps_ws/install/setup.bash'
[21.129s] colcon.colcon_core.shell INFO Creating prefix script '/home/w/projects/projects/gps_ws/install/local_setup.zsh'
[21.130s] colcon.colcon_core.shell INFO Creating prefix chain script '/home/w/projects/projects/gps_ws/install/setup.zsh'
