[1.006s] Invoking command in '/home/w/projects/projects/gps_ws/src/vision': PYTHONPATH=/home/w/projects/projects/gps_ws/build/vision/prefix_override:/usr/lib/python3/dist-packages/colcon_core/task/python/colcon_distutils_commands:/home/w/projects/projects/gps_ws/install/vision/lib/python3.10/site-packages:${PYTHONPATH} /usr/bin/python3 -W ignore:setup.py install is deprecated -W ignore:easy_install command is deprecated setup.py egg_info --egg-base ../../build/vision build --build-base /home/w/projects/projects/gps_ws/build/vision/build install --record /home/w/projects/projects/gps_ws/build/vision/install.log --single-version-externally-managed install_data
[1.399s] running egg_info
[1.400s] writing ../../build/vision/vision.egg-info/PKG-INFO
[1.401s] writing dependency_links to ../../build/vision/vision.egg-info/dependency_links.txt
[1.401s] writing entry points to ../../build/vision/vision.egg-info/entry_points.txt
[1.401s] writing requirements to ../../build/vision/vision.egg-info/requires.txt
[1.401s] writing top-level names to ../../build/vision/vision.egg-info/top_level.txt
[1.404s] reading manifest file '../../build/vision/vision.egg-info/SOURCES.txt'
[1.405s] writing manifest file '../../build/vision/vision.egg-info/SOURCES.txt'
[1.406s] running build
[1.406s] running build_py
[1.406s] running install
[1.407s] running install_lib
[1.408s] running install_data
[1.409s] running install_egg_info
[1.411s] removing '/home/w/projects/projects/gps_ws/install/vision/lib/python3.10/site-packages/vision-0.0.0-py3.10.egg-info' (and everything under it)
[1.411s] Copying ../../build/vision/vision.egg-info to /home/w/projects/projects/gps_ws/install/vision/lib/python3.10/site-packages/vision-0.0.0-py3.10.egg-info
[1.412s] running install_scripts
[1.443s] Installing vision_node script to /home/w/projects/projects/gps_ws/install/vision/lib/vision
[1.443s] writing list of installed files to '/home/w/projects/projects/gps_ws/build/vision/install.log'
[1.474s] Invoked command in '/home/w/projects/projects/gps_ws/src/vision' returned '0': PYTHONPATH=/home/w/projects/projects/gps_ws/build/vision/prefix_override:/usr/lib/python3/dist-packages/colcon_core/task/python/colcon_distutils_commands:/home/w/projects/projects/gps_ws/install/vision/lib/python3.10/site-packages:${PYTHONPATH} /usr/bin/python3 -W ignore:setup.py install is deprecated -W ignore:easy_install command is deprecated setup.py egg_info --egg-base ../../build/vision build --build-base /home/w/projects/projects/gps_ws/build/vision/build install --record /home/w/projects/projects/gps_ws/build/vision/install.log --single-version-externally-managed install_data
