[0.682s] colcon DEBUG Command line arguments: ['/usr/bin/colcon', 'build', '--packages-select', 'gps']
[0.682s] colcon DEBUG Parsed command line arguments: Namespace(log_base=None, log_level=None, verb_name='build', build_base='build', install_base='install', merge_install=False, symlink_install=False, test_result_base=None, continue_on_error=False, executor='parallel', parallel_workers=8, event_handlers=None, ignore_user_meta=False, metas=['./colcon.meta'], base_paths=['.'], packages_ignore=None, packages_ignore_regex=None, paths=None, packages_up_to=None, packages_up_to_regex=None, packages_above=None, packages_above_and_dependencies=None, packages_above_depth=None, packages_select_by_dep=None, packages_skip_by_dep=None, packages_skip_up_to=None, packages_select_build_failed=False, packages_skip_build_finished=False, packages_select_test_failures=False, packages_skip_test_passed=False, packages_select=['gps'], packages_skip=None, packages_select_regex=None, packages_skip_regex=None, packages_start=None, packages_end=None, allow_overriding=[], cmake_args=None, cmake_target=None, cmake_target_skip_unavailable=False, cmake_clean_cache=False, cmake_clean_first=False, cmake_force_configure=False, ament_cmake_args=None, catkin_cmake_args=None, catkin_skip_building_tests=False, mixin_files=None, mixin=None, verb_parser=<colcon_mixin.mixin.mixin_argument.MixinArgumentDecorator object at 0x7c9c5174e560>, verb_extension=<colcon_core.verb.build.BuildVerb object at 0x7c9c51843be0>, main=<bound method BuildVerb.main of <colcon_core.verb.build.BuildVerb object at 0x7c9c51843be0>>, mixin_verb=('build',))
[1.145s] colcon.colcon_core.package_discovery Level 1 discover_packages(colcon_meta) check parameters
[1.145s] colcon.colcon_core.package_discovery Level 1 discover_packages(recursive) check parameters
[1.145s] colcon.colcon_core.package_discovery Level 1 discover_packages(ignore) check parameters
[1.145s] colcon.colcon_core.package_discovery Level 1 discover_packages(path) check parameters
[1.145s] colcon.colcon_core.package_discovery Level 1 discover_packages(colcon_meta) discover
[1.145s] colcon.colcon_core.package_discovery Level 1 discover_packages(recursive) discover
[1.145s] colcon.colcon_core.package_discovery INFO Crawling recursively for packages in '/home/w/projects/projects/gps_ws'
[1.145s] colcon.colcon_core.package_identification Level 1 _identify(.) by extensions ['ignore', 'ignore_ament_install']
[1.145s] colcon.colcon_core.package_identification Level 1 _identify(.) by extension 'ignore'
[1.145s] colcon.colcon_core.package_identification Level 1 _identify(.) by extension 'ignore_ament_install'
[1.146s] colcon.colcon_core.package_identification Level 1 _identify(.) by extensions ['colcon_pkg']
[1.146s] colcon.colcon_core.package_identification Level 1 _identify(.) by extension 'colcon_pkg'
[1.146s] colcon.colcon_core.package_identification Level 1 _identify(.) by extensions ['colcon_meta']
[1.146s] colcon.colcon_core.package_identification Level 1 _identify(.) by extension 'colcon_meta'
[1.146s] colcon.colcon_core.package_identification Level 1 _identify(.) by extensions ['ros']
[1.146s] colcon.colcon_core.package_identification Level 1 _identify(.) by extension 'ros'
[1.206s] colcon.colcon_core.package_identification Level 1 _identify(.) by extensions ['cmake', 'python']
[1.206s] colcon.colcon_core.package_identification Level 1 _identify(.) by extension 'cmake'
[1.206s] colcon.colcon_core.package_identification Level 1 _identify(.) by extension 'python'
[1.206s] colcon.colcon_core.package_identification Level 1 _identify(.) by extensions ['python_setup_py']
[1.206s] colcon.colcon_core.package_identification Level 1 _identify(.) by extension 'python_setup_py'
[1.206s] colcon.colcon_core.package_identification Level 1 _identify(assets) by extensions ['ignore', 'ignore_ament_install']
[1.207s] colcon.colcon_core.package_identification Level 1 _identify(assets) by extension 'ignore'
[1.207s] colcon.colcon_core.package_identification Level 1 _identify(assets) by extension 'ignore_ament_install'
[1.207s] colcon.colcon_core.package_identification Level 1 _identify(assets) by extensions ['colcon_pkg']
[1.207s] colcon.colcon_core.package_identification Level 1 _identify(assets) by extension 'colcon_pkg'
[1.207s] colcon.colcon_core.package_identification Level 1 _identify(assets) by extensions ['colcon_meta']
[1.207s] colcon.colcon_core.package_identification Level 1 _identify(assets) by extension 'colcon_meta'
[1.207s] colcon.colcon_core.package_identification Level 1 _identify(assets) by extensions ['ros']
[1.207s] colcon.colcon_core.package_identification Level 1 _identify(assets) by extension 'ros'
[1.208s] colcon.colcon_core.package_identification Level 1 _identify(assets) by extensions ['cmake', 'python']
[1.208s] colcon.colcon_core.package_identification Level 1 _identify(assets) by extension 'cmake'
[1.208s] colcon.colcon_core.package_identification Level 1 _identify(assets) by extension 'python'
[1.208s] colcon.colcon_core.package_identification Level 1 _identify(assets) by extensions ['python_setup_py']
[1.208s] colcon.colcon_core.package_identification Level 1 _identify(assets) by extension 'python_setup_py'
[1.208s] colcon.colcon_core.package_identification Level 1 _identify(assets/data) by extensions ['ignore', 'ignore_ament_install']
[1.208s] colcon.colcon_core.package_identification Level 1 _identify(assets/data) by extension 'ignore'
[1.208s] colcon.colcon_core.package_identification Level 1 _identify(assets/data) by extension 'ignore_ament_install'
[1.209s] colcon.colcon_core.package_identification Level 1 _identify(assets/data) by extensions ['colcon_pkg']
[1.209s] colcon.colcon_core.package_identification Level 1 _identify(assets/data) by extension 'colcon_pkg'
[1.209s] colcon.colcon_core.package_identification Level 1 _identify(assets/data) by extensions ['colcon_meta']
[1.209s] colcon.colcon_core.package_identification Level 1 _identify(assets/data) by extension 'colcon_meta'
[1.209s] colcon.colcon_core.package_identification Level 1 _identify(assets/data) by extensions ['ros']
[1.209s] colcon.colcon_core.package_identification Level 1 _identify(assets/data) by extension 'ros'
[1.209s] colcon.colcon_core.package_identification Level 1 _identify(assets/data) by extensions ['cmake', 'python']
[1.209s] colcon.colcon_core.package_identification Level 1 _identify(assets/data) by extension 'cmake'
[1.209s] colcon.colcon_core.package_identification Level 1 _identify(assets/data) by extension 'python'
[1.209s] colcon.colcon_core.package_identification Level 1 _identify(assets/data) by extensions ['python_setup_py']
[1.209s] colcon.colcon_core.package_identification Level 1 _identify(assets/data) by extension 'python_setup_py'
[1.209s] colcon.colcon_core.package_identification Level 1 _identify(assets/data/data1) by extensions ['ignore', 'ignore_ament_install']
[1.210s] colcon.colcon_core.package_identification Level 1 _identify(assets/data/data1) by extension 'ignore'
[1.210s] colcon.colcon_core.package_identification Level 1 _identify(assets/data/data1) by extension 'ignore_ament_install'
[1.210s] colcon.colcon_core.package_identification Level 1 _identify(assets/data/data1) by extensions ['colcon_pkg']
[1.210s] colcon.colcon_core.package_identification Level 1 _identify(assets/data/data1) by extension 'colcon_pkg'
[1.210s] colcon.colcon_core.package_identification Level 1 _identify(assets/data/data1) by extensions ['colcon_meta']
[1.210s] colcon.colcon_core.package_identification Level 1 _identify(assets/data/data1) by extension 'colcon_meta'
[1.210s] colcon.colcon_core.package_identification Level 1 _identify(assets/data/data1) by extensions ['ros']
[1.210s] colcon.colcon_core.package_identification Level 1 _identify(assets/data/data1) by extension 'ros'
[1.210s] colcon.colcon_core.package_identification Level 1 _identify(assets/data/data1) by extensions ['cmake', 'python']
[1.210s] colcon.colcon_core.package_identification Level 1 _identify(assets/data/data1) by extension 'cmake'
[1.210s] colcon.colcon_core.package_identification Level 1 _identify(assets/data/data1) by extension 'python'
[1.211s] colcon.colcon_core.package_identification Level 1 _identify(assets/data/data1) by extensions ['python_setup_py']
[1.211s] colcon.colcon_core.package_identification Level 1 _identify(assets/data/data1) by extension 'python_setup_py'
[1.211s] colcon.colcon_core.package_identification Level 1 _identify(assets/data/data2) by extensions ['ignore', 'ignore_ament_install']
[1.211s] colcon.colcon_core.package_identification Level 1 _identify(assets/data/data2) by extension 'ignore'
[1.211s] colcon.colcon_core.package_identification Level 1 _identify(assets/data/data2) by extension 'ignore_ament_install'
[1.211s] colcon.colcon_core.package_identification Level 1 _identify(assets/data/data2) by extensions ['colcon_pkg']
[1.211s] colcon.colcon_core.package_identification Level 1 _identify(assets/data/data2) by extension 'colcon_pkg'
[1.211s] colcon.colcon_core.package_identification Level 1 _identify(assets/data/data2) by extensions ['colcon_meta']
[1.211s] colcon.colcon_core.package_identification Level 1 _identify(assets/data/data2) by extension 'colcon_meta'
[1.211s] colcon.colcon_core.package_identification Level 1 _identify(assets/data/data2) by extensions ['ros']
[1.212s] colcon.colcon_core.package_identification Level 1 _identify(assets/data/data2) by extension 'ros'
[1.212s] colcon.colcon_core.package_identification Level 1 _identify(assets/data/data2) by extensions ['cmake', 'python']
[1.212s] colcon.colcon_core.package_identification Level 1 _identify(assets/data/data2) by extension 'cmake'
[1.212s] colcon.colcon_core.package_identification Level 1 _identify(assets/data/data2) by extension 'python'
[1.212s] colcon.colcon_core.package_identification Level 1 _identify(assets/data/data2) by extensions ['python_setup_py']
[1.212s] colcon.colcon_core.package_identification Level 1 _identify(assets/data/data2) by extension 'python_setup_py'
[1.212s] colcon.colcon_core.package_identification Level 1 _identify(assets/vision) by extensions ['ignore', 'ignore_ament_install']
[1.212s] colcon.colcon_core.package_identification Level 1 _identify(assets/vision) by extension 'ignore'
[1.212s] colcon.colcon_core.package_identification Level 1 _identify(assets/vision) by extension 'ignore_ament_install'
[1.213s] colcon.colcon_core.package_identification Level 1 _identify(assets/vision) by extensions ['colcon_pkg']
[1.213s] colcon.colcon_core.package_identification Level 1 _identify(assets/vision) by extension 'colcon_pkg'
[1.213s] colcon.colcon_core.package_identification Level 1 _identify(assets/vision) by extensions ['colcon_meta']
[1.213s] colcon.colcon_core.package_identification Level 1 _identify(assets/vision) by extension 'colcon_meta'
[1.213s] colcon.colcon_core.package_identification Level 1 _identify(assets/vision) by extensions ['ros']
[1.213s] colcon.colcon_core.package_identification Level 1 _identify(assets/vision) by extension 'ros'
[1.213s] colcon.colcon_core.package_identification Level 1 _identify(assets/vision) by extensions ['cmake', 'python']
[1.213s] colcon.colcon_core.package_identification Level 1 _identify(assets/vision) by extension 'cmake'
[1.213s] colcon.colcon_core.package_identification Level 1 _identify(assets/vision) by extension 'python'
[1.213s] colcon.colcon_core.package_identification Level 1 _identify(assets/vision) by extensions ['python_setup_py']
[1.213s] colcon.colcon_core.package_identification Level 1 _identify(assets/vision) by extension 'python_setup_py'
[1.214s] colcon.colcon_core.package_identification Level 1 _identify(build) by extensions ['ignore', 'ignore_ament_install']
[1.214s] colcon.colcon_core.package_identification Level 1 _identify(build) by extension 'ignore'
[1.214s] colcon.colcon_core.package_identification Level 1 _identify(build) ignored
[1.214s] colcon.colcon_core.package_identification Level 1 _identify(install) by extensions ['ignore', 'ignore_ament_install']
[1.214s] colcon.colcon_core.package_identification Level 1 _identify(install) by extension 'ignore'
[1.214s] colcon.colcon_core.package_identification Level 1 _identify(install) ignored
[1.215s] colcon.colcon_core.package_identification Level 1 _identify(log) by extensions ['ignore', 'ignore_ament_install']
[1.215s] colcon.colcon_core.package_identification Level 1 _identify(log) by extension 'ignore'
[1.215s] colcon.colcon_core.package_identification Level 1 _identify(log) ignored
[1.215s] colcon.colcon_core.package_identification Level 1 _identify(src) by extensions ['ignore', 'ignore_ament_install']
[1.215s] colcon.colcon_core.package_identification Level 1 _identify(src) by extension 'ignore'
[1.215s] colcon.colcon_core.package_identification Level 1 _identify(src) by extension 'ignore_ament_install'
[1.215s] colcon.colcon_core.package_identification Level 1 _identify(src) by extensions ['colcon_pkg']
[1.216s] colcon.colcon_core.package_identification Level 1 _identify(src) by extension 'colcon_pkg'
[1.216s] colcon.colcon_core.package_identification Level 1 _identify(src) by extensions ['colcon_meta']
[1.216s] colcon.colcon_core.package_identification Level 1 _identify(src) by extension 'colcon_meta'
[1.216s] colcon.colcon_core.package_identification Level 1 _identify(src) by extensions ['ros']
[1.216s] colcon.colcon_core.package_identification Level 1 _identify(src) by extension 'ros'
[1.216s] colcon.colcon_core.package_identification Level 1 _identify(src) by extensions ['cmake', 'python']
[1.216s] colcon.colcon_core.package_identification Level 1 _identify(src) by extension 'cmake'
[1.216s] colcon.colcon_core.package_identification Level 1 _identify(src) by extension 'python'
[1.216s] colcon.colcon_core.package_identification Level 1 _identify(src) by extensions ['python_setup_py']
[1.216s] colcon.colcon_core.package_identification Level 1 _identify(src) by extension 'python_setup_py'
[1.217s] colcon.colcon_core.package_identification Level 1 _identify(src/gps) by extensions ['ignore', 'ignore_ament_install']
[1.217s] colcon.colcon_core.package_identification Level 1 _identify(src/gps) by extension 'ignore'
[1.217s] colcon.colcon_core.package_identification Level 1 _identify(src/gps) by extension 'ignore_ament_install'
[1.217s] colcon.colcon_core.package_identification Level 1 _identify(src/gps) by extensions ['colcon_pkg']
[1.217s] colcon.colcon_core.package_identification Level 1 _identify(src/gps) by extension 'colcon_pkg'
[1.217s] colcon.colcon_core.package_identification Level 1 _identify(src/gps) by extensions ['colcon_meta']
[1.217s] colcon.colcon_core.package_identification Level 1 _identify(src/gps) by extension 'colcon_meta'
[1.218s] colcon.colcon_core.package_identification Level 1 _identify(src/gps) by extensions ['ros']
[1.218s] colcon.colcon_core.package_identification Level 1 _identify(src/gps) by extension 'ros'
[1.224s] colcon.colcon_core.package_identification DEBUG Package 'src/gps' with type 'ros.ament_cmake' and name 'gps'
[1.225s] colcon.colcon_core.package_identification Level 1 _identify(src/vision) by extensions ['ignore', 'ignore_ament_install']
[1.225s] colcon.colcon_core.package_identification Level 1 _identify(src/vision) by extension 'ignore'
[1.225s] colcon.colcon_core.package_identification Level 1 _identify(src/vision) by extension 'ignore_ament_install'
[1.225s] colcon.colcon_core.package_identification Level 1 _identify(src/vision) by extensions ['colcon_pkg']
[1.225s] colcon.colcon_core.package_identification Level 1 _identify(src/vision) by extension 'colcon_pkg'
[1.225s] colcon.colcon_core.package_identification Level 1 _identify(src/vision) by extensions ['colcon_meta']
[1.225s] colcon.colcon_core.package_identification Level 1 _identify(src/vision) by extension 'colcon_meta'
[1.225s] colcon.colcon_core.package_identification Level 1 _identify(src/vision) by extensions ['ros']
[1.225s] colcon.colcon_core.package_identification Level 1 _identify(src/vision) by extension 'ros'
[1.228s] colcon.colcon_core.package_identification DEBUG Package 'src/vision' with type 'ros.ament_python' and name 'vision'
[1.228s] colcon.colcon_core.package_discovery Level 1 discover_packages(recursive) using defaults
[1.229s] colcon.colcon_core.package_discovery Level 1 discover_packages(ignore) discover
[1.229s] colcon.colcon_core.package_discovery Level 1 discover_packages(ignore) using defaults
[1.229s] colcon.colcon_core.package_discovery Level 1 discover_packages(path) discover
[1.229s] colcon.colcon_core.package_discovery Level 1 discover_packages(path) using defaults
[1.265s] colcon.colcon_core.package_selection INFO Skipping not selected package 'vision' in 'src/vision'
[1.266s] colcon.colcon_core.package_discovery Level 1 discover_packages(prefix_path) check parameters
[1.266s] colcon.colcon_core.package_discovery Level 1 discover_packages(prefix_path) discover
[1.274s] colcon.colcon_installed_package_information.package_discovery DEBUG Found 1 installed packages in /home/w/slam_ws/install
[1.275s] colcon.colcon_installed_package_information.package_discovery DEBUG Found 2 installed packages in /home/w/projects/projects/gps_ws/install
[1.276s] colcon.colcon_installed_package_information.package_discovery DEBUG Found 1 installed packages in /home/w/ws_livox/install
[1.277s] colcon.colcon_installed_package_information.package_discovery DEBUG Found 1 installed packages in /home/w/fastlio/install
[1.280s] colcon.colcon_installed_package_information.package_discovery DEBUG Found 297 installed packages in /opt/ros/humble
[1.282s] colcon.colcon_core.package_discovery Level 1 discover_packages(prefix_path) using defaults
[1.395s] colcon.colcon_core.verb Level 5 set package 'gps' build argument 'cmake_args' from command line to 'None'
[1.396s] colcon.colcon_core.verb Level 5 set package 'gps' build argument 'cmake_target' from command line to 'None'
[1.396s] colcon.colcon_core.verb Level 5 set package 'gps' build argument 'cmake_target_skip_unavailable' from command line to 'False'
[1.396s] colcon.colcon_core.verb Level 5 set package 'gps' build argument 'cmake_clean_cache' from command line to 'False'
[1.396s] colcon.colcon_core.verb Level 5 set package 'gps' build argument 'cmake_clean_first' from command line to 'False'
[1.396s] colcon.colcon_core.verb Level 5 set package 'gps' build argument 'cmake_force_configure' from command line to 'False'
[1.396s] colcon.colcon_core.verb Level 5 set package 'gps' build argument 'ament_cmake_args' from command line to 'None'
[1.396s] colcon.colcon_core.verb Level 5 set package 'gps' build argument 'catkin_cmake_args' from command line to 'None'
[1.396s] colcon.colcon_core.verb Level 5 set package 'gps' build argument 'catkin_skip_building_tests' from command line to 'False'
[1.396s] colcon.colcon_core.verb DEBUG Building package 'gps' with the following arguments: {'ament_cmake_args': None, 'build_base': '/home/w/projects/projects/gps_ws/build/gps', 'catkin_cmake_args': None, 'catkin_skip_building_tests': False, 'cmake_args': None, 'cmake_clean_cache': False, 'cmake_clean_first': False, 'cmake_force_configure': False, 'cmake_target': None, 'cmake_target_skip_unavailable': False, 'install_base': '/home/w/projects/projects/gps_ws/install/gps', 'merge_install': False, 'path': '/home/w/projects/projects/gps_ws/src/gps', 'symlink_install': False, 'test_result_base': None}
[1.396s] colcon.colcon_core.executor INFO Executing jobs using 'parallel' executor
[1.401s] colcon.colcon_parallel_executor.executor.parallel DEBUG run_until_complete
[1.401s] colcon.colcon_ros.task.ament_cmake.build INFO Building ROS package in '/home/w/projects/projects/gps_ws/src/gps' with build type 'ament_cmake'
[1.402s] colcon.colcon_cmake.task.cmake.build INFO Building CMake package in '/home/w/projects/projects/gps_ws/src/gps'
[1.421s] colcon.colcon_core.plugin_system INFO Skipping extension 'colcon_core.shell.bat': Not used on non-Windows systems
[1.421s] colcon.colcon_core.shell INFO Skip shell extension 'powershell' for command environment: Not usable outside of PowerShell
[1.421s] colcon.colcon_core.shell DEBUG Skip shell extension 'dsv' for command environment
[1.437s] colcon.colcon_core.event_handler.log_command DEBUG Invoking command in '/home/w/projects/projects/gps_ws/build/gps': CMAKE_PREFIX_PATH=${CMAKE_PREFIX_PATH}:/home/w/projects/projects/gps_ws/install/vision:/opt/ros/humble /usr/bin/cmake --build /home/w/projects/projects/gps_ws/build/gps -- -j8 -l8
[2.594s] colcon.colcon_core.event_handler.log_command DEBUG Invoked command in '/home/w/projects/projects/gps_ws/build/gps' returned '0': CMAKE_PREFIX_PATH=${CMAKE_PREFIX_PATH}:/home/w/projects/projects/gps_ws/install/vision:/opt/ros/humble /usr/bin/cmake --build /home/w/projects/projects/gps_ws/build/gps -- -j8 -l8
[2.602s] colcon.colcon_core.event_handler.log_command DEBUG Invoking command in '/home/w/projects/projects/gps_ws/build/gps': CMAKE_PREFIX_PATH=${CMAKE_PREFIX_PATH}:/home/w/projects/projects/gps_ws/install/vision:/opt/ros/humble /usr/bin/cmake --install /home/w/projects/projects/gps_ws/build/gps
[2.623s] colcon.colcon_core.environment Level 1 create_environment_scripts_only(gps)
[2.624s] colcon.colcon_core.event_handler.log_command DEBUG Invoked command in '/home/w/projects/projects/gps_ws/build/gps' returned '0': CMAKE_PREFIX_PATH=${CMAKE_PREFIX_PATH}:/home/w/projects/projects/gps_ws/install/vision:/opt/ros/humble /usr/bin/cmake --install /home/w/projects/projects/gps_ws/build/gps
[2.630s] colcon.colcon_core.environment Level 1 checking '/home/w/projects/projects/gps_ws/install/gps' for CMake module files
[2.630s] colcon.colcon_core.environment Level 1 checking '/home/w/projects/projects/gps_ws/install/gps' for CMake config files
[2.631s] colcon.colcon_core.shell Level 1 create_environment_hook('gps', 'cmake_prefix_path')
[2.631s] colcon.colcon_core.shell INFO Creating environment hook '/home/w/projects/projects/gps_ws/install/gps/share/gps/hook/cmake_prefix_path.ps1'
[2.632s] colcon.colcon_core.shell INFO Creating environment descriptor '/home/w/projects/projects/gps_ws/install/gps/share/gps/hook/cmake_prefix_path.dsv'
[2.633s] colcon.colcon_core.shell INFO Creating environment hook '/home/w/projects/projects/gps_ws/install/gps/share/gps/hook/cmake_prefix_path.sh'
[2.635s] colcon.colcon_core.environment Level 1 checking '/home/w/projects/projects/gps_ws/install/gps/lib'
[2.635s] colcon.colcon_core.environment Level 1 checking '/home/w/projects/projects/gps_ws/install/gps/bin'
[2.636s] colcon.colcon_core.environment Level 1 checking '/home/w/projects/projects/gps_ws/install/gps/lib/pkgconfig/gps.pc'
[2.636s] colcon.colcon_core.environment Level 1 checking '/home/w/projects/projects/gps_ws/install/gps/lib/python3.10/site-packages'
[2.637s] colcon.colcon_core.environment Level 1 checking '/home/w/projects/projects/gps_ws/install/gps/bin'
[2.637s] colcon.colcon_core.shell INFO Creating package script '/home/w/projects/projects/gps_ws/install/gps/share/gps/package.ps1'
[2.639s] colcon.colcon_core.shell INFO Creating package descriptor '/home/w/projects/projects/gps_ws/install/gps/share/gps/package.dsv'
[2.640s] colcon.colcon_core.shell INFO Creating package script '/home/w/projects/projects/gps_ws/install/gps/share/gps/package.sh'
[2.641s] colcon.colcon_core.shell INFO Creating package script '/home/w/projects/projects/gps_ws/install/gps/share/gps/package.bash'
[2.642s] colcon.colcon_core.shell INFO Creating package script '/home/w/projects/projects/gps_ws/install/gps/share/gps/package.zsh'
[2.643s] colcon.colcon_core.environment Level 1 create_file_with_runtime_dependencies(/home/w/projects/projects/gps_ws/install/gps/share/colcon-core/packages/gps)
[2.644s] colcon.colcon_core.environment Level 1 create_environment_scripts_only(gps)
[2.645s] colcon.colcon_core.environment Level 1 checking '/home/w/projects/projects/gps_ws/install/gps' for CMake module files
[2.645s] colcon.colcon_core.environment Level 1 checking '/home/w/projects/projects/gps_ws/install/gps' for CMake config files
[2.646s] colcon.colcon_core.shell Level 1 create_environment_hook('gps', 'cmake_prefix_path')
[2.646s] colcon.colcon_core.shell INFO Creating environment hook '/home/w/projects/projects/gps_ws/install/gps/share/gps/hook/cmake_prefix_path.ps1'
[2.646s] colcon.colcon_core.shell INFO Creating environment descriptor '/home/w/projects/projects/gps_ws/install/gps/share/gps/hook/cmake_prefix_path.dsv'
[2.647s] colcon.colcon_core.shell INFO Creating environment hook '/home/w/projects/projects/gps_ws/install/gps/share/gps/hook/cmake_prefix_path.sh'
[2.648s] colcon.colcon_core.environment Level 1 checking '/home/w/projects/projects/gps_ws/install/gps/lib'
[2.648s] colcon.colcon_core.environment Level 1 checking '/home/w/projects/projects/gps_ws/install/gps/bin'
[2.648s] colcon.colcon_core.environment Level 1 checking '/home/w/projects/projects/gps_ws/install/gps/lib/pkgconfig/gps.pc'
[2.648s] colcon.colcon_core.environment Level 1 checking '/home/w/projects/projects/gps_ws/install/gps/lib/python3.10/site-packages'
[2.649s] colcon.colcon_core.environment Level 1 checking '/home/w/projects/projects/gps_ws/install/gps/bin'
[2.649s] colcon.colcon_core.shell INFO Creating package script '/home/w/projects/projects/gps_ws/install/gps/share/gps/package.ps1'
[2.650s] colcon.colcon_core.shell INFO Creating package descriptor '/home/w/projects/projects/gps_ws/install/gps/share/gps/package.dsv'
[2.651s] colcon.colcon_core.shell INFO Creating package script '/home/w/projects/projects/gps_ws/install/gps/share/gps/package.sh'
[2.651s] colcon.colcon_core.shell INFO Creating package script '/home/w/projects/projects/gps_ws/install/gps/share/gps/package.bash'
[2.652s] colcon.colcon_core.shell INFO Creating package script '/home/w/projects/projects/gps_ws/install/gps/share/gps/package.zsh'
[2.652s] colcon.colcon_core.environment Level 1 create_file_with_runtime_dependencies(/home/w/projects/projects/gps_ws/install/gps/share/colcon-core/packages/gps)
[2.653s] colcon.colcon_parallel_executor.executor.parallel DEBUG closing loop
[2.653s] colcon.colcon_parallel_executor.executor.parallel DEBUG loop closed
[2.653s] colcon.colcon_parallel_executor.executor.parallel DEBUG run_until_complete finished with '0'
[2.653s] colcon.colcon_core.event_reactor DEBUG joining thread
[2.665s] colcon.colcon_core.plugin_system INFO Skipping extension 'colcon_notification.desktop_notification.terminal_notifier': Not used on non-Darwin systems
[2.665s] colcon.colcon_core.plugin_system INFO Skipping extension 'colcon_notification.desktop_notification.win32': Not used on non-Windows systems
[2.665s] colcon.colcon_notification.desktop_notification INFO Sending desktop notification using 'notify2'
[2.682s] colcon.colcon_core.event_reactor DEBUG joined thread
[2.683s] colcon.colcon_core.shell INFO Creating prefix script '/home/w/projects/projects/gps_ws/install/local_setup.ps1'
[2.684s] colcon.colcon_core.shell INFO Creating prefix util module '/home/w/projects/projects/gps_ws/install/_local_setup_util_ps1.py'
[2.688s] colcon.colcon_core.shell INFO Creating prefix chain script '/home/w/projects/projects/gps_ws/install/setup.ps1'
[2.690s] colcon.colcon_core.shell INFO Creating prefix script '/home/w/projects/projects/gps_ws/install/local_setup.sh'
[2.691s] colcon.colcon_core.shell INFO Creating prefix util module '/home/w/projects/projects/gps_ws/install/_local_setup_util_sh.py'
[2.692s] colcon.colcon_core.shell INFO Creating prefix chain script '/home/w/projects/projects/gps_ws/install/setup.sh'
[2.694s] colcon.colcon_core.shell INFO Creating prefix script '/home/w/projects/projects/gps_ws/install/local_setup.bash'
[2.695s] colcon.colcon_core.shell INFO Creating prefix chain script '/home/w/projects/projects/gps_ws/install/setup.bash'
[2.697s] colcon.colcon_core.shell INFO Creating prefix script '/home/w/projects/projects/gps_ws/install/local_setup.zsh'
[2.698s] colcon.colcon_core.shell INFO Creating prefix chain script '/home/w/projects/projects/gps_ws/install/setup.zsh'
