[0.413s] Invoking command in '/home/w/projects/projects/gps_ws/src/vision': PYTHONPATH=/home/w/projects/projects/gps_ws/build/vision/prefix_override:/usr/lib/python3/dist-packages/colcon_core/task/python/colcon_distutils_commands:/home/w/projects/projects/gps_ws/install/vision/lib/python3.10/site-packages:${PYTHONPATH} /usr/bin/python3 -W ignore:setup.py install is deprecated -W ignore:easy_install command is deprecated setup.py egg_info --egg-base ../../build/vision build --build-base /home/w/projects/projects/gps_ws/build/vision/build install --record /home/w/projects/projects/gps_ws/build/vision/install.log --single-version-externally-managed install_data
[0.584s] running egg_info
[0.584s] writing ../../build/vision/vision.egg-info/PKG-INFO
[0.584s] writing dependency_links to ../../build/vision/vision.egg-info/dependency_links.txt
[0.584s] writing entry points to ../../build/vision/vision.egg-info/entry_points.txt
[0.584s] writing requirements to ../../build/vision/vision.egg-info/requires.txt
[0.584s] writing top-level names to ../../build/vision/vision.egg-info/top_level.txt
[0.585s] reading manifest file '../../build/vision/vision.egg-info/SOURCES.txt'
[0.586s] writing manifest file '../../build/vision/vision.egg-info/SOURCES.txt'
[0.586s] running build
[0.586s] running build_py
[0.586s] running install
[0.586s] running install_lib
[0.587s] running install_data
[0.587s] running install_egg_info
[0.588s] removing '/home/w/projects/projects/gps_ws/install/vision/lib/python3.10/site-packages/vision-0.0.0-py3.10.egg-info' (and everything under it)
[0.589s] Copying ../../build/vision/vision.egg-info to /home/w/projects/projects/gps_ws/install/vision/lib/python3.10/site-packages/vision-0.0.0-py3.10.egg-info
[0.589s] running install_scripts
[0.602s] Installing vision_node script to /home/w/projects/projects/gps_ws/install/vision/lib/vision
[0.603s] writing list of installed files to '/home/w/projects/projects/gps_ws/build/vision/install.log'
[0.619s] Invoked command in '/home/w/projects/projects/gps_ws/src/vision' returned '0': PYTHONPATH=/home/w/projects/projects/gps_ws/build/vision/prefix_override:/usr/lib/python3/dist-packages/colcon_core/task/python/colcon_distutils_commands:/home/w/projects/projects/gps_ws/install/vision/lib/python3.10/site-packages:${PYTHONPATH} /usr/bin/python3 -W ignore:setup.py install is deprecated -W ignore:easy_install command is deprecated setup.py egg_info --egg-base ../../build/vision build --build-base /home/w/projects/projects/gps_ws/build/vision/build install --record /home/w/projects/projects/gps_ws/build/vision/install.log --single-version-externally-managed install_data
