[ 50%] Built target SerialPort
[ 75%] [32mBuilding CXX object CMakeFiles/gps_node.dir/src/gps_node.cpp.o[0m
In file included from [01m[K/home/w/projects/projects/gps_ws/src/gps/src/gps_node.cpp:8[m[K:
[01m[K/home/w/projects/projects/gps_ws/src/gps/src/map/map.h:24:14:[m[K [01;31m[Kerror: [m[K‘[01m[KNORMAL[m[K’ conflicts with a previous declaration
   24 |     NORMAL = [01;31m[K0[m[K,
      |              [01;31m[K^[m[K
[01m[K/home/w/projects/projects/gps_ws/src/gps/src/map/map.h:19:5:[m[K [01;36m[Knote: [m[Kprevious declaration ‘[01m[Kup_signal NORMAL[m[K’
   19 |     [01;36m[KNORMAL[m[K = 0,
      |     [01;36m[K^~~~~~[m[K
[01m[K/home/w/projects/projects/gps_ws/src/gps/src/gps_node.cpp:29:82:[m[K [01;31m[Kerror: [m[Kexpected primary-expression before ‘[01m[K,[m[K’ token
   29 | inline constexpr Pose2D kGrip{0x0f, 0, 0, 0, pn_signal::POS, grip_signal::LOOSE, [01;31m[K,[m[Kturn90_signal::NONE};
      |                                                                                  [01;31m[K^[m[K
[01m[K/home/w/projects/projects/gps_ws/src/gps/src/gps_node.cpp:29:83:[m[K [01;31m[Kerror: [m[K‘[01m[Kturn90_signal[m[K’ has not been declared
   29 | inline constexpr Pose2D kGrip{0x0f, 0, 0, 0, pn_signal::POS, grip_signal::LOOSE, ,[01;31m[Kturn90_signal[m[K::NONE};
      |                                                                                   [01;31m[K^~~~~~~~~~~~~[m[K
[01m[K/home/w/projects/projects/gps_ws/src/gps/src/gps_node.cpp:30:81:[m[K [01;31m[Kerror: [m[K‘[01m[KNORMAL[m[K’ is not a member of ‘[01m[Kgrip_signal[m[K’
   30 | inline constexpr Pose2D kTurn90Left{0x0f, 0, 0, 0, pn_signal::POS, grip_signal::[01;31m[KNORMAL[m[K, grip_param::LOOSE,turn90_signal::TURN_90};
      |                                                                                 [01;31m[K^~~~~~[m[K
[01m[K/home/w/projects/projects/gps_ws/src/gps/src/gps_node.cpp:30:89:[m[K [01;31m[Kerror: [m[K‘[01m[Kgrip_param[m[K’ has not been declared
   30 | inline constexpr Pose2D kTurn90Left{0x0f, 0, 0, 0, pn_signal::POS, grip_signal::NORMAL, [01;31m[Kgrip_param[m[K::LOOSE,turn90_signal::TURN_90};
      |                                                                                         [01;31m[K^~~~~~~~~~[m[K
[01m[K/home/w/projects/projects/gps_ws/src/gps/src/gps_node.cpp:30:107:[m[K [01;31m[Kerror: [m[K‘[01m[Kturn90_signal[m[K’ has not been declared
   30 | inline constexpr Pose2D kTurn90Left{0x0f, 0, 0, 0, pn_signal::POS, grip_signal::NORMAL, grip_param::LOOSE,[01;31m[Kturn90_signal[m[K::TURN_90};
      |                                                                                                           [01;31m[K^~~~~~~~~~~~~[m[K
[01m[K/home/w/projects/projects/gps_ws/src/gps/src/gps_node.cpp:31:82:[m[K [01;31m[Kerror: [m[K‘[01m[KNORMAL[m[K’ is not a member of ‘[01m[Kgrip_signal[m[K’
   31 | inline constexpr Pose2D kTurn90Right{0x0f, 0, 0, 0, pn_signal::NEG, grip_signal::[01;31m[KNORMAL[m[K, grip_param::LOOSE,turn90_signal::TURN_90};
      |                                                                                  [01;31m[K^~~~~~[m[K
[01m[K/home/w/projects/projects/gps_ws/src/gps/src/gps_node.cpp:31:90:[m[K [01;31m[Kerror: [m[K‘[01m[Kgrip_param[m[K’ has not been declared
   31 | inline constexpr Pose2D kTurn90Right{0x0f, 0, 0, 0, pn_signal::NEG, grip_signal::NORMAL, [01;31m[Kgrip_param[m[K::LOOSE,turn90_signal::TURN_90};
      |                                                                                          [01;31m[K^~~~~~~~~~[m[K
[01m[K/home/w/projects/projects/gps_ws/src/gps/src/gps_node.cpp:31:108:[m[K [01;31m[Kerror: [m[K‘[01m[Kturn90_signal[m[K’ has not been declared
   31 | inline constexpr Pose2D kTurn90Right{0x0f, 0, 0, 0, pn_signal::NEG, grip_signal::NORMAL, grip_param::LOOSE,[01;31m[Kturn90_signal[m[K::TURN_90};
      |                                                                                                            [01;31m[K^~~~~~~~~~~~~[m[K
[01m[K/home/w/projects/projects/gps_ws/src/gps/src/gps_node.cpp:560:20:[m[K [01;31m[Kerror: [m[K‘[01m[KBT::NodeStatus MoveToLocationUP::driveToTarget(float, MoveToLocation::Phase)[m[K’ marked ‘[01m[Koverride[m[K’, but does not override
  560 |     BT::NodeStatus [01;31m[KdriveToTarget[m[K(float distance ,Phase next) override
      |                    [01;31m[K^~~~~~~~~~~~~[m[K
[01m[K/home/w/projects/projects/gps_ws/src/gps/src/gps_node.cpp:584:2:[m[K [01;31m[Kerror: [m[Kexpected ‘[01m[K;[m[K’ after class definition
  584 | }
      |  [01;31m[K^[m[K
      |  [32m[K;[m[K
In file included from [01m[K/usr/include/c++/11/memory:76[m[K,
                 from [01m[K/opt/ros/humble/include/behaviortree_cpp/contrib/expected.hpp:259[m[K,
                 from [01m[K/opt/ros/humble/include/behaviortree_cpp/basic_types.h:3[m[K,
                 from [01m[K/opt/ros/humble/include/behaviortree_cpp/tree_node.h:16[m[K,
                 from [01m[K/opt/ros/humble/include/behaviortree_cpp/leaf_node.h:17[m[K,
                 from [01m[K/opt/ros/humble/include/behaviortree_cpp/action_node.h:17[m[K,
                 from [01m[K/opt/ros/humble/include/behaviortree_cpp/behavior_tree.h:16[m[K,
                 from [01m[K/opt/ros/humble/include/behaviortree_cpp/bt_factory.h:17[m[K,
                 from [01m[K/home/w/projects/projects/gps_ws/src/gps/src/gps_node.cpp:1[m[K:
/usr/include/c++/11/bits/unique_ptr.h: In instantiation of ‘[01m[Ktypename std::_MakeUniq<_Tp>::__single_object std::make_unique(_Args&& ...) [with _Tp = MoveToLocationUP; _Args = {const std::__cxx11::basic_string<char, std::char_traits<char>, std::allocator<char> >&, const BT::NodeConfig&, const std::shared_ptr<AppContext>&}; typename std::_MakeUniq<_Tp>::__single_object = std::unique_ptr<MoveToLocationUP, std::default_delete<MoveToLocationUP> >][m[K’:
[01m[K/home/w/projects/projects/gps_ws/src/gps/src/gps_node.cpp:887:54:[m[K   required from here
[01m[K/usr/include/c++/11/bits/unique_ptr.h:962:30:[m[K [01;31m[Kerror: [m[Kno matching function for call to ‘[01m[KMoveToLocationUP::MoveToLocationUP(const std::__cxx11::basic_string<char>&, const BT::NodeConfig&, const std::shared_ptr<AppContext>&)[m[K’
  962 |     { return unique_ptr<_Tp>([01;31m[Knew _Tp(std::forward<_Args>(__args)...)[m[K); }
      |                              [01;31m[K^~~~~~~~~~~~~~~~~~~~~~~~~~~~~~~~~~~~~~~[m[K
[01m[K/home/w/projects/projects/gps_ws/src/gps/src/gps_node.cpp:557:7:[m[K [01;36m[Knote: [m[Kcandidate: ‘[01m[KMoveToLocationUP::MoveToLocationUP()[m[K’ (deleted)
  557 | class [01;36m[KMoveToLocationUP[m[K: public MoveToLocation
      |       [01;36m[K^~~~~~~~~~~~~~~~[m[K
[01m[K/home/w/projects/projects/gps_ws/src/gps/src/gps_node.cpp:557:7:[m[K [01;36m[Knote: [m[K  candidate expects 0 arguments, 3 provided
[01m[K/home/w/projects/projects/gps_ws/src/gps/src/gps_node.cpp:557:7:[m[K [01;36m[Knote: [m[Kcandidate: ‘[01m[KMoveToLocationUP::MoveToLocationUP(const MoveToLocationUP&)[m[K’ (deleted)
[01m[K/home/w/projects/projects/gps_ws/src/gps/src/gps_node.cpp:557:7:[m[K [01;36m[Knote: [m[K  candidate expects 1 argument, 3 provided
[01m[K/home/w/projects/projects/gps_ws/src/gps/src/gps_node.cpp:557:7:[m[K [01;36m[Knote: [m[Kcandidate: ‘[01m[KMoveToLocationUP::MoveToLocationUP(MoveToLocationUP&&)[m[K’ (deleted)
[01m[K/home/w/projects/projects/gps_ws/src/gps/src/gps_node.cpp:557:7:[m[K [01;36m[Knote: [m[K  candidate expects 1 argument, 3 provided
gmake[2]: *** [CMakeFiles/gps_node.dir/build.make:79: CMakeFiles/gps_node.dir/src/gps_node.cpp.o] Error 1
gmake[1]: *** [CMakeFiles/Makefile2:188: CMakeFiles/gps_node.dir/all] Error 2
gmake: *** [Makefile:146: all] Error 2
